
Thanks for using JUnit! Support its development at https://junit.org/sponsoring

[36m╷[0m
[36m├─[0m [36mJUnit Jupiter[0m [32m✔[0m
[36m│  ├─[0m [36mBirchBoleteTest[0m [32m✔[0m
[36m│  │  ├─[0m [34mtestSticksDay()[0m [32m✔[0m
[36m│  │  └─[0m [34mtestFlavourDay()[0m [32m✔[0m
[36m│  ├─[0m [36mTreeEarTest[0m [32m✔[0m
[36m│  │  ├─[0m [34mtestSticksDay()[0m [32m✔[0m
[36m│  │  └─[0m [34mtestFlavourDay()[0m [32m✔[0m
[36m│  ├─[0m [36mShiitakeTest[0m [32m✔[0m
[36m│  │  ├─[0m [34mtestSticksDay()[0m [32m✔[0m
[36m│  │  └─[0m [34mtestFlavourDay()[0m [32m✔[0m
[36m│  ├─[0m [36mHenOfWoodsTest[0m [32m✔[0m
[36m│  │  ├─[0m [34mtestSticksDay()[0m [32m✔[0m
[36m│  │  └─[0m [34mtestFlavourDay()[0m [32m✔[0m
[36m│  ├─[0m [36mPorciniTest[0m [32m✔[0m
[36m│  │  ├─[0m [34mtestSticksDay()[0m [32m✔[0m
[36m│  │  └─[0m [34mtestFlavourDay()[0m [32m✔[0m
[36m│  ├─[0m [36mPlayerTest[0m [32m✔[0m
[36m│  │  ├─[0m [36msellMushrooms1Night(String)[0m [32m✔[0m
[36m│  │  │  ├─[0m [31m[1] hen of woods[0m [31m✘[0m [31mIndex 0 out of bounds for length 0[0m
[36m│  │  │  ├─[0m [31m[2] birch bolete[0m [31m✘[0m [31mIndex 0 out of bounds for length 0[0m
[36m│  │  │  └─[0m [31m[3] porcini[0m [31m✘[0m [31mIndex 0 out of bounds for length 0[0m
[36m│  │  ├─[0m [31mcookMushroomsCiderandButterNotEnough()[0m [31m✘[0m [31mIndex 0 out of bounds for length 0[0m
[36m│  │  ├─[0m [31mcookMushroomsEnoughPanonHandScoreBB_NoPan()[0m [31m✘[0m [31mIndex 0 out of bounds for length 0[0m
[36m│  │  ├─[0m [31mcookNightMushrooms2DNonEd()[0m [31m✘[0m [31mIndex 0 out of bounds for length 0[0m
[36m│  │  ├─[0m [31mcookMushroomsCiderandButterScore()[0m [31m✘[0m [31mIndex 0 out of bounds for length 0[0m
[36m│  │  ├─[0m [31mpanDown_twoPans()[0m [31m✘[0m [31mIndex 0 out of bounds for length 0[0m
[36m│  │  ├─[0m [31mcookNightMushrooms1NonEd()[0m [31m✘[0m [31mIndex 0 out of bounds for length 0[0m
[36m│  │  ├─[0m [31mcookNightMushrooms2NonEd()[0m [31m✘[0m [31mIndex 0 out of bounds for length 0[0m
[36m│  │  ├─[0m [31mcookNightMushrooms1noPan()[0m [31m✘[0m [31mIndex 0 out of bounds for length 0[0m
[36m│  │  ├─[0m [36msellMushrooms(String)[0m [32m✔[0m
[36m│  │  │  ├─[0m [31m[1] henofwoods[0m [31m✘[0m [31mIndex 0 out of bounds for length 0[0m
[36m│  │  │  ├─[0m [31m[2] birchbolete[0m [31m✘[0m [31mIndex 0 out of bounds for length 0[0m
[36m│  │  │  ├─[0m [31m[3] porcini[0m [31m✘[0m [31mIndex 0 out of bounds for length 0[0m
[36m│  │  │  └─[0m [31m[4] morel[0m [31m✘[0m [31mIndex 0 out of bounds for length 0[0m
[36m│  │  ├─[0m [31mcookNightMushrooms2noPan()[0m [31m✘[0m [31mIndex 0 out of bounds for length 0[0m
[36m│  │  ├─[0m [31mcookMushroomsNotEnough2withPanonD()[0m [31m✘[0m [31mIndex 0 out of bounds for length 0[0m
[36m│  │  ├─[0m [31mcookMushroomsNotEnough2withPanonH()[0m [31m✘[0m [31mIndex 0 out of bounds for length 0[0m
[36m│  │  ├─[0m [36mtakeFromForest_17_checkhandmaxsize_basket(int)[0m [32m✔[0m
[36m│  │  │  ├─[0m [31m[1] 1[0m [31m✘[0m [31mIndex 0 out of bounds for length 0[0m
[36m│  │  │  ├─[0m [31m[2] 2[0m [31m✘[0m [31mIndex 0 out of bounds for length 0[0m
[36m│  │  │  ├─[0m [31m[3] 3[0m [31m✘[0m [31mIndex 0 out of bounds for length 0[0m
[36m│  │  │  ├─[0m [31m[4] 4[0m [31m✘[0m [31mIndex 0 out of bounds for length 0[0m
[36m│  │  │  ├─[0m [31m[5] 5[0m [31m✘[0m [31mIndex 0 out of bounds for length 0[0m
[36m│  │  │  ├─[0m [31m[6] 6[0m [31m✘[0m [31mIndex 0 out of bounds for length 0[0m
[36m│  │  │  └─[0m [31m[7] 7[0m [31m✘[0m [31mIndex 0 out of bounds for length 0[0m
[36m│  │  ├─[0m [31mdecayWithBaskets_1()[0m [31m✘[0m [31mIndex 0 out of bounds for length 0[0m
[36m│  │  ├─[0m [31mdecayWithBaskets_2()[0m [31m✘[0m [31mIndex 0 out of bounds for length 0[0m
[36m│  │  ├─[0m [31mdecayWithBaskets_3()[0m [31m✘[0m [31mIndex 0 out of bounds for length 0[0m
[36m│  │  ├─[0m [31mdecayWithBaskets_4()[0m [31m✘[0m [31mIndex 0 out of bounds for length 0[0m
[36m│  │  ├─[0m [31mdecayWithBaskets_5()[0m [31m✘[0m [31mIndex 0 out of bounds for length 0[0m
[36m│  │  ├─[0m [31mdecayWithBaskets_6()[0m [31m✘[0m [31mIndex 0 out of bounds for length 0[0m
[36m│  │  ├─[0m [31mdecayWithBaskets_7()[0m [31m✘[0m [31mIndex 0 out of bounds for length 0[0m
[36m│  │  ├─[0m [31mdecayWithBaskets_8()[0m [31m✘[0m [31mIndex 0 out of bounds for length 0[0m
[36m│  │  ├─[0m [31msellMushrooms_notExistingMushroom1()[0m [31m✘[0m [31mIndex 0 out of bounds for length 0[0m
[36m│  │  ├─[0m [31msellMushrooms_notExistingMushroom2()[0m [31m✘[0m [31mIndex 0 out of bounds for length 0[0m
[36m│  │  ├─[0m [31msellMushrooms_notExistingMushroom3()[0m [31m✘[0m [31mIndex 0 out of bounds for length 0[0m
[36m│  │  ├─[0m [31mcookMushroomsCider()[0m [31m✘[0m [31mIndex 0 out of bounds for length 0[0m
[36m│  │  ├─[0m [36mdecayWithBasketsHandLimit(int)[0m [32m✔[0m
[36m│  │  │  ├─[0m [31m[1] 1[0m [31m✘[0m [31mIndex 0 out of bounds for length 0[0m
[36m│  │  │  ├─[0m [31m[2] 2[0m [31m✘[0m [31mIndex 0 out of bounds for length 0[0m
[36m│  │  │  ├─[0m [31m[3] 3[0m [31m✘[0m [31mIndex 0 out of bounds for length 0[0m
[36m│  │  │  └─[0m [31m[4] 4[0m [31m✘[0m [31mIndex 0 out of bounds for length 0[0m
[36m│  │  ├─[0m [31mcookNotSameMushroomsDespiteHavingEnough()[0m [31m✘[0m [31mIndex 0 out of bounds for length 0[0m
[36m│  │  ├─[0m [31mcookMushroomsEnoughPanonHandScoreBB_N()[0m [31m✘[0m [31mIndex 0 out of bounds for length 0[0m
[36m│  │  ├─[0m [31mcookMushroomsEnoughPanonHandScoreCH_N()[0m [31m✘[0m [31mIndex 0 out of bounds for length 0[0m
[36m│  │  ├─[0m [31mcookMushroomsEnoughPanonHandScoreHF_N()[0m [31m✘[0m [31mIndex 0 out of bounds for length 0[0m
[36m│  │  ├─[0m [31mcookMushroomsEnoughPanonHandScoreMO_N()[0m [31m✘[0m [31mIndex 0 out of bounds for length 0[0m
[36m│  │  ├─[0m [31mcookMushroomsEnoughPanonHandScoreSH_N()[0m [31m✘[0m [31mIndex 0 out of bounds for length 0[0m
[36m│  │  ├─[0m [31mcookMushroomsEnoughPanonHandScoreSH_NoPan()[0m [31m✘[0m [31mIndex 0 out of bounds for length 0[0m
[36m│  │  ├─[0m [36mtakeFromForest_checkmaxhand_fail_nosticks_basket(int)[0m [32m✔[0m
[36m│  │  │  ├─[0m [31m[1] 3[0m [31m✘[0m [31mIndex 0 out of bounds for length 0[0m
[36m│  │  │  ├─[0m [31m[2] 4[0m [31m✘[0m [31mIndex 0 out of bounds for length 0[0m
[36m│  │  │  ├─[0m [31m[3] 5[0m [31m✘[0m [31mIndex 0 out of bounds for length 0[0m
[36m│  │  │  ├─[0m [31m[4] 6[0m [31m✘[0m [31mIndex 0 out of bounds for length 0[0m
[36m│  │  │  ├─[0m [31m[5] 7[0m [31m✘[0m [31mIndex 0 out of bounds for length 0[0m
[36m│  │  │  └─[0m [31m[6] 8[0m [31m✘[0m [31mIndex 0 out of bounds for length 0[0m
[36m│  │  ├─[0m [31mcookMushroomsEnoughPanonHandScoreMO_NoPan()[0m [31m✘[0m [31mIndex 0 out of bounds for length 0[0m
[36m│  │  ├─[0m [31mcookMushroomsCiderandButterScoreFailNoPan()[0m [31m✘[0m [31mIndex 0 out of bounds for length 0[0m
[36m│  │  ├─[0m [36mpanDown_Pan_PanRemovedfromHand(int)[0m [32m✔[0m
[36m│  │  │  ├─[0m [31m[1] 2[0m [31m✘[0m [31mIndex 0 out of bounds for length 0[0m
[36m│  │  │  ├─[0m [31m[2] 3[0m [31m✘[0m [31mIndex 0 out of bounds for length 0[0m
[36m│  │  │  └─[0m [31m[3] 4[0m [31m✘[0m [31mIndex 0 out of bounds for length 0[0m
[36m│  │  ├─[0m [31mcookMushroomsEnoughPanonHandNonEd()[0m [31m✘[0m [31mIndex 0 out of bounds for length 0[0m
[36m│  │  ├─[0m [31mtakeFromForest_position3to7_5sticks()[0m [31m✘[0m [31mIndex 0 out of bounds for length 0[0m
[36m│  │  ├─[0m [36mtakeFromForest_position3to7_5sticks(int)[0m [32m✔[0m
[36m│  │  │  ├─[0m [31m[1] 3[0m [31m✘[0m [31mIndex 0 out of bounds for length 0[0m
[36m│  │  │  ├─[0m [31m[2] 4[0m [31m✘[0m [31mIndex 0 out of bounds for length 0[0m
[36m│  │  │  ├─[0m [31m[3] 5[0m [31m✘[0m [31mIndex 0 out of bounds for length 0[0m
[36m│  │  │  ├─[0m [31m[4] 6[0m [31m✘[0m [31mIndex 0 out of bounds for length 0[0m
[36m│  │  │  └─[0m [31m[5] 7[0m [31m✘[0m [31mIndex 0 out of bounds for length 0[0m
[36m│  │  ├─[0m [36mtakeFromForest_37_checksticks(int)[0m [32m✔[0m
[36m│  │  │  ├─[0m [31m[1] 3[0m [31m✘[0m [31mIndex 0 out of bounds for length 0[0m
[36m│  │  │  ├─[0m [31m[2] 4[0m [31m✘[0m [31mIndex 0 out of bounds for length 0[0m
[36m│  │  │  ├─[0m [31m[3] 5[0m [31m✘[0m [31mIndex 0 out of bounds for length 0[0m
[36m│  │  │  ├─[0m [31m[4] 6[0m [31m✘[0m [31mIndex 0 out of bounds for length 0[0m
[36m│  │  │  └─[0m [31m[5] 7[0m [31m✘[0m [31mIndex 0 out of bounds for length 0[0m
[36m│  │  ├─[0m [31mcookNightMushrooms1()[0m [31m✘[0m [31mIndex 0 out of bounds for length 0[0m
[36m│  │  ├─[0m [31mcookNightMushrooms2()[0m [31m✘[0m [31mIndex 0 out of bounds for length 0[0m
[36m│  │  ├─[0m [31mcookNightMushrooms3()[0m [31m✘[0m [31mIndex 0 out of bounds for length 0[0m
[36m│  │  ├─[0m [36msellMushrooms1Mixed1(String)[0m [32m✔[0m
[36m│  │  │  ├─[0m [31m[1] hen of woods[0m [31m✘[0m [31mIndex 0 out of bounds for length 0[0m
[36m│  │  │  ├─[0m [31m[2] birch bolete[0m [31m✘[0m [31mIndex 0 out of bounds for length 0[0m
[36m│  │  │  └─[0m [31m[3] porcini[0m [31m✘[0m [31mIndex 0 out of bounds for length 0[0m
[36m│  │  ├─[0m [36msellMushrooms1Mixed2(String)[0m [32m✔[0m
[36m│  │  │  ├─[0m [31m[1] hen of woods[0m [31m✘[0m [31mIndex 0 out of bounds for length 0[0m
[36m│  │  │  ├─[0m [31m[2] birch bolete[0m [31m✘[0m [31mIndex 0 out of bounds for length 0[0m
[36m│  │  │  └─[0m [31m[3] porcini[0m [31m✘[0m [31mIndex 0 out of bounds for length 0[0m
[36m│  │  ├─[0m [36msellMushrooms1Mixed3(String)[0m [32m✔[0m
[36m│  │  │  ├─[0m [31m[1] hen of woods[0m [31m✘[0m [31mIndex 0 out of bounds for length 0[0m
[36m│  │  │  ├─[0m [31m[2] birch bolete[0m [31m✘[0m [31mIndex 0 out of bounds for length 0[0m
[36m│  │  │  └─[0m [31m[3] porcini[0m [31m✘[0m [31mIndex 0 out of bounds for length 0[0m
[36m│  │  ├─[0m [31mcookMushroomsCiderandButter()[0m [31m✘[0m [31mIndex 0 out of bounds for length 0[0m
[36m│  │  ├─[0m [31mcookMushroomsEnoughPanonHandScoreHF_NoPan()[0m [31m✘[0m [31mIndex 0 out of bounds for length 0[0m
[36m│  │  ├─[0m [36msellMushrooms2(String)[0m [32m✔[0m
[36m│  │  │  ├─[0m [31m[1] hen of woods[0m [31m✘[0m [31mIndex 0 out of bounds for length 0[0m
[36m│  │  │  ├─[0m [31m[2] birch bolete[0m [31m✘[0m [31mIndex 0 out of bounds for length 0[0m
[36m│  │  │  ├─[0m [31m[3] porcini[0m [31m✘[0m [31mIndex 0 out of bounds for length 0[0m
[36m│  │  │  └─[0m [31m[4] morel[0m [31m✘[0m [31mIndex 0 out of bounds for length 0[0m
[36m│  │  ├─[0m [31mcookMushroomsCidreNotEnough1()[0m [31m✘[0m [31mIndex 0 out of bounds for length 0[0m
[36m│  │  ├─[0m [31mcookMushroomsCidreNotEnough2()[0m [31m✘[0m [31mIndex 0 out of bounds for length 0[0m
[36m│  │  ├─[0m [36mtakeFromForest_17_checkhand_basket(int)[0m [32m✔[0m
[36m│  │  │  ├─[0m [31m[1] 1[0m [31m✘[0m [31mIndex 0 out of bounds for length 0[0m
[36m│  │  │  ├─[0m [31m[2] 2[0m [31m✘[0m [31mIndex 0 out of bounds for length 0[0m
[36m│  │  │  ├─[0m [31m[3] 3[0m [31m✘[0m [31mIndex 0 out of bounds for length 0[0m
[36m│  │  │  ├─[0m [31m[4] 4[0m [31m✘[0m [31mIndex 0 out of bounds for length 0[0m
[36m│  │  │  ├─[0m [31m[5] 5[0m [31m✘[0m [31mIndex 0 out of bounds for length 0[0m
[36m│  │  │  ├─[0m [31m[6] 6[0m [31m✘[0m [31mIndex 0 out of bounds for length 0[0m
[36m│  │  │  └─[0m [31m[7] 7[0m [31m✘[0m [31mIndex 0 out of bounds for length 0[0m
[36m│  │  ├─[0m [31mcookMushroomsEnoughPanonHandScoreBB()[0m [31m✘[0m [31mIndex 0 out of bounds for length 0[0m
[36m│  │  ├─[0m [31mcookMushroomsEnoughPanonHandScoreCH()[0m [31m✘[0m [31mIndex 0 out of bounds for length 0[0m
[36m│  │  ├─[0m [31mcookMushroomsEnoughPanonHandScoreHF()[0m [31m✘[0m [31mIndex 0 out of bounds for length 0[0m
[36m│  │  ├─[0m [31mcookMushroomsEnoughPanonHandScoreMO()[0m [31m✘[0m [31mIndex 0 out of bounds for length 0[0m
[36m│  │  ├─[0m [31mcookMushroomsEnoughPanonHandScoreSH()[0m [31m✘[0m [31mIndex 0 out of bounds for length 0[0m
[36m│  │  ├─[0m [31mpanDown_onePan_PanRemovedfromHand()[0m [31m✘[0m [31mIndex 0 out of bounds for length 0[0m
[36m│  │  ├─[0m [31mcookNotEnoughMushrooms()[0m [31m✘[0m [31mIndex 0 out of bounds for length 0[0m
[36m│  │  ├─[0m [31mcookMushroomsButterNotEnough1()[0m [31m✘[0m [31mIndex 0 out of bounds for length 0[0m
[36m│  │  ├─[0m [31mtakeFromForest_position3_1stick_checksticks()[0m [31m✘[0m [31mIndex 0 out of bounds for length 0[0m
[36m│  │  ├─[0m [36msellMushroomsCheckHand1(String)[0m [32m✔[0m
[36m│  │  │  ├─[0m [31m[1] henofwoods[0m [31m✘[0m [31mIndex 0 out of bounds for length 0[0m
[36m│  │  │  ├─[0m [31m[2] birchbolete[0m [31m✘[0m [31mIndex 0 out of bounds for length 0[0m
[36m│  │  │  ├─[0m [31m[3] porcini[0m [31m✘[0m [31mIndex 0 out of bounds for length 0[0m
[36m│  │  │  └─[0m [31m[4] morel[0m [31m✘[0m [31mIndex 0 out of bounds for length 0[0m
[36m│  │  ├─[0m [36msellMushroomsCheckHand2(String)[0m [32m✔[0m
[36m│  │  │  ├─[0m [31m[1] henofwoods[0m [31m✘[0m [31mIndex 0 out of bounds for length 0[0m
[36m│  │  │  ├─[0m [31m[2] birchbolete[0m [31m✘[0m [31mIndex 0 out of bounds for length 0[0m
[36m│  │  │  └─[0m [31m[3] porcini[0m [31m✘[0m [31mIndex 0 out of bounds for length 0[0m
[36m│  │  ├─[0m [31mcookMushroomsNotEnough2withNoPan()[0m [31m✘[0m [31mIndex 0 out of bounds for length 0[0m
[36m│  │  ├─[0m [36mdecayLegit_1(int)[0m [32m✔[0m
[36m│  │  │  ├─[0m [31m[1] 1[0m [31m✘[0m [31mIndex 0 out of bounds for length 0[0m
[36m│  │  │  ├─[0m [31m[2] 2[0m [31m✘[0m [31mIndex 0 out of bounds for length 0[0m
[36m│  │  │  ├─[0m [31m[3] 3[0m [31m✘[0m [31mIndex 0 out of bounds for length 0[0m
[36m│  │  │  └─[0m [31m[4] 4[0m [31m✘[0m [31mIndex 0 out of bounds for length 0[0m
[36m│  │  ├─[0m [36mdecayLegit_2(int)[0m [32m✔[0m
[36m│  │  │  ├─[0m [31m[1] 1[0m [31m✘[0m [31mIndex 0 out of bounds for length 0[0m
[36m│  │  │  └─[0m [31m[2] 2[0m [31m✘[0m [31mIndex 0 out of bounds for length 0[0m
[36m│  │  ├─[0m [31mdecayLegit_3()[0m [31m✘[0m [31mIndex 0 out of bounds for length 0[0m
[36m│  │  ├─[0m [36mdecayLegit_4(int)[0m [32m✔[0m
[36m│  │  │  ├─[0m [31m[1] 1[0m [31m✘[0m [31mIndex 0 out of bounds for length 0[0m
[36m│  │  │  └─[0m [31m[2] 2[0m [31m✘[0m [31mIndex 0 out of bounds for length 0[0m
[36m│  │  ├─[0m [36mdecayLegit_5(int)[0m [32m✔[0m
[36m│  │  │  ├─[0m [31m[1] 1[0m [31m✘[0m [31mIndex 0 out of bounds for length 0[0m
[36m│  │  │  └─[0m [31m[2] 2[0m [31m✘[0m [31mIndex 0 out of bounds for length 0[0m
[36m│  │  ├─[0m [31mpanDown_onePan()[0m [31m✘[0m [31mIndex 0 out of bounds for length 0[0m
[36m│  │  ├─[0m [31mtakeFromForest_position3_1stick()[0m [31m✘[0m [31mIndex 0 out of bounds for length 0[0m
[36m│  │  ├─[0m [36mtakeFromForest_position12_5sticks(int)[0m [32m✔[0m
[36m│  │  │  ├─[0m [31m[1] 1[0m [31m✘[0m [31mIndex 0 out of bounds for length 0[0m
[36m│  │  │  └─[0m [31m[2] 2[0m [31m✘[0m [31mIndex 0 out of bounds for length 0[0m
[36m│  │  ├─[0m [36mdecayNotLegit_1(int)[0m [32m✔[0m
[36m│  │  │  ├─[0m [31m[1] 1[0m [31m✘[0m [31mIndex 0 out of bounds for length 0[0m
[36m│  │  │  ├─[0m [31m[2] 2[0m [31m✘[0m [31mIndex 0 out of bounds for length 0[0m
[36m│  │  │  ├─[0m [31m[3] 3[0m [31m✘[0m [31mIndex 0 out of bounds for length 0[0m
[36m│  │  │  └─[0m [31m[4] 4[0m [31m✘[0m [31mIndex 0 out of bounds for length 0[0m
[36m│  │  ├─[0m [36mdecayNotLegit_2(int)[0m [32m✔[0m
[36m│  │  │  ├─[0m [31m[1] 3[0m [31m✘[0m [31mIndex 0 out of bounds for length 0[0m
[36m│  │  │  └─[0m [31m[2] 4[0m [31m✘[0m [31mIndex 0 out of bounds for length 0[0m
[36m│  │  ├─[0m [36mdecayNotLegit_3(int)[0m [32m✔[0m
[36m│  │  │  ├─[0m [31m[1] 2[0m [31m✘[0m [31mIndex 0 out of bounds for length 0[0m
[36m│  │  │  ├─[0m [31m[2] 3[0m [31m✘[0m [31mIndex 0 out of bounds for length 0[0m
[36m│  │  │  └─[0m [31m[3] 4[0m [31m✘[0m [31mIndex 0 out of bounds for length 0[0m
[36m│  │  ├─[0m [36mdecayNotLegit_4(int)[0m [32m✔[0m
[36m│  │  │  ├─[0m [31m[1] 3[0m [31m✘[0m [31mIndex 0 out of bounds for length 0[0m
[36m│  │  │  └─[0m [31m[2] 4[0m [31m✘[0m [31mIndex 0 out of bounds for length 0[0m
[36m│  │  ├─[0m [36mdecayNotLegit_5(int)[0m [32m✔[0m
[36m│  │  │  ├─[0m [31m[1] 1[0m [31m✘[0m [31mIndex 0 out of bounds for length 0[0m
[36m│  │  │  ├─[0m [31m[2] 2[0m [31m✘[0m [31mIndex 0 out of bounds for length 0[0m
[36m│  │  │  ├─[0m [31m[3] 3[0m [31m✘[0m [31mIndex 0 out of bounds for length 0[0m
[36m│  │  │  └─[0m [31m[4] 4[0m [31m✘[0m [31mIndex 0 out of bounds for length 0[0m
[36m│  │  ├─[0m [36mdecayNotLegit_6(int)[0m [32m✔[0m
[36m│  │  │  ├─[0m [31m[1] 3[0m [31m✘[0m [31mIndex 0 out of bounds for length 0[0m
[36m│  │  │  └─[0m [31m[2] 4[0m [31m✘[0m [31mIndex 0 out of bounds for length 0[0m
[36m│  │  ├─[0m [31mcookMushroomsNotEnough1withNoPan()[0m [31m✘[0m [31mIndex 0 out of bounds for length 0[0m
[36m│  │  ├─[0m [31msellMushrooms_youdonthave()[0m [31m✘[0m [31mIndex 0 out of bounds for length 0[0m
[36m│  │  ├─[0m [31mcookMushroomsEnoughNoPanonHand()[0m [31m✘[0m [31mIndex 0 out of bounds for length 0[0m
[36m│  │  ├─[0m [31msellMushrooms1MixedNightSticks2D()[0m [31m✘[0m [31mIndex 0 out of bounds for length 0[0m
[36m│  │  ├─[0m [31msellMushrooms1MixedNightSticks3D()[0m [31m✘[0m [31mIndex 0 out of bounds for length 0[0m
[36m│  │  ├─[0m [31msellMushrooms1MixedNightSticks5D()[0m [31m✘[0m [31mIndex 0 out of bounds for length 0[0m
[36m│  │  ├─[0m [31msellMushrooms1MixedNightSticks6D()[0m [31m✘[0m [31mIndex 0 out of bounds for length 0[0m
[36m│  │  ├─[0m [36mtakeFromForest_position1to8_1stick_checksticks(int)[0m [32m✔[0m
[36m│  │  │  ├─[0m [31m[1] 1[0m [31m✘[0m [31mIndex 0 out of bounds for length 0[0m
[36m│  │  │  ├─[0m [31m[2] 2[0m [31m✘[0m [31mIndex 0 out of bounds for length 0[0m
[36m│  │  │  ├─[0m [31m[3] 4[0m [31m✘[0m [31mIndex 0 out of bounds for length 0[0m
[36m│  │  │  ├─[0m [31m[4] 5[0m [31m✘[0m [31mIndex 0 out of bounds for length 0[0m
[36m│  │  │  ├─[0m [31m[5] 6[0m [31m✘[0m [31mIndex 0 out of bounds for length 0[0m
[36m│  │  │  ├─[0m [31m[6] 7[0m [31m✘[0m [31mIndex 0 out of bounds for length 0[0m
[36m│  │  │  └─[0m [31m[7] 8[0m [31m✘[0m [31mIndex 0 out of bounds for length 0[0m
[36m│  │  ├─[0m [31mcookMushroomsNotEnough0withNoPan()[0m [31m✘[0m [31mIndex 0 out of bounds for length 0[0m
[36m│  │  ├─[0m [36mpanDown_Pan_PanOnDisplay(int)[0m [32m✔[0m
[36m│  │  │  ├─[0m [31m[1] 2[0m [31m✘[0m [31mIndex 0 out of bounds for length 0[0m
[36m│  │  │  ├─[0m [31m[2] 3[0m [31m✘[0m [31mIndex 0 out of bounds for length 0[0m
[36m│  │  │  └─[0m [31m[3] 4[0m [31m✘[0m [31mIndex 0 out of bounds for length 0[0m
[36m│  │  ├─[0m [36mtakeFromForest_12_checkdisplay_basket(int)[0m [32m✔[0m
[36m│  │  │  ├─[0m [31m[1] 1[0m [31m✘[0m [31mIndex 0 out of bounds for length 0[0m
[36m│  │  │  └─[0m [31m[2] 2[0m [31m✘[0m [31mIndex 0 out of bounds for length 0[0m
[36m│  │  ├─[0m [31mcookMushroomsNotEnough1withPanonD()[0m [31m✘[0m [31mIndex 0 out of bounds for length 0[0m
[36m│  │  ├─[0m [31mcookMushroomsNotEnough1withPanonH()[0m [31m✘[0m [31mIndex 0 out of bounds for length 0[0m
[36m│  │  ├─[0m [31mcookMushroomsEnoughPanonHand()[0m [31m✘[0m [31mIndex 0 out of bounds for length 0[0m
[36m│  │  ├─[0m [31msellMushrooms1NightSticks1()[0m [31m✘[0m [31mIndex 0 out of bounds for length 0[0m
[36m│  │  ├─[0m [31msellMushrooms1NightSticks2()[0m [31m✘[0m [31mIndex 0 out of bounds for length 0[0m
[36m│  │  ├─[0m [31msellMushrooms1NightSticks3()[0m [31m✘[0m [31mIndex 0 out of bounds for length 0[0m
[36m│  │  ├─[0m [31msellMushroomsSticks1()[0m [31m✘[0m [31mIndex 0 out of bounds for length 0[0m
[36m│  │  ├─[0m [31msellMushroomsSticks2()[0m [31m✘[0m [31mIndex 0 out of bounds for length 0[0m
[36m│  │  ├─[0m [31msellMushroomsSticks3()[0m [31m✘[0m [31mIndex 0 out of bounds for length 0[0m
[36m│  │  ├─[0m [31msellMushroomsSticks4()[0m [31m✘[0m [31mIndex 0 out of bounds for length 0[0m
[36m│  │  ├─[0m [31msellMushrooms1NightSticks1D()[0m [31m✘[0m [31mIndex 0 out of bounds for length 0[0m
[36m│  │  ├─[0m [31msellMushrooms1NightSticks2D()[0m [31m✘[0m [31mIndex 0 out of bounds for length 0[0m
[36m│  │  ├─[0m [31msellMushrooms1NightSticks3D()[0m [31m✘[0m [31mIndex 0 out of bounds for length 0[0m
[36m│  │  ├─[0m [31mpanDown_noPan()[0m [31m✘[0m [31mIndex 0 out of bounds for length 0[0m
[36m│  │  ├─[0m [31mcookNightMushrooms1D()[0m [31m✘[0m [31mIndex 0 out of bounds for length 0[0m
[36m│  │  ├─[0m [31mcookNightMushrooms2D()[0m [31m✘[0m [31mIndex 0 out of bounds for length 0[0m
[36m│  │  ├─[0m [31mpanDown_onePan_PanOnDisplay()[0m [31m✘[0m [31mIndex 0 out of bounds for length 0[0m
[36m│  │  ├─[0m [31mcookMushroomsButter1()[0m [31m✘[0m [31mIndex 0 out of bounds for length 0[0m
[36m│  │  ├─[0m [31mcookMushroomsButter2()[0m [31m✘[0m [31mIndex 0 out of bounds for length 0[0m
[36m│  │  ├─[0m [36mtakeFromForest_position12(int)[0m [32m✔[0m
[36m│  │  │  ├─[0m [31m[1] 1[0m [31m✘[0m [31mIndex 0 out of bounds for length 0[0m
[36m│  │  │  └─[0m [31m[2] 2[0m [31m✘[0m [31mIndex 0 out of bounds for length 0[0m
[36m│  │  ├─[0m [31msellMushrooms1MixedNightSticks2()[0m [31m✘[0m [31mIndex 0 out of bounds for length 0[0m
[36m│  │  ├─[0m [31msellMushrooms1MixedNightSticks3()[0m [31m✘[0m [31mIndex 0 out of bounds for length 0[0m
[36m│  │  ├─[0m [31msellMushrooms1MixedNightSticks5()[0m [31m✘[0m [31mIndex 0 out of bounds for length 0[0m
[36m│  │  ├─[0m [31msellMushrooms1MixedNightSticks6()[0m [31m✘[0m [31mIndex 0 out of bounds for length 0[0m
[36m│  │  ├─[0m [31mcookMushroomsEnoughNoPanonDisplay()[0m [31m✘[0m [31mIndex 0 out of bounds for length 0[0m
[36m│  │  ├─[0m [36mdecayPileUpdate(int)[0m [32m✔[0m
[36m│  │  │  ├─[0m [31m[1] 1[0m [31m✘[0m [31mIndex 0 out of bounds for length 0[0m
[36m│  │  │  ├─[0m [31m[2] 2[0m [31m✘[0m [31mIndex 0 out of bounds for length 0[0m
[36m│  │  │  └─[0m [31m[3] 3[0m [31m✘[0m [31mIndex 0 out of bounds for length 0[0m
[36m│  │  ├─[0m [31mcookMushroomsEnoughPanonHandScoreCH_NoPan()[0m [31m✘[0m [31mIndex 0 out of bounds for length 0[0m
[36m│  │  ├─[0m [36mtakeFromForest_checkhand_fail_nosticks(int)[0m [32m✔[0m
[36m│  │  │  ├─[0m [31m[1] 3[0m [31m✘[0m [31mIndex 0 out of bounds for length 0[0m
[36m│  │  │  ├─[0m [31m[2] 4[0m [31m✘[0m [31mIndex 0 out of bounds for length 0[0m
[36m│  │  │  ├─[0m [31m[3] 5[0m [31m✘[0m [31mIndex 0 out of bounds for length 0[0m
[36m│  │  │  ├─[0m [31m[4] 6[0m [31m✘[0m [31mIndex 0 out of bounds for length 0[0m
[36m│  │  │  ├─[0m [31m[5] 7[0m [31m✘[0m [31mIndex 0 out of bounds for length 0[0m
[36m│  │  │  └─[0m [31m[6] 8[0m [31m✘[0m [31mIndex 0 out of bounds for length 0[0m
[36m│  │  ├─[0m [31msellMushrooms_notEnough21()[0m [31m✘[0m [31mIndex 0 out of bounds for length 0[0m
[36m│  │  ├─[0m [31msellMushrooms_notEnough0()[0m [31m✘[0m [31mIndex 0 out of bounds for length 0[0m
[36m│  │  ├─[0m [31msellMushrooms_notEnough1()[0m [31m✘[0m [31mIndex 0 out of bounds for length 0[0m
[36m│  │  ├─[0m [31msellMushrooms_notEnough2()[0m [31m✘[0m [31mIndex 0 out of bounds for length 0[0m
[36m│  │  ├─[0m [36mtakeFromForest_position3to8(int)[0m [32m✔[0m
[36m│  │  │  ├─[0m [31m[1] 3[0m [31m✘[0m [31mIndex 0 out of bounds for length 0[0m
[36m│  │  │  ├─[0m [31m[2] 4[0m [31m✘[0m [31mIndex 0 out of bounds for length 0[0m
[36m│  │  │  ├─[0m [31m[3] 5[0m [31m✘[0m [31mIndex 0 out of bounds for length 0[0m
[36m│  │  │  ├─[0m [31m[4] 7[0m [31m✘[0m [31mIndex 0 out of bounds for length 0[0m
[36m│  │  │  └─[0m [31m[5] 8[0m [31m✘[0m [31mIndex 0 out of bounds for length 0[0m
[36m│  │  ├─[0m [36msellMushrooms_notThisMushroom1(String)[0m [32m✔[0m
[36m│  │  │  ├─[0m [31m[1] birchbolete[0m [31m✘[0m [31mIndex 0 out of bounds for length 0[0m
[36m│  │  │  ├─[0m [31m[2] chanterelle[0m [31m✘[0m [31mIndex 0 out of bounds for length 0[0m
[36m│  │  │  ├─[0m [31m[3] henofwoods[0m [31m✘[0m [31mIndex 0 out of bounds for length 0[0m
[36m│  │  │  ├─[0m [31m[4] honeyfungus[0m [31m✘[0m [31mIndex 0 out of bounds for length 0[0m
[36m│  │  │  ├─[0m [31m[5] lawyerswig[0m [31m✘[0m [31mIndex 0 out of bounds for length 0[0m
[36m│  │  │  ├─[0m [31m[6] porcini[0m [31m✘[0m [31mIndex 0 out of bounds for length 0[0m
[36m│  │  │  ├─[0m [31m[7] shiitake[0m [31m✘[0m [31mIndex 0 out of bounds for length 0[0m
[36m│  │  │  ├─[0m [31m[8] treeEar[0m [31m✘[0m [31mIndex 0 out of bounds for length 0[0m
[36m│  │  │  └─[0m [31m[9] mushroom[0m [31m✘[0m [31mIndex 0 out of bounds for length 0[0m
[36m│  │  ├─[0m [36msellMushrooms_notThisMushroom2(String)[0m [32m✔[0m
[36m│  │  │  ├─[0m [31m[1] birchbolete[0m [31m✘[0m [31mIndex 0 out of bounds for length 0[0m
[36m│  │  │  ├─[0m [31m[2] chanterelle[0m [31m✘[0m [31mIndex 0 out of bounds for length 0[0m
[36m│  │  │  ├─[0m [31m[3] henofwoods[0m [31m✘[0m [31mIndex 0 out of bounds for length 0[0m
[36m│  │  │  ├─[0m [31m[4] honeyfungus[0m [31m✘[0m [31mIndex 0 out of bounds for length 0[0m
[36m│  │  │  ├─[0m [31m[5] lawyerswig[0m [31m✘[0m [31mIndex 0 out of bounds for length 0[0m
[36m│  │  │  ├─[0m [31m[6] porcini[0m [31m✘[0m [31mIndex 0 out of bounds for length 0[0m
[36m│  │  │  ├─[0m [31m[7] shiitake[0m [31m✘[0m [31mIndex 0 out of bounds for length 0[0m
[36m│  │  │  ├─[0m [31m[8] treeEar[0m [31m✘[0m [31mIndex 0 out of bounds for length 0[0m
[36m│  │  │  └─[0m [31m[9] mushroom[0m [31m✘[0m [31mIndex 0 out of bounds for length 0[0m
[36m│  │  ├─[0m [36msellMushrooms_notThisMushroom3(String)[0m [32m✔[0m
[36m│  │  │  ├─[0m [31m[1] birchbolete[0m [31m✘[0m [31mIndex 0 out of bounds for length 0[0m
[36m│  │  │  ├─[0m [31m[2] chanterelle[0m [31m✘[0m [31mIndex 0 out of bounds for length 0[0m
[36m│  │  │  ├─[0m [31m[3] henofwoods[0m [31m✘[0m [31mIndex 0 out of bounds for length 0[0m
[36m│  │  │  ├─[0m [31m[4] honeyfungus[0m [31m✘[0m [31mIndex 0 out of bounds for length 0[0m
[36m│  │  │  ├─[0m [31m[5] lawyerswig[0m [31m✘[0m [31mIndex 0 out of bounds for length 0[0m
[36m│  │  │  ├─[0m [31m[6] porcini[0m [31m✘[0m [31mIndex 0 out of bounds for length 0[0m
[36m│  │  │  ├─[0m [31m[7] shiitake[0m [31m✘[0m [31mIndex 0 out of bounds for length 0[0m
[36m│  │  │  ├─[0m [31m[8] treeEar[0m [31m✘[0m [31mIndex 0 out of bounds for length 0[0m
[36m│  │  │  └─[0m [31m[9] mushroom[0m [31m✘[0m [31mIndex 0 out of bounds for length 0[0m
[36m│  │  ├─[0m [36msellMushrooms_notThisMushroom4(String)[0m [32m✔[0m
[36m│  │  │  ├─[0m [31m[1] birchbolete[0m [31m✘[0m [31mIndex 0 out of bounds for length 0[0m
[36m│  │  │  ├─[0m [31m[2] chanterelle[0m [31m✘[0m [31mIndex 0 out of bounds for length 0[0m
[36m│  │  │  ├─[0m [31m[3] henofwoods[0m [31m✘[0m [31mIndex 0 out of bounds for length 0[0m
[36m│  │  │  ├─[0m [31m[4] honeyfungus[0m [31m✘[0m [31mIndex 0 out of bounds for length 0[0m
[36m│  │  │  ├─[0m [31m[5] lawyerswig[0m [31m✘[0m [31mIndex 0 out of bounds for length 0[0m
[36m│  │  │  ├─[0m [31m[6] porcini[0m [31m✘[0m [31mIndex 0 out of bounds for length 0[0m
[36m│  │  │  ├─[0m [31m[7] shiitake[0m [31m✘[0m [31mIndex 0 out of bounds for length 0[0m
[36m│  │  │  ├─[0m [31m[8] treeEar[0m [31m✘[0m [31mIndex 0 out of bounds for length 0[0m
[36m│  │  │  └─[0m [31m[9] mushroom[0m [31m✘[0m [31mIndex 0 out of bounds for length 0[0m
[36m│  │  ├─[0m [36mtakeFromForest_37_checkdisplay_basket(int)[0m [32m✔[0m
[36m│  │  │  ├─[0m [31m[1] 3[0m [31m✘[0m [31mIndex 0 out of bounds for length 0[0m
[36m│  │  │  ├─[0m [31m[2] 4[0m [31m✘[0m [31mIndex 0 out of bounds for length 0[0m
[36m│  │  │  ├─[0m [31m[3] 5[0m [31m✘[0m [31mIndex 0 out of bounds for length 0[0m
[36m│  │  │  ├─[0m [31m[4] 6[0m [31m✘[0m [31mIndex 0 out of bounds for length 0[0m
[36m│  │  │  └─[0m [31m[5] 7[0m [31m✘[0m [31mIndex 0 out of bounds for length 0[0m
[36m│  │  ├─[0m [31msellMushroomsSticks1D()[0m [31m✘[0m [31mIndex 0 out of bounds for length 0[0m
[36m│  │  ├─[0m [31msellMushroomsSticks2D()[0m [31m✘[0m [31mIndex 0 out of bounds for length 0[0m
[36m│  │  ├─[0m [31msellMushroomsSticks3D()[0m [31m✘[0m [31mIndex 0 out of bounds for length 0[0m
[36m│  │  ├─[0m [31msellMushroomsSticks4D()[0m [31m✘[0m [31mIndex 0 out of bounds for length 0[0m
[36m│  │  ├─[0m [36mtakeFromForest_12_checksticks(int)[0m [32m✔[0m
[36m│  │  │  ├─[0m [31m[1] 1[0m [31m✘[0m [31mIndex 0 out of bounds for length 0[0m
[36m│  │  │  └─[0m [31m[2] 2[0m [31m✘[0m [31mIndex 0 out of bounds for length 0[0m
[36m│  │  ├─[0m [31mcookNightMushrooms1DNonEd()[0m [31m✘[0m [31mIndex 0 out of bounds for length 0[0m
[36m│  │  ├─[0m [31mcookMushroomsCiderScore()[0m [31m✘[0m [31mIndex 0 out of bounds for length 0[0m
[36m│  │  ├─[0m [31mcookMushroomsEnoughPanonDisplay()[0m [31m✘[0m [31mIndex 0 out of bounds for length 0[0m
[36m│  │  ├─[0m [36mtakeFromForest_17_checkhand(int)[0m [32m✔[0m
[36m│  │  │  ├─[0m [31m[1] 1[0m [31m✘[0m [31mIndex 0 out of bounds for length 0[0m
[36m│  │  │  ├─[0m [31m[2] 2[0m [31m✘[0m [31mIndex 0 out of bounds for length 0[0m
[36m│  │  │  ├─[0m [31m[3] 3[0m [31m✘[0m [31mIndex 0 out of bounds for length 0[0m
[36m│  │  │  ├─[0m [31m[4] 4[0m [31m✘[0m [31mIndex 0 out of bounds for length 0[0m
[36m│  │  │  ├─[0m [31m[5] 5[0m [31m✘[0m [31mIndex 0 out of bounds for length 0[0m
[36m│  │  │  ├─[0m [31m[6] 6[0m [31m✘[0m [31mIndex 0 out of bounds for length 0[0m
[36m│  │  │  └─[0m [31m[7] 7[0m [31m✘[0m [31mIndex 0 out of bounds for length 0[0m
[36m│  │  ├─[0m [31mcookMushroomsNotEnough0withPanonD()[0m [31m✘[0m [31mIndex 0 out of bounds for length 0[0m
[36m│  │  ├─[0m [31mcookMushroomsNotEnough0withPanonH()[0m [31m✘[0m [31mIndex 0 out of bounds for length 0[0m
[36m│  │  ├─[0m [36mtakeFromForest_17_checkhand_fail_hsize(int)[0m [32m✔[0m
[36m│  │  │  ├─[0m [31m[1] 1[0m [31m✘[0m [31mIndex 0 out of bounds for length 0[0m
[36m│  │  │  ├─[0m [31m[2] 2[0m [31m✘[0m [31mIndex 0 out of bounds for length 0[0m
[36m│  │  │  ├─[0m [31m[3] 3[0m [31m✘[0m [31mIndex 0 out of bounds for length 0[0m
[36m│  │  │  ├─[0m [31m[4] 4[0m [31m✘[0m [31mIndex 0 out of bounds for length 0[0m
[36m│  │  │  ├─[0m [31m[5] 5[0m [31m✘[0m [31mIndex 0 out of bounds for length 0[0m
[36m│  │  │  ├─[0m [31m[6] 6[0m [31m✘[0m [31mIndex 0 out of bounds for length 0[0m
[36m│  │  │  └─[0m [31m[7] 7[0m [31m✘[0m [31mIndex 0 out of bounds for length 0[0m
[36m│  │  ├─[0m [31mdecayPileUpdateWhenFull()[0m [31m✘[0m [31mIndex 0 out of bounds for length 0[0m
[36m│  │  ├─[0m [31mcookMushroomsButter1Score()[0m [31m✘[0m [31mIndex 0 out of bounds for length 0[0m
[36m│  │  ├─[0m [31mcookMushroomsButter2Score()[0m [31m✘[0m [31mIndex 0 out of bounds for length 0[0m
[36m│  │  └─[0m [31mcookMushroomsEnoughPanonDisplayNonEd()[0m [31m✘[0m [31mIndex 0 out of bounds for length 0[0m
[36m│  ├─[0m [36mMorelTest[0m [32m✔[0m
[36m│  │  ├─[0m [34mtestSticksDay()[0m [32m✔[0m
[36m│  │  └─[0m [34mtestFlavourDay()[0m [32m✔[0m
[36m│  ├─[0m [36mChanterelleTest[0m [32m✔[0m
[36m│  │  ├─[0m [34mtestSticksDay()[0m [32m✔[0m
[36m│  │  └─[0m [34mtestFlavourDay()[0m [32m✔[0m
[36m│  ├─[0m [36mHoneyFungusTest[0m [32m✔[0m
[36m│  │  ├─[0m [34mtestSticksDay()[0m [32m✔[0m
[36m│  │  └─[0m [34mtestFlavourDay()[0m [32m✔[0m
[36m│  └─[0m [36mLawyersWigTest[0m [32m✔[0m
[36m│     ├─[0m [34mtestSticksDay()[0m [32m✔[0m
[36m│     └─[0m [34mtestFlavourDay()[0m [32m✔[0m
[36m└─[0m [36mJUnit Vintage[0m [32m✔[0m
[36m   ├─[0m [36mCardPileTest[0m [32m✔[0m
[36m   │  ├─[0m [34mtestAddCardEquals[0m [32m✔[0m
[36m   │  ├─[0m [34mtestNotShuffledPile[0m [32m✔[0m
[36m   │  ├─[0m [34mtestDrawCardReducesSize[0m [32m✔[0m
[36m   │  ├─[0m [34mtestPileSizeNotEqualsAfterDrawing[0m [32m✔[0m
[36m   │  ├─[0m [34mtestAddCardNonEquals[0m [32m✔[0m
[36m   │  ├─[0m [34mtestPileSizeEquals[0m [32m✔[0m
[36m   │  ├─[0m [34mtestShuffledPile[0m [32m✔[0m
[36m   │  └─[0m [34mtestAddCardIncreasesSize[0m [32m✔[0m
[36m   └─[0m [36mForestTest[0m [32m✔[0m
[36m      ├─[0m [31mnumberOfDayMushroomCardsAfterCardSetUp[0m [31m✘[0m [31mexpected:<81> but was:<79>[0m
[36m      └─[0m [34mnumberOfDayMushroomCardsBeforeCardSetUp[0m [32m✔[0m

Failures (283):
  JUnit Jupiter:PlayerTest:sellMushrooms1Night(String):[1] hen of woods
    MethodSource [className = 'board.PlayerTest', methodName = 'sellMushrooms1Night', methodParameterTypes = 'java.lang.String']
    => java.lang.IndexOutOfBoundsException: Index 0 out of bounds for length 0
       java.base/jdk.internal.util.Preconditions.outOfBounds(Preconditions.java:64)
       java.base/jdk.internal.util.Preconditions.outOfBoundsCheckIndex(Preconditions.java:70)
       java.base/jdk.internal.util.Preconditions.checkIndex(Preconditions.java:266)
       java.base/java.util.Objects.checkIndex(Objects.java:359)
       java.base/java.util.ArrayList.remove(ArrayList.java:504)
       board.Display.removeElement(Display.java:19)
       board.PlayerTest.setUpBefore(PlayerTest.java:37)
       java.base/jdk.internal.reflect.NativeMethodAccessorImpl.invoke0(Native Method)
       java.base/jdk.internal.reflect.NativeMethodAccessorImpl.invoke(NativeMethodAccessorImpl.java:77)
       java.base/jdk.internal.reflect.DelegatingMethodAccessorImpl.invoke(DelegatingMethodAccessorImpl.java:43)
       [...]
  JUnit Jupiter:PlayerTest:sellMushrooms1Night(String):[2] birch bolete
    MethodSource [className = 'board.PlayerTest', methodName = 'sellMushrooms1Night', methodParameterTypes = 'java.lang.String']
    => java.lang.IndexOutOfBoundsException: Index 0 out of bounds for length 0
       java.base/jdk.internal.util.Preconditions.outOfBounds(Preconditions.java:64)
       java.base/jdk.internal.util.Preconditions.outOfBoundsCheckIndex(Preconditions.java:70)
       java.base/jdk.internal.util.Preconditions.checkIndex(Preconditions.java:266)
       java.base/java.util.Objects.checkIndex(Objects.java:359)
       java.base/java.util.ArrayList.remove(ArrayList.java:504)
       board.Display.removeElement(Display.java:19)
       board.PlayerTest.setUpBefore(PlayerTest.java:37)
       java.base/jdk.internal.reflect.NativeMethodAccessorImpl.invoke0(Native Method)
       java.base/jdk.internal.reflect.NativeMethodAccessorImpl.invoke(NativeMethodAccessorImpl.java:77)
       java.base/jdk.internal.reflect.DelegatingMethodAccessorImpl.invoke(DelegatingMethodAccessorImpl.java:43)
       [...]
  JUnit Jupiter:PlayerTest:sellMushrooms1Night(String):[3] porcini
    MethodSource [className = 'board.PlayerTest', methodName = 'sellMushrooms1Night', methodParameterTypes = 'java.lang.String']
    => java.lang.IndexOutOfBoundsException: Index 0 out of bounds for length 0
       java.base/jdk.internal.util.Preconditions.outOfBounds(Preconditions.java:64)
       java.base/jdk.internal.util.Preconditions.outOfBoundsCheckIndex(Preconditions.java:70)
       java.base/jdk.internal.util.Preconditions.checkIndex(Preconditions.java:266)
       java.base/java.util.Objects.checkIndex(Objects.java:359)
       java.base/java.util.ArrayList.remove(ArrayList.java:504)
       board.Display.removeElement(Display.java:19)
       board.PlayerTest.setUpBefore(PlayerTest.java:37)
       java.base/jdk.internal.reflect.NativeMethodAccessorImpl.invoke0(Native Method)
       java.base/jdk.internal.reflect.NativeMethodAccessorImpl.invoke(NativeMethodAccessorImpl.java:77)
       java.base/jdk.internal.reflect.DelegatingMethodAccessorImpl.invoke(DelegatingMethodAccessorImpl.java:43)
       [...]
  JUnit Jupiter:PlayerTest:cookMushroomsCiderandButterNotEnough()
    MethodSource [className = 'board.PlayerTest', methodName = 'cookMushroomsCiderandButterNotEnough', methodParameterTypes = '']
    => java.lang.IndexOutOfBoundsException: Index 0 out of bounds for length 0
       java.base/jdk.internal.util.Preconditions.outOfBounds(Preconditions.java:64)
       java.base/jdk.internal.util.Preconditions.outOfBoundsCheckIndex(Preconditions.java:70)
       java.base/jdk.internal.util.Preconditions.checkIndex(Preconditions.java:266)
       java.base/java.util.Objects.checkIndex(Objects.java:359)
       java.base/java.util.ArrayList.remove(ArrayList.java:504)
       board.Display.removeElement(Display.java:19)
       board.PlayerTest.setUpBefore(PlayerTest.java:37)
       java.base/jdk.internal.reflect.NativeMethodAccessorImpl.invoke0(Native Method)
       java.base/jdk.internal.reflect.NativeMethodAccessorImpl.invoke(NativeMethodAccessorImpl.java:77)
       java.base/jdk.internal.reflect.DelegatingMethodAccessorImpl.invoke(DelegatingMethodAccessorImpl.java:43)
       [...]
  JUnit Jupiter:PlayerTest:cookMushroomsEnoughPanonHandScoreBB_NoPan()
    MethodSource [className = 'board.PlayerTest', methodName = 'cookMushroomsEnoughPanonHandScoreBB_NoPan', methodParameterTypes = '']
    => java.lang.IndexOutOfBoundsException: Index 0 out of bounds for length 0
       java.base/jdk.internal.util.Preconditions.outOfBounds(Preconditions.java:64)
       java.base/jdk.internal.util.Preconditions.outOfBoundsCheckIndex(Preconditions.java:70)
       java.base/jdk.internal.util.Preconditions.checkIndex(Preconditions.java:266)
       java.base/java.util.Objects.checkIndex(Objects.java:359)
       java.base/java.util.ArrayList.remove(ArrayList.java:504)
       board.Display.removeElement(Display.java:19)
       board.PlayerTest.setUpBefore(PlayerTest.java:37)
       java.base/jdk.internal.reflect.NativeMethodAccessorImpl.invoke0(Native Method)
       java.base/jdk.internal.reflect.NativeMethodAccessorImpl.invoke(NativeMethodAccessorImpl.java:77)
       java.base/jdk.internal.reflect.DelegatingMethodAccessorImpl.invoke(DelegatingMethodAccessorImpl.java:43)
       [...]
  JUnit Jupiter:PlayerTest:cookNightMushrooms2DNonEd()
    MethodSource [className = 'board.PlayerTest', methodName = 'cookNightMushrooms2DNonEd', methodParameterTypes = '']
    => java.lang.IndexOutOfBoundsException: Index 0 out of bounds for length 0
       java.base/jdk.internal.util.Preconditions.outOfBounds(Preconditions.java:64)
       java.base/jdk.internal.util.Preconditions.outOfBoundsCheckIndex(Preconditions.java:70)
       java.base/jdk.internal.util.Preconditions.checkIndex(Preconditions.java:266)
       java.base/java.util.Objects.checkIndex(Objects.java:359)
       java.base/java.util.ArrayList.remove(ArrayList.java:504)
       board.Display.removeElement(Display.java:19)
       board.PlayerTest.setUpBefore(PlayerTest.java:37)
       java.base/jdk.internal.reflect.NativeMethodAccessorImpl.invoke0(Native Method)
       java.base/jdk.internal.reflect.NativeMethodAccessorImpl.invoke(NativeMethodAccessorImpl.java:77)
       java.base/jdk.internal.reflect.DelegatingMethodAccessorImpl.invoke(DelegatingMethodAccessorImpl.java:43)
       [...]
  JUnit Jupiter:PlayerTest:cookMushroomsCiderandButterScore()
    MethodSource [className = 'board.PlayerTest', methodName = 'cookMushroomsCiderandButterScore', methodParameterTypes = '']
    => java.lang.IndexOutOfBoundsException: Index 0 out of bounds for length 0
       java.base/jdk.internal.util.Preconditions.outOfBounds(Preconditions.java:64)
       java.base/jdk.internal.util.Preconditions.outOfBoundsCheckIndex(Preconditions.java:70)
       java.base/jdk.internal.util.Preconditions.checkIndex(Preconditions.java:266)
       java.base/java.util.Objects.checkIndex(Objects.java:359)
       java.base/java.util.ArrayList.remove(ArrayList.java:504)
       board.Display.removeElement(Display.java:19)
       board.PlayerTest.setUpBefore(PlayerTest.java:37)
       java.base/jdk.internal.reflect.NativeMethodAccessorImpl.invoke0(Native Method)
       java.base/jdk.internal.reflect.NativeMethodAccessorImpl.invoke(NativeMethodAccessorImpl.java:77)
       java.base/jdk.internal.reflect.DelegatingMethodAccessorImpl.invoke(DelegatingMethodAccessorImpl.java:43)
       [...]
  JUnit Jupiter:PlayerTest:panDown_twoPans()
    MethodSource [className = 'board.PlayerTest', methodName = 'panDown_twoPans', methodParameterTypes = '']
    => java.lang.IndexOutOfBoundsException: Index 0 out of bounds for length 0
       java.base/jdk.internal.util.Preconditions.outOfBounds(Preconditions.java:64)
       java.base/jdk.internal.util.Preconditions.outOfBoundsCheckIndex(Preconditions.java:70)
       java.base/jdk.internal.util.Preconditions.checkIndex(Preconditions.java:266)
       java.base/java.util.Objects.checkIndex(Objects.java:359)
       java.base/java.util.ArrayList.remove(ArrayList.java:504)
       board.Display.removeElement(Display.java:19)
       board.PlayerTest.setUpBefore(PlayerTest.java:37)
       java.base/jdk.internal.reflect.NativeMethodAccessorImpl.invoke0(Native Method)
       java.base/jdk.internal.reflect.NativeMethodAccessorImpl.invoke(NativeMethodAccessorImpl.java:77)
       java.base/jdk.internal.reflect.DelegatingMethodAccessorImpl.invoke(DelegatingMethodAccessorImpl.java:43)
       [...]
  JUnit Jupiter:PlayerTest:cookNightMushrooms1NonEd()
    MethodSource [className = 'board.PlayerTest', methodName = 'cookNightMushrooms1NonEd', methodParameterTypes = '']
    => java.lang.IndexOutOfBoundsException: Index 0 out of bounds for length 0
       java.base/jdk.internal.util.Preconditions.outOfBounds(Preconditions.java:64)
       java.base/jdk.internal.util.Preconditions.outOfBoundsCheckIndex(Preconditions.java:70)
       java.base/jdk.internal.util.Preconditions.checkIndex(Preconditions.java:266)
       java.base/java.util.Objects.checkIndex(Objects.java:359)
       java.base/java.util.ArrayList.remove(ArrayList.java:504)
       board.Display.removeElement(Display.java:19)
       board.PlayerTest.setUpBefore(PlayerTest.java:37)
       java.base/jdk.internal.reflect.NativeMethodAccessorImpl.invoke0(Native Method)
       java.base/jdk.internal.reflect.NativeMethodAccessorImpl.invoke(NativeMethodAccessorImpl.java:77)
       java.base/jdk.internal.reflect.DelegatingMethodAccessorImpl.invoke(DelegatingMethodAccessorImpl.java:43)
       [...]
  JUnit Jupiter:PlayerTest:cookNightMushrooms2NonEd()
    MethodSource [className = 'board.PlayerTest', methodName = 'cookNightMushrooms2NonEd', methodParameterTypes = '']
    => java.lang.IndexOutOfBoundsException: Index 0 out of bounds for length 0
       java.base/jdk.internal.util.Preconditions.outOfBounds(Preconditions.java:64)
       java.base/jdk.internal.util.Preconditions.outOfBoundsCheckIndex(Preconditions.java:70)
       java.base/jdk.internal.util.Preconditions.checkIndex(Preconditions.java:266)
       java.base/java.util.Objects.checkIndex(Objects.java:359)
       java.base/java.util.ArrayList.remove(ArrayList.java:504)
       board.Display.removeElement(Display.java:19)
       board.PlayerTest.setUpBefore(PlayerTest.java:37)
       java.base/jdk.internal.reflect.NativeMethodAccessorImpl.invoke0(Native Method)
       java.base/jdk.internal.reflect.NativeMethodAccessorImpl.invoke(NativeMethodAccessorImpl.java:77)
       java.base/jdk.internal.reflect.DelegatingMethodAccessorImpl.invoke(DelegatingMethodAccessorImpl.java:43)
       [...]
  JUnit Jupiter:PlayerTest:cookNightMushrooms1noPan()
    MethodSource [className = 'board.PlayerTest', methodName = 'cookNightMushrooms1noPan', methodParameterTypes = '']
    => java.lang.IndexOutOfBoundsException: Index 0 out of bounds for length 0
       java.base/jdk.internal.util.Preconditions.outOfBounds(Preconditions.java:64)
       java.base/jdk.internal.util.Preconditions.outOfBoundsCheckIndex(Preconditions.java:70)
       java.base/jdk.internal.util.Preconditions.checkIndex(Preconditions.java:266)
       java.base/java.util.Objects.checkIndex(Objects.java:359)
       java.base/java.util.ArrayList.remove(ArrayList.java:504)
       board.Display.removeElement(Display.java:19)
       board.PlayerTest.setUpBefore(PlayerTest.java:37)
       java.base/jdk.internal.reflect.NativeMethodAccessorImpl.invoke0(Native Method)
       java.base/jdk.internal.reflect.NativeMethodAccessorImpl.invoke(NativeMethodAccessorImpl.java:77)
       java.base/jdk.internal.reflect.DelegatingMethodAccessorImpl.invoke(DelegatingMethodAccessorImpl.java:43)
       [...]
  JUnit Jupiter:PlayerTest:sellMushrooms(String):[1] henofwoods
    MethodSource [className = 'board.PlayerTest', methodName = 'sellMushrooms', methodParameterTypes = 'java.lang.String']
    => java.lang.IndexOutOfBoundsException: Index 0 out of bounds for length 0
       java.base/jdk.internal.util.Preconditions.outOfBounds(Preconditions.java:64)
       java.base/jdk.internal.util.Preconditions.outOfBoundsCheckIndex(Preconditions.java:70)
       java.base/jdk.internal.util.Preconditions.checkIndex(Preconditions.java:266)
       java.base/java.util.Objects.checkIndex(Objects.java:359)
       java.base/java.util.ArrayList.remove(ArrayList.java:504)
       board.Display.removeElement(Display.java:19)
       board.PlayerTest.setUpBefore(PlayerTest.java:37)
       java.base/jdk.internal.reflect.NativeMethodAccessorImpl.invoke0(Native Method)
       java.base/jdk.internal.reflect.NativeMethodAccessorImpl.invoke(NativeMethodAccessorImpl.java:77)
       java.base/jdk.internal.reflect.DelegatingMethodAccessorImpl.invoke(DelegatingMethodAccessorImpl.java:43)
       [...]
  JUnit Jupiter:PlayerTest:sellMushrooms(String):[2] birchbolete
    MethodSource [className = 'board.PlayerTest', methodName = 'sellMushrooms', methodParameterTypes = 'java.lang.String']
    => java.lang.IndexOutOfBoundsException: Index 0 out of bounds for length 0
       java.base/jdk.internal.util.Preconditions.outOfBounds(Preconditions.java:64)
       java.base/jdk.internal.util.Preconditions.outOfBoundsCheckIndex(Preconditions.java:70)
       java.base/jdk.internal.util.Preconditions.checkIndex(Preconditions.java:266)
       java.base/java.util.Objects.checkIndex(Objects.java:359)
       java.base/java.util.ArrayList.remove(ArrayList.java:504)
       board.Display.removeElement(Display.java:19)
       board.PlayerTest.setUpBefore(PlayerTest.java:37)
       java.base/jdk.internal.reflect.NativeMethodAccessorImpl.invoke0(Native Method)
       java.base/jdk.internal.reflect.NativeMethodAccessorImpl.invoke(NativeMethodAccessorImpl.java:77)
       java.base/jdk.internal.reflect.DelegatingMethodAccessorImpl.invoke(DelegatingMethodAccessorImpl.java:43)
       [...]
  JUnit Jupiter:PlayerTest:sellMushrooms(String):[3] porcini
    MethodSource [className = 'board.PlayerTest', methodName = 'sellMushrooms', methodParameterTypes = 'java.lang.String']
    => java.lang.IndexOutOfBoundsException: Index 0 out of bounds for length 0
       java.base/jdk.internal.util.Preconditions.outOfBounds(Preconditions.java:64)
       java.base/jdk.internal.util.Preconditions.outOfBoundsCheckIndex(Preconditions.java:70)
       java.base/jdk.internal.util.Preconditions.checkIndex(Preconditions.java:266)
       java.base/java.util.Objects.checkIndex(Objects.java:359)
       java.base/java.util.ArrayList.remove(ArrayList.java:504)
       board.Display.removeElement(Display.java:19)
       board.PlayerTest.setUpBefore(PlayerTest.java:37)
       java.base/jdk.internal.reflect.NativeMethodAccessorImpl.invoke0(Native Method)
       java.base/jdk.internal.reflect.NativeMethodAccessorImpl.invoke(NativeMethodAccessorImpl.java:77)
       java.base/jdk.internal.reflect.DelegatingMethodAccessorImpl.invoke(DelegatingMethodAccessorImpl.java:43)
       [...]
  JUnit Jupiter:PlayerTest:sellMushrooms(String):[4] morel
    MethodSource [className = 'board.PlayerTest', methodName = 'sellMushrooms', methodParameterTypes = 'java.lang.String']
    => java.lang.IndexOutOfBoundsException: Index 0 out of bounds for length 0
       java.base/jdk.internal.util.Preconditions.outOfBounds(Preconditions.java:64)
       java.base/jdk.internal.util.Preconditions.outOfBoundsCheckIndex(Preconditions.java:70)
       java.base/jdk.internal.util.Preconditions.checkIndex(Preconditions.java:266)
       java.base/java.util.Objects.checkIndex(Objects.java:359)
       java.base/java.util.ArrayList.remove(ArrayList.java:504)
       board.Display.removeElement(Display.java:19)
       board.PlayerTest.setUpBefore(PlayerTest.java:37)
       java.base/jdk.internal.reflect.NativeMethodAccessorImpl.invoke0(Native Method)
       java.base/jdk.internal.reflect.NativeMethodAccessorImpl.invoke(NativeMethodAccessorImpl.java:77)
       java.base/jdk.internal.reflect.DelegatingMethodAccessorImpl.invoke(DelegatingMethodAccessorImpl.java:43)
       [...]
  JUnit Jupiter:PlayerTest:cookNightMushrooms2noPan()
    MethodSource [className = 'board.PlayerTest', methodName = 'cookNightMushrooms2noPan', methodParameterTypes = '']
    => java.lang.IndexOutOfBoundsException: Index 0 out of bounds for length 0
       java.base/jdk.internal.util.Preconditions.outOfBounds(Preconditions.java:64)
       java.base/jdk.internal.util.Preconditions.outOfBoundsCheckIndex(Preconditions.java:70)
       java.base/jdk.internal.util.Preconditions.checkIndex(Preconditions.java:266)
       java.base/java.util.Objects.checkIndex(Objects.java:359)
       java.base/java.util.ArrayList.remove(ArrayList.java:504)
       board.Display.removeElement(Display.java:19)
       board.PlayerTest.setUpBefore(PlayerTest.java:37)
       java.base/jdk.internal.reflect.NativeMethodAccessorImpl.invoke0(Native Method)
       java.base/jdk.internal.reflect.NativeMethodAccessorImpl.invoke(NativeMethodAccessorImpl.java:77)
       java.base/jdk.internal.reflect.DelegatingMethodAccessorImpl.invoke(DelegatingMethodAccessorImpl.java:43)
       [...]
  JUnit Jupiter:PlayerTest:cookMushroomsNotEnough2withPanonD()
    MethodSource [className = 'board.PlayerTest', methodName = 'cookMushroomsNotEnough2withPanonD', methodParameterTypes = '']
    => java.lang.IndexOutOfBoundsException: Index 0 out of bounds for length 0
       java.base/jdk.internal.util.Preconditions.outOfBounds(Preconditions.java:64)
       java.base/jdk.internal.util.Preconditions.outOfBoundsCheckIndex(Preconditions.java:70)
       java.base/jdk.internal.util.Preconditions.checkIndex(Preconditions.java:266)
       java.base/java.util.Objects.checkIndex(Objects.java:359)
       java.base/java.util.ArrayList.remove(ArrayList.java:504)
       board.Display.removeElement(Display.java:19)
       board.PlayerTest.setUpBefore(PlayerTest.java:37)
       jdk.internal.reflect.GeneratedMethodAccessor1.invoke(Unknown Source)
       java.base/jdk.internal.reflect.DelegatingMethodAccessorImpl.invoke(DelegatingMethodAccessorImpl.java:43)
       java.base/java.lang.reflect.Method.invoke(Method.java:568)
       [...]
  JUnit Jupiter:PlayerTest:cookMushroomsNotEnough2withPanonH()
    MethodSource [className = 'board.PlayerTest', methodName = 'cookMushroomsNotEnough2withPanonH', methodParameterTypes = '']
    => java.lang.IndexOutOfBoundsException: Index 0 out of bounds for length 0
       java.base/jdk.internal.util.Preconditions.outOfBounds(Preconditions.java:64)
       java.base/jdk.internal.util.Preconditions.outOfBoundsCheckIndex(Preconditions.java:70)
       java.base/jdk.internal.util.Preconditions.checkIndex(Preconditions.java:266)
       java.base/java.util.Objects.checkIndex(Objects.java:359)
       java.base/java.util.ArrayList.remove(ArrayList.java:504)
       board.Display.removeElement(Display.java:19)
       board.PlayerTest.setUpBefore(PlayerTest.java:37)
       jdk.internal.reflect.GeneratedMethodAccessor1.invoke(Unknown Source)
       java.base/jdk.internal.reflect.DelegatingMethodAccessorImpl.invoke(DelegatingMethodAccessorImpl.java:43)
       java.base/java.lang.reflect.Method.invoke(Method.java:568)
       [...]
  JUnit Jupiter:PlayerTest:takeFromForest_17_checkhandmaxsize_basket(int):[1] 1
    MethodSource [className = 'board.PlayerTest', methodName = 'takeFromForest_17_checkhandmaxsize_basket', methodParameterTypes = 'int']
    => java.lang.IndexOutOfBoundsException: Index 0 out of bounds for length 0
       java.base/jdk.internal.util.Preconditions.outOfBounds(Preconditions.java:64)
       java.base/jdk.internal.util.Preconditions.outOfBoundsCheckIndex(Preconditions.java:70)
       java.base/jdk.internal.util.Preconditions.checkIndex(Preconditions.java:266)
       java.base/java.util.Objects.checkIndex(Objects.java:359)
       java.base/java.util.ArrayList.remove(ArrayList.java:504)
       board.Display.removeElement(Display.java:19)
       board.PlayerTest.setUpBefore(PlayerTest.java:37)
       jdk.internal.reflect.GeneratedMethodAccessor1.invoke(Unknown Source)
       java.base/jdk.internal.reflect.DelegatingMethodAccessorImpl.invoke(DelegatingMethodAccessorImpl.java:43)
       java.base/java.lang.reflect.Method.invoke(Method.java:568)
       [...]
  JUnit Jupiter:PlayerTest:takeFromForest_17_checkhandmaxsize_basket(int):[2] 2
    MethodSource [className = 'board.PlayerTest', methodName = 'takeFromForest_17_checkhandmaxsize_basket', methodParameterTypes = 'int']
    => java.lang.IndexOutOfBoundsException: Index 0 out of bounds for length 0
       java.base/jdk.internal.util.Preconditions.outOfBounds(Preconditions.java:64)
       java.base/jdk.internal.util.Preconditions.outOfBoundsCheckIndex(Preconditions.java:70)
       java.base/jdk.internal.util.Preconditions.checkIndex(Preconditions.java:266)
       java.base/java.util.Objects.checkIndex(Objects.java:359)
       java.base/java.util.ArrayList.remove(ArrayList.java:504)
       board.Display.removeElement(Display.java:19)
       board.PlayerTest.setUpBefore(PlayerTest.java:37)
       jdk.internal.reflect.GeneratedMethodAccessor1.invoke(Unknown Source)
       java.base/jdk.internal.reflect.DelegatingMethodAccessorImpl.invoke(DelegatingMethodAccessorImpl.java:43)
       java.base/java.lang.reflect.Method.invoke(Method.java:568)
       [...]
  JUnit Jupiter:PlayerTest:takeFromForest_17_checkhandmaxsize_basket(int):[3] 3
    MethodSource [className = 'board.PlayerTest', methodName = 'takeFromForest_17_checkhandmaxsize_basket', methodParameterTypes = 'int']
    => java.lang.IndexOutOfBoundsException: Index 0 out of bounds for length 0
       java.base/jdk.internal.util.Preconditions.outOfBounds(Preconditions.java:64)
       java.base/jdk.internal.util.Preconditions.outOfBoundsCheckIndex(Preconditions.java:70)
       java.base/jdk.internal.util.Preconditions.checkIndex(Preconditions.java:266)
       java.base/java.util.Objects.checkIndex(Objects.java:359)
       java.base/java.util.ArrayList.remove(ArrayList.java:504)
       board.Display.removeElement(Display.java:19)
       board.PlayerTest.setUpBefore(PlayerTest.java:37)
       jdk.internal.reflect.GeneratedMethodAccessor1.invoke(Unknown Source)
       java.base/jdk.internal.reflect.DelegatingMethodAccessorImpl.invoke(DelegatingMethodAccessorImpl.java:43)
       java.base/java.lang.reflect.Method.invoke(Method.java:568)
       [...]
  JUnit Jupiter:PlayerTest:takeFromForest_17_checkhandmaxsize_basket(int):[4] 4
    MethodSource [className = 'board.PlayerTest', methodName = 'takeFromForest_17_checkhandmaxsize_basket', methodParameterTypes = 'int']
    => java.lang.IndexOutOfBoundsException: Index 0 out of bounds for length 0
       java.base/jdk.internal.util.Preconditions.outOfBounds(Preconditions.java:64)
       java.base/jdk.internal.util.Preconditions.outOfBoundsCheckIndex(Preconditions.java:70)
       java.base/jdk.internal.util.Preconditions.checkIndex(Preconditions.java:266)
       java.base/java.util.Objects.checkIndex(Objects.java:359)
       java.base/java.util.ArrayList.remove(ArrayList.java:504)
       board.Display.removeElement(Display.java:19)
       board.PlayerTest.setUpBefore(PlayerTest.java:37)
       jdk.internal.reflect.GeneratedMethodAccessor1.invoke(Unknown Source)
       java.base/jdk.internal.reflect.DelegatingMethodAccessorImpl.invoke(DelegatingMethodAccessorImpl.java:43)
       java.base/java.lang.reflect.Method.invoke(Method.java:568)
       [...]
  JUnit Jupiter:PlayerTest:takeFromForest_17_checkhandmaxsize_basket(int):[5] 5
    MethodSource [className = 'board.PlayerTest', methodName = 'takeFromForest_17_checkhandmaxsize_basket', methodParameterTypes = 'int']
    => java.lang.IndexOutOfBoundsException: Index 0 out of bounds for length 0
       java.base/jdk.internal.util.Preconditions.outOfBounds(Preconditions.java:64)
       java.base/jdk.internal.util.Preconditions.outOfBoundsCheckIndex(Preconditions.java:70)
       java.base/jdk.internal.util.Preconditions.checkIndex(Preconditions.java:266)
       java.base/java.util.Objects.checkIndex(Objects.java:359)
       java.base/java.util.ArrayList.remove(ArrayList.java:504)
       board.Display.removeElement(Display.java:19)
       board.PlayerTest.setUpBefore(PlayerTest.java:37)
       jdk.internal.reflect.GeneratedMethodAccessor1.invoke(Unknown Source)
       java.base/jdk.internal.reflect.DelegatingMethodAccessorImpl.invoke(DelegatingMethodAccessorImpl.java:43)
       java.base/java.lang.reflect.Method.invoke(Method.java:568)
       [...]
  JUnit Jupiter:PlayerTest:takeFromForest_17_checkhandmaxsize_basket(int):[6] 6
    MethodSource [className = 'board.PlayerTest', methodName = 'takeFromForest_17_checkhandmaxsize_basket', methodParameterTypes = 'int']
    => java.lang.IndexOutOfBoundsException: Index 0 out of bounds for length 0
       java.base/jdk.internal.util.Preconditions.outOfBounds(Preconditions.java:64)
       java.base/jdk.internal.util.Preconditions.outOfBoundsCheckIndex(Preconditions.java:70)
       java.base/jdk.internal.util.Preconditions.checkIndex(Preconditions.java:266)
       java.base/java.util.Objects.checkIndex(Objects.java:359)
       java.base/java.util.ArrayList.remove(ArrayList.java:504)
       board.Display.removeElement(Display.java:19)
       board.PlayerTest.setUpBefore(PlayerTest.java:37)
       jdk.internal.reflect.GeneratedMethodAccessor1.invoke(Unknown Source)
       java.base/jdk.internal.reflect.DelegatingMethodAccessorImpl.invoke(DelegatingMethodAccessorImpl.java:43)
       java.base/java.lang.reflect.Method.invoke(Method.java:568)
       [...]
  JUnit Jupiter:PlayerTest:takeFromForest_17_checkhandmaxsize_basket(int):[7] 7
    MethodSource [className = 'board.PlayerTest', methodName = 'takeFromForest_17_checkhandmaxsize_basket', methodParameterTypes = 'int']
    => java.lang.IndexOutOfBoundsException: Index 0 out of bounds for length 0
       java.base/jdk.internal.util.Preconditions.outOfBounds(Preconditions.java:64)
       java.base/jdk.internal.util.Preconditions.outOfBoundsCheckIndex(Preconditions.java:70)
       java.base/jdk.internal.util.Preconditions.checkIndex(Preconditions.java:266)
       java.base/java.util.Objects.checkIndex(Objects.java:359)
       java.base/java.util.ArrayList.remove(ArrayList.java:504)
       board.Display.removeElement(Display.java:19)
       board.PlayerTest.setUpBefore(PlayerTest.java:37)
       jdk.internal.reflect.GeneratedMethodAccessor1.invoke(Unknown Source)
       java.base/jdk.internal.reflect.DelegatingMethodAccessorImpl.invoke(DelegatingMethodAccessorImpl.java:43)
       java.base/java.lang.reflect.Method.invoke(Method.java:568)
       [...]
  JUnit Jupiter:PlayerTest:decayWithBaskets_1()
    MethodSource [className = 'board.PlayerTest', methodName = 'decayWithBaskets_1', methodParameterTypes = '']
    => java.lang.IndexOutOfBoundsException: Index 0 out of bounds for length 0
       java.base/jdk.internal.util.Preconditions.outOfBounds(Preconditions.java:64)
       java.base/jdk.internal.util.Preconditions.outOfBoundsCheckIndex(Preconditions.java:70)
       java.base/jdk.internal.util.Preconditions.checkIndex(Preconditions.java:266)
       java.base/java.util.Objects.checkIndex(Objects.java:359)
       java.base/java.util.ArrayList.remove(ArrayList.java:504)
       board.Display.removeElement(Display.java:19)
       board.PlayerTest.setUpBefore(PlayerTest.java:37)
       jdk.internal.reflect.GeneratedMethodAccessor1.invoke(Unknown Source)
       java.base/jdk.internal.reflect.DelegatingMethodAccessorImpl.invoke(DelegatingMethodAccessorImpl.java:43)
       java.base/java.lang.reflect.Method.invoke(Method.java:568)
       [...]
  JUnit Jupiter:PlayerTest:decayWithBaskets_2()
    MethodSource [className = 'board.PlayerTest', methodName = 'decayWithBaskets_2', methodParameterTypes = '']
    => java.lang.IndexOutOfBoundsException: Index 0 out of bounds for length 0
       java.base/jdk.internal.util.Preconditions.outOfBounds(Preconditions.java:64)
       java.base/jdk.internal.util.Preconditions.outOfBoundsCheckIndex(Preconditions.java:70)
       java.base/jdk.internal.util.Preconditions.checkIndex(Preconditions.java:266)
       java.base/java.util.Objects.checkIndex(Objects.java:359)
       java.base/java.util.ArrayList.remove(ArrayList.java:504)
       board.Display.removeElement(Display.java:19)
       board.PlayerTest.setUpBefore(PlayerTest.java:37)
       jdk.internal.reflect.GeneratedMethodAccessor1.invoke(Unknown Source)
       java.base/jdk.internal.reflect.DelegatingMethodAccessorImpl.invoke(DelegatingMethodAccessorImpl.java:43)
       java.base/java.lang.reflect.Method.invoke(Method.java:568)
       [...]
  JUnit Jupiter:PlayerTest:decayWithBaskets_3()
    MethodSource [className = 'board.PlayerTest', methodName = 'decayWithBaskets_3', methodParameterTypes = '']
    => java.lang.IndexOutOfBoundsException: Index 0 out of bounds for length 0
       java.base/jdk.internal.util.Preconditions.outOfBounds(Preconditions.java:64)
       java.base/jdk.internal.util.Preconditions.outOfBoundsCheckIndex(Preconditions.java:70)
       java.base/jdk.internal.util.Preconditions.checkIndex(Preconditions.java:266)
       java.base/java.util.Objects.checkIndex(Objects.java:359)
       java.base/java.util.ArrayList.remove(ArrayList.java:504)
       board.Display.removeElement(Display.java:19)
       board.PlayerTest.setUpBefore(PlayerTest.java:37)
       jdk.internal.reflect.GeneratedMethodAccessor1.invoke(Unknown Source)
       java.base/jdk.internal.reflect.DelegatingMethodAccessorImpl.invoke(DelegatingMethodAccessorImpl.java:43)
       java.base/java.lang.reflect.Method.invoke(Method.java:568)
       [...]
  JUnit Jupiter:PlayerTest:decayWithBaskets_4()
    MethodSource [className = 'board.PlayerTest', methodName = 'decayWithBaskets_4', methodParameterTypes = '']
    => java.lang.IndexOutOfBoundsException: Index 0 out of bounds for length 0
       java.base/jdk.internal.util.Preconditions.outOfBounds(Preconditions.java:64)
       java.base/jdk.internal.util.Preconditions.outOfBoundsCheckIndex(Preconditions.java:70)
       java.base/jdk.internal.util.Preconditions.checkIndex(Preconditions.java:266)
       java.base/java.util.Objects.checkIndex(Objects.java:359)
       java.base/java.util.ArrayList.remove(ArrayList.java:504)
       board.Display.removeElement(Display.java:19)
       board.PlayerTest.setUpBefore(PlayerTest.java:37)
       jdk.internal.reflect.GeneratedMethodAccessor1.invoke(Unknown Source)
       java.base/jdk.internal.reflect.DelegatingMethodAccessorImpl.invoke(DelegatingMethodAccessorImpl.java:43)
       java.base/java.lang.reflect.Method.invoke(Method.java:568)
       [...]
  JUnit Jupiter:PlayerTest:decayWithBaskets_5()
    MethodSource [className = 'board.PlayerTest', methodName = 'decayWithBaskets_5', methodParameterTypes = '']
    => java.lang.IndexOutOfBoundsException: Index 0 out of bounds for length 0
       java.base/jdk.internal.util.Preconditions.outOfBounds(Preconditions.java:64)
       java.base/jdk.internal.util.Preconditions.outOfBoundsCheckIndex(Preconditions.java:70)
       java.base/jdk.internal.util.Preconditions.checkIndex(Preconditions.java:266)
       java.base/java.util.Objects.checkIndex(Objects.java:359)
       java.base/java.util.ArrayList.remove(ArrayList.java:504)
       board.Display.removeElement(Display.java:19)
       board.PlayerTest.setUpBefore(PlayerTest.java:37)
       jdk.internal.reflect.GeneratedMethodAccessor1.invoke(Unknown Source)
       java.base/jdk.internal.reflect.DelegatingMethodAccessorImpl.invoke(DelegatingMethodAccessorImpl.java:43)
       java.base/java.lang.reflect.Method.invoke(Method.java:568)
       [...]
  JUnit Jupiter:PlayerTest:decayWithBaskets_6()
    MethodSource [className = 'board.PlayerTest', methodName = 'decayWithBaskets_6', methodParameterTypes = '']
    => java.lang.IndexOutOfBoundsException: Index 0 out of bounds for length 0
       java.base/jdk.internal.util.Preconditions.outOfBounds(Preconditions.java:64)
       java.base/jdk.internal.util.Preconditions.outOfBoundsCheckIndex(Preconditions.java:70)
       java.base/jdk.internal.util.Preconditions.checkIndex(Preconditions.java:266)
       java.base/java.util.Objects.checkIndex(Objects.java:359)
       java.base/java.util.ArrayList.remove(ArrayList.java:504)
       board.Display.removeElement(Display.java:19)
       board.PlayerTest.setUpBefore(PlayerTest.java:37)
       jdk.internal.reflect.GeneratedMethodAccessor1.invoke(Unknown Source)
       java.base/jdk.internal.reflect.DelegatingMethodAccessorImpl.invoke(DelegatingMethodAccessorImpl.java:43)
       java.base/java.lang.reflect.Method.invoke(Method.java:568)
       [...]
  JUnit Jupiter:PlayerTest:decayWithBaskets_7()
    MethodSource [className = 'board.PlayerTest', methodName = 'decayWithBaskets_7', methodParameterTypes = '']
    => java.lang.IndexOutOfBoundsException: Index 0 out of bounds for length 0
       java.base/jdk.internal.util.Preconditions.outOfBounds(Preconditions.java:64)
       java.base/jdk.internal.util.Preconditions.outOfBoundsCheckIndex(Preconditions.java:70)
       java.base/jdk.internal.util.Preconditions.checkIndex(Preconditions.java:266)
       java.base/java.util.Objects.checkIndex(Objects.java:359)
       java.base/java.util.ArrayList.remove(ArrayList.java:504)
       board.Display.removeElement(Display.java:19)
       board.PlayerTest.setUpBefore(PlayerTest.java:37)
       jdk.internal.reflect.GeneratedMethodAccessor1.invoke(Unknown Source)
       java.base/jdk.internal.reflect.DelegatingMethodAccessorImpl.invoke(DelegatingMethodAccessorImpl.java:43)
       java.base/java.lang.reflect.Method.invoke(Method.java:568)
       [...]
  JUnit Jupiter:PlayerTest:decayWithBaskets_8()
    MethodSource [className = 'board.PlayerTest', methodName = 'decayWithBaskets_8', methodParameterTypes = '']
    => java.lang.IndexOutOfBoundsException: Index 0 out of bounds for length 0
       java.base/jdk.internal.util.Preconditions.outOfBounds(Preconditions.java:64)
       java.base/jdk.internal.util.Preconditions.outOfBoundsCheckIndex(Preconditions.java:70)
       java.base/jdk.internal.util.Preconditions.checkIndex(Preconditions.java:266)
       java.base/java.util.Objects.checkIndex(Objects.java:359)
       java.base/java.util.ArrayList.remove(ArrayList.java:504)
       board.Display.removeElement(Display.java:19)
       board.PlayerTest.setUpBefore(PlayerTest.java:37)
       jdk.internal.reflect.GeneratedMethodAccessor1.invoke(Unknown Source)
       java.base/jdk.internal.reflect.DelegatingMethodAccessorImpl.invoke(DelegatingMethodAccessorImpl.java:43)
       java.base/java.lang.reflect.Method.invoke(Method.java:568)
       [...]
  JUnit Jupiter:PlayerTest:sellMushrooms_notExistingMushroom1()
    MethodSource [className = 'board.PlayerTest', methodName = 'sellMushrooms_notExistingMushroom1', methodParameterTypes = '']
    => java.lang.IndexOutOfBoundsException: Index 0 out of bounds for length 0
       java.base/jdk.internal.util.Preconditions.outOfBounds(Preconditions.java:64)
       java.base/jdk.internal.util.Preconditions.outOfBoundsCheckIndex(Preconditions.java:70)
       java.base/jdk.internal.util.Preconditions.checkIndex(Preconditions.java:266)
       java.base/java.util.Objects.checkIndex(Objects.java:359)
       java.base/java.util.ArrayList.remove(ArrayList.java:504)
       board.Display.removeElement(Display.java:19)
       board.PlayerTest.setUpBefore(PlayerTest.java:37)
       jdk.internal.reflect.GeneratedMethodAccessor1.invoke(Unknown Source)
       java.base/jdk.internal.reflect.DelegatingMethodAccessorImpl.invoke(DelegatingMethodAccessorImpl.java:43)
       java.base/java.lang.reflect.Method.invoke(Method.java:568)
       [...]
  JUnit Jupiter:PlayerTest:sellMushrooms_notExistingMushroom2()
    MethodSource [className = 'board.PlayerTest', methodName = 'sellMushrooms_notExistingMushroom2', methodParameterTypes = '']
    => java.lang.IndexOutOfBoundsException: Index 0 out of bounds for length 0
       java.base/jdk.internal.util.Preconditions.outOfBounds(Preconditions.java:64)
       java.base/jdk.internal.util.Preconditions.outOfBoundsCheckIndex(Preconditions.java:70)
       java.base/jdk.internal.util.Preconditions.checkIndex(Preconditions.java:266)
       java.base/java.util.Objects.checkIndex(Objects.java:359)
       java.base/java.util.ArrayList.remove(ArrayList.java:504)
       board.Display.removeElement(Display.java:19)
       board.PlayerTest.setUpBefore(PlayerTest.java:37)
       jdk.internal.reflect.GeneratedMethodAccessor1.invoke(Unknown Source)
       java.base/jdk.internal.reflect.DelegatingMethodAccessorImpl.invoke(DelegatingMethodAccessorImpl.java:43)
       java.base/java.lang.reflect.Method.invoke(Method.java:568)
       [...]
  JUnit Jupiter:PlayerTest:sellMushrooms_notExistingMushroom3()
    MethodSource [className = 'board.PlayerTest', methodName = 'sellMushrooms_notExistingMushroom3', methodParameterTypes = '']
    => java.lang.IndexOutOfBoundsException: Index 0 out of bounds for length 0
       java.base/jdk.internal.util.Preconditions.outOfBounds(Preconditions.java:64)
       java.base/jdk.internal.util.Preconditions.outOfBoundsCheckIndex(Preconditions.java:70)
       java.base/jdk.internal.util.Preconditions.checkIndex(Preconditions.java:266)
       java.base/java.util.Objects.checkIndex(Objects.java:359)
       java.base/java.util.ArrayList.remove(ArrayList.java:504)
       board.Display.removeElement(Display.java:19)
       board.PlayerTest.setUpBefore(PlayerTest.java:37)
       jdk.internal.reflect.GeneratedMethodAccessor1.invoke(Unknown Source)
       java.base/jdk.internal.reflect.DelegatingMethodAccessorImpl.invoke(DelegatingMethodAccessorImpl.java:43)
       java.base/java.lang.reflect.Method.invoke(Method.java:568)
       [...]
  JUnit Jupiter:PlayerTest:cookMushroomsCider()
    MethodSource [className = 'board.PlayerTest', methodName = 'cookMushroomsCider', methodParameterTypes = '']
    => java.lang.IndexOutOfBoundsException: Index 0 out of bounds for length 0
       java.base/jdk.internal.util.Preconditions.outOfBounds(Preconditions.java:64)
       java.base/jdk.internal.util.Preconditions.outOfBoundsCheckIndex(Preconditions.java:70)
       java.base/jdk.internal.util.Preconditions.checkIndex(Preconditions.java:266)
       java.base/java.util.Objects.checkIndex(Objects.java:359)
       java.base/java.util.ArrayList.remove(ArrayList.java:504)
       board.Display.removeElement(Display.java:19)
       board.PlayerTest.setUpBefore(PlayerTest.java:37)
       jdk.internal.reflect.GeneratedMethodAccessor1.invoke(Unknown Source)
       java.base/jdk.internal.reflect.DelegatingMethodAccessorImpl.invoke(DelegatingMethodAccessorImpl.java:43)
       java.base/java.lang.reflect.Method.invoke(Method.java:568)
       [...]
  JUnit Jupiter:PlayerTest:decayWithBasketsHandLimit(int):[1] 1
    MethodSource [className = 'board.PlayerTest', methodName = 'decayWithBasketsHandLimit', methodParameterTypes = 'int']
    => java.lang.IndexOutOfBoundsException: Index 0 out of bounds for length 0
       java.base/jdk.internal.util.Preconditions.outOfBounds(Preconditions.java:64)
       java.base/jdk.internal.util.Preconditions.outOfBoundsCheckIndex(Preconditions.java:70)
       java.base/jdk.internal.util.Preconditions.checkIndex(Preconditions.java:266)
       java.base/java.util.Objects.checkIndex(Objects.java:359)
       java.base/java.util.ArrayList.remove(ArrayList.java:504)
       board.Display.removeElement(Display.java:19)
       board.PlayerTest.setUpBefore(PlayerTest.java:37)
       jdk.internal.reflect.GeneratedMethodAccessor1.invoke(Unknown Source)
       java.base/jdk.internal.reflect.DelegatingMethodAccessorImpl.invoke(DelegatingMethodAccessorImpl.java:43)
       java.base/java.lang.reflect.Method.invoke(Method.java:568)
       [...]
  JUnit Jupiter:PlayerTest:decayWithBasketsHandLimit(int):[2] 2
    MethodSource [className = 'board.PlayerTest', methodName = 'decayWithBasketsHandLimit', methodParameterTypes = 'int']
    => java.lang.IndexOutOfBoundsException: Index 0 out of bounds for length 0
       java.base/jdk.internal.util.Preconditions.outOfBounds(Preconditions.java:64)
       java.base/jdk.internal.util.Preconditions.outOfBoundsCheckIndex(Preconditions.java:70)
       java.base/jdk.internal.util.Preconditions.checkIndex(Preconditions.java:266)
       java.base/java.util.Objects.checkIndex(Objects.java:359)
       java.base/java.util.ArrayList.remove(ArrayList.java:504)
       board.Display.removeElement(Display.java:19)
       board.PlayerTest.setUpBefore(PlayerTest.java:37)
       jdk.internal.reflect.GeneratedMethodAccessor1.invoke(Unknown Source)
       java.base/jdk.internal.reflect.DelegatingMethodAccessorImpl.invoke(DelegatingMethodAccessorImpl.java:43)
       java.base/java.lang.reflect.Method.invoke(Method.java:568)
       [...]
  JUnit Jupiter:PlayerTest:decayWithBasketsHandLimit(int):[3] 3
    MethodSource [className = 'board.PlayerTest', methodName = 'decayWithBasketsHandLimit', methodParameterTypes = 'int']
    => java.lang.IndexOutOfBoundsException: Index 0 out of bounds for length 0
       java.base/jdk.internal.util.Preconditions.outOfBounds(Preconditions.java:64)
       java.base/jdk.internal.util.Preconditions.outOfBoundsCheckIndex(Preconditions.java:70)
       java.base/jdk.internal.util.Preconditions.checkIndex(Preconditions.java:266)
       java.base/java.util.Objects.checkIndex(Objects.java:359)
       java.base/java.util.ArrayList.remove(ArrayList.java:504)
       board.Display.removeElement(Display.java:19)
       board.PlayerTest.setUpBefore(PlayerTest.java:37)
       jdk.internal.reflect.GeneratedMethodAccessor1.invoke(Unknown Source)
       java.base/jdk.internal.reflect.DelegatingMethodAccessorImpl.invoke(DelegatingMethodAccessorImpl.java:43)
       java.base/java.lang.reflect.Method.invoke(Method.java:568)
       [...]
  JUnit Jupiter:PlayerTest:decayWithBasketsHandLimit(int):[4] 4
    MethodSource [className = 'board.PlayerTest', methodName = 'decayWithBasketsHandLimit', methodParameterTypes = 'int']
    => java.lang.IndexOutOfBoundsException: Index 0 out of bounds for length 0
       java.base/jdk.internal.util.Preconditions.outOfBounds(Preconditions.java:64)
       java.base/jdk.internal.util.Preconditions.outOfBoundsCheckIndex(Preconditions.java:70)
       java.base/jdk.internal.util.Preconditions.checkIndex(Preconditions.java:266)
       java.base/java.util.Objects.checkIndex(Objects.java:359)
       java.base/java.util.ArrayList.remove(ArrayList.java:504)
       board.Display.removeElement(Display.java:19)
       board.PlayerTest.setUpBefore(PlayerTest.java:37)
       jdk.internal.reflect.GeneratedMethodAccessor1.invoke(Unknown Source)
       java.base/jdk.internal.reflect.DelegatingMethodAccessorImpl.invoke(DelegatingMethodAccessorImpl.java:43)
       java.base/java.lang.reflect.Method.invoke(Method.java:568)
       [...]
  JUnit Jupiter:PlayerTest:cookNotSameMushroomsDespiteHavingEnough()
    MethodSource [className = 'board.PlayerTest', methodName = 'cookNotSameMushroomsDespiteHavingEnough', methodParameterTypes = '']
    => java.lang.IndexOutOfBoundsException: Index 0 out of bounds for length 0
       java.base/jdk.internal.util.Preconditions.outOfBounds(Preconditions.java:64)
       java.base/jdk.internal.util.Preconditions.outOfBoundsCheckIndex(Preconditions.java:70)
       java.base/jdk.internal.util.Preconditions.checkIndex(Preconditions.java:266)
       java.base/java.util.Objects.checkIndex(Objects.java:359)
       java.base/java.util.ArrayList.remove(ArrayList.java:504)
       board.Display.removeElement(Display.java:19)
       board.PlayerTest.setUpBefore(PlayerTest.java:37)
       jdk.internal.reflect.GeneratedMethodAccessor1.invoke(Unknown Source)
       java.base/jdk.internal.reflect.DelegatingMethodAccessorImpl.invoke(DelegatingMethodAccessorImpl.java:43)
       java.base/java.lang.reflect.Method.invoke(Method.java:568)
       [...]
  JUnit Jupiter:PlayerTest:cookMushroomsEnoughPanonHandScoreBB_N()
    MethodSource [className = 'board.PlayerTest', methodName = 'cookMushroomsEnoughPanonHandScoreBB_N', methodParameterTypes = '']
    => java.lang.IndexOutOfBoundsException: Index 0 out of bounds for length 0
       java.base/jdk.internal.util.Preconditions.outOfBounds(Preconditions.java:64)
       java.base/jdk.internal.util.Preconditions.outOfBoundsCheckIndex(Preconditions.java:70)
       java.base/jdk.internal.util.Preconditions.checkIndex(Preconditions.java:266)
       java.base/java.util.Objects.checkIndex(Objects.java:359)
       java.base/java.util.ArrayList.remove(ArrayList.java:504)
       board.Display.removeElement(Display.java:19)
       board.PlayerTest.setUpBefore(PlayerTest.java:37)
       jdk.internal.reflect.GeneratedMethodAccessor1.invoke(Unknown Source)
       java.base/jdk.internal.reflect.DelegatingMethodAccessorImpl.invoke(DelegatingMethodAccessorImpl.java:43)
       java.base/java.lang.reflect.Method.invoke(Method.java:568)
       [...]
  JUnit Jupiter:PlayerTest:cookMushroomsEnoughPanonHandScoreCH_N()
    MethodSource [className = 'board.PlayerTest', methodName = 'cookMushroomsEnoughPanonHandScoreCH_N', methodParameterTypes = '']
    => java.lang.IndexOutOfBoundsException: Index 0 out of bounds for length 0
       java.base/jdk.internal.util.Preconditions.outOfBounds(Preconditions.java:64)
       java.base/jdk.internal.util.Preconditions.outOfBoundsCheckIndex(Preconditions.java:70)
       java.base/jdk.internal.util.Preconditions.checkIndex(Preconditions.java:266)
       java.base/java.util.Objects.checkIndex(Objects.java:359)
       java.base/java.util.ArrayList.remove(ArrayList.java:504)
       board.Display.removeElement(Display.java:19)
       board.PlayerTest.setUpBefore(PlayerTest.java:37)
       jdk.internal.reflect.GeneratedMethodAccessor1.invoke(Unknown Source)
       java.base/jdk.internal.reflect.DelegatingMethodAccessorImpl.invoke(DelegatingMethodAccessorImpl.java:43)
       java.base/java.lang.reflect.Method.invoke(Method.java:568)
       [...]
  JUnit Jupiter:PlayerTest:cookMushroomsEnoughPanonHandScoreHF_N()
    MethodSource [className = 'board.PlayerTest', methodName = 'cookMushroomsEnoughPanonHandScoreHF_N', methodParameterTypes = '']
    => java.lang.IndexOutOfBoundsException: Index 0 out of bounds for length 0
       java.base/jdk.internal.util.Preconditions.outOfBounds(Preconditions.java:64)
       java.base/jdk.internal.util.Preconditions.outOfBoundsCheckIndex(Preconditions.java:70)
       java.base/jdk.internal.util.Preconditions.checkIndex(Preconditions.java:266)
       java.base/java.util.Objects.checkIndex(Objects.java:359)
       java.base/java.util.ArrayList.remove(ArrayList.java:504)
       board.Display.removeElement(Display.java:19)
       board.PlayerTest.setUpBefore(PlayerTest.java:37)
       jdk.internal.reflect.GeneratedMethodAccessor1.invoke(Unknown Source)
       java.base/jdk.internal.reflect.DelegatingMethodAccessorImpl.invoke(DelegatingMethodAccessorImpl.java:43)
       java.base/java.lang.reflect.Method.invoke(Method.java:568)
       [...]
  JUnit Jupiter:PlayerTest:cookMushroomsEnoughPanonHandScoreMO_N()
    MethodSource [className = 'board.PlayerTest', methodName = 'cookMushroomsEnoughPanonHandScoreMO_N', methodParameterTypes = '']
    => java.lang.IndexOutOfBoundsException: Index 0 out of bounds for length 0
       java.base/jdk.internal.util.Preconditions.outOfBounds(Preconditions.java:64)
       java.base/jdk.internal.util.Preconditions.outOfBoundsCheckIndex(Preconditions.java:70)
       java.base/jdk.internal.util.Preconditions.checkIndex(Preconditions.java:266)
       java.base/java.util.Objects.checkIndex(Objects.java:359)
       java.base/java.util.ArrayList.remove(ArrayList.java:504)
       board.Display.removeElement(Display.java:19)
       board.PlayerTest.setUpBefore(PlayerTest.java:37)
       jdk.internal.reflect.GeneratedMethodAccessor1.invoke(Unknown Source)
       java.base/jdk.internal.reflect.DelegatingMethodAccessorImpl.invoke(DelegatingMethodAccessorImpl.java:43)
       java.base/java.lang.reflect.Method.invoke(Method.java:568)
       [...]
  JUnit Jupiter:PlayerTest:cookMushroomsEnoughPanonHandScoreSH_N()
    MethodSource [className = 'board.PlayerTest', methodName = 'cookMushroomsEnoughPanonHandScoreSH_N', methodParameterTypes = '']
    => java.lang.IndexOutOfBoundsException: Index 0 out of bounds for length 0
       java.base/jdk.internal.util.Preconditions.outOfBounds(Preconditions.java:64)
       java.base/jdk.internal.util.Preconditions.outOfBoundsCheckIndex(Preconditions.java:70)
       java.base/jdk.internal.util.Preconditions.checkIndex(Preconditions.java:266)
       java.base/java.util.Objects.checkIndex(Objects.java:359)
       java.base/java.util.ArrayList.remove(ArrayList.java:504)
       board.Display.removeElement(Display.java:19)
       board.PlayerTest.setUpBefore(PlayerTest.java:37)
       jdk.internal.reflect.GeneratedMethodAccessor1.invoke(Unknown Source)
       java.base/jdk.internal.reflect.DelegatingMethodAccessorImpl.invoke(DelegatingMethodAccessorImpl.java:43)
       java.base/java.lang.reflect.Method.invoke(Method.java:568)
       [...]
  JUnit Jupiter:PlayerTest:cookMushroomsEnoughPanonHandScoreSH_NoPan()
    MethodSource [className = 'board.PlayerTest', methodName = 'cookMushroomsEnoughPanonHandScoreSH_NoPan', methodParameterTypes = '']
    => java.lang.IndexOutOfBoundsException: Index 0 out of bounds for length 0
       java.base/jdk.internal.util.Preconditions.outOfBounds(Preconditions.java:64)
       java.base/jdk.internal.util.Preconditions.outOfBoundsCheckIndex(Preconditions.java:70)
       java.base/jdk.internal.util.Preconditions.checkIndex(Preconditions.java:266)
       java.base/java.util.Objects.checkIndex(Objects.java:359)
       java.base/java.util.ArrayList.remove(ArrayList.java:504)
       board.Display.removeElement(Display.java:19)
       board.PlayerTest.setUpBefore(PlayerTest.java:37)
       jdk.internal.reflect.GeneratedMethodAccessor1.invoke(Unknown Source)
       java.base/jdk.internal.reflect.DelegatingMethodAccessorImpl.invoke(DelegatingMethodAccessorImpl.java:43)
       java.base/java.lang.reflect.Method.invoke(Method.java:568)
       [...]
  JUnit Jupiter:PlayerTest:takeFromForest_checkmaxhand_fail_nosticks_basket(int):[1] 3
    MethodSource [className = 'board.PlayerTest', methodName = 'takeFromForest_checkmaxhand_fail_nosticks_basket', methodParameterTypes = 'int']
    => java.lang.IndexOutOfBoundsException: Index 0 out of bounds for length 0
       java.base/jdk.internal.util.Preconditions.outOfBounds(Preconditions.java:64)
       java.base/jdk.internal.util.Preconditions.outOfBoundsCheckIndex(Preconditions.java:70)
       java.base/jdk.internal.util.Preconditions.checkIndex(Preconditions.java:266)
       java.base/java.util.Objects.checkIndex(Objects.java:359)
       java.base/java.util.ArrayList.remove(ArrayList.java:504)
       board.Display.removeElement(Display.java:19)
       board.PlayerTest.setUpBefore(PlayerTest.java:37)
       jdk.internal.reflect.GeneratedMethodAccessor1.invoke(Unknown Source)
       java.base/jdk.internal.reflect.DelegatingMethodAccessorImpl.invoke(DelegatingMethodAccessorImpl.java:43)
       java.base/java.lang.reflect.Method.invoke(Method.java:568)
       [...]
  JUnit Jupiter:PlayerTest:takeFromForest_checkmaxhand_fail_nosticks_basket(int):[2] 4
    MethodSource [className = 'board.PlayerTest', methodName = 'takeFromForest_checkmaxhand_fail_nosticks_basket', methodParameterTypes = 'int']
    => java.lang.IndexOutOfBoundsException: Index 0 out of bounds for length 0
       java.base/jdk.internal.util.Preconditions.outOfBounds(Preconditions.java:64)
       java.base/jdk.internal.util.Preconditions.outOfBoundsCheckIndex(Preconditions.java:70)
       java.base/jdk.internal.util.Preconditions.checkIndex(Preconditions.java:266)
       java.base/java.util.Objects.checkIndex(Objects.java:359)
       java.base/java.util.ArrayList.remove(ArrayList.java:504)
       board.Display.removeElement(Display.java:19)
       board.PlayerTest.setUpBefore(PlayerTest.java:37)
       jdk.internal.reflect.GeneratedMethodAccessor1.invoke(Unknown Source)
       java.base/jdk.internal.reflect.DelegatingMethodAccessorImpl.invoke(DelegatingMethodAccessorImpl.java:43)
       java.base/java.lang.reflect.Method.invoke(Method.java:568)
       [...]
  JUnit Jupiter:PlayerTest:takeFromForest_checkmaxhand_fail_nosticks_basket(int):[3] 5
    MethodSource [className = 'board.PlayerTest', methodName = 'takeFromForest_checkmaxhand_fail_nosticks_basket', methodParameterTypes = 'int']
    => java.lang.IndexOutOfBoundsException: Index 0 out of bounds for length 0
       java.base/jdk.internal.util.Preconditions.outOfBounds(Preconditions.java:64)
       java.base/jdk.internal.util.Preconditions.outOfBoundsCheckIndex(Preconditions.java:70)
       java.base/jdk.internal.util.Preconditions.checkIndex(Preconditions.java:266)
       java.base/java.util.Objects.checkIndex(Objects.java:359)
       java.base/java.util.ArrayList.remove(ArrayList.java:504)
       board.Display.removeElement(Display.java:19)
       board.PlayerTest.setUpBefore(PlayerTest.java:37)
       jdk.internal.reflect.GeneratedMethodAccessor1.invoke(Unknown Source)
       java.base/jdk.internal.reflect.DelegatingMethodAccessorImpl.invoke(DelegatingMethodAccessorImpl.java:43)
       java.base/java.lang.reflect.Method.invoke(Method.java:568)
       [...]
  JUnit Jupiter:PlayerTest:takeFromForest_checkmaxhand_fail_nosticks_basket(int):[4] 6
    MethodSource [className = 'board.PlayerTest', methodName = 'takeFromForest_checkmaxhand_fail_nosticks_basket', methodParameterTypes = 'int']
    => java.lang.IndexOutOfBoundsException: Index 0 out of bounds for length 0
       java.base/jdk.internal.util.Preconditions.outOfBounds(Preconditions.java:64)
       java.base/jdk.internal.util.Preconditions.outOfBoundsCheckIndex(Preconditions.java:70)
       java.base/jdk.internal.util.Preconditions.checkIndex(Preconditions.java:266)
       java.base/java.util.Objects.checkIndex(Objects.java:359)
       java.base/java.util.ArrayList.remove(ArrayList.java:504)
       board.Display.removeElement(Display.java:19)
       board.PlayerTest.setUpBefore(PlayerTest.java:37)
       jdk.internal.reflect.GeneratedMethodAccessor1.invoke(Unknown Source)
       java.base/jdk.internal.reflect.DelegatingMethodAccessorImpl.invoke(DelegatingMethodAccessorImpl.java:43)
       java.base/java.lang.reflect.Method.invoke(Method.java:568)
       [...]
  JUnit Jupiter:PlayerTest:takeFromForest_checkmaxhand_fail_nosticks_basket(int):[5] 7
    MethodSource [className = 'board.PlayerTest', methodName = 'takeFromForest_checkmaxhand_fail_nosticks_basket', methodParameterTypes = 'int']
    => java.lang.IndexOutOfBoundsException: Index 0 out of bounds for length 0
       java.base/jdk.internal.util.Preconditions.outOfBounds(Preconditions.java:64)
       java.base/jdk.internal.util.Preconditions.outOfBoundsCheckIndex(Preconditions.java:70)
       java.base/jdk.internal.util.Preconditions.checkIndex(Preconditions.java:266)
       java.base/java.util.Objects.checkIndex(Objects.java:359)
       java.base/java.util.ArrayList.remove(ArrayList.java:504)
       board.Display.removeElement(Display.java:19)
       board.PlayerTest.setUpBefore(PlayerTest.java:37)
       jdk.internal.reflect.GeneratedMethodAccessor1.invoke(Unknown Source)
       java.base/jdk.internal.reflect.DelegatingMethodAccessorImpl.invoke(DelegatingMethodAccessorImpl.java:43)
       java.base/java.lang.reflect.Method.invoke(Method.java:568)
       [...]
  JUnit Jupiter:PlayerTest:takeFromForest_checkmaxhand_fail_nosticks_basket(int):[6] 8
    MethodSource [className = 'board.PlayerTest', methodName = 'takeFromForest_checkmaxhand_fail_nosticks_basket', methodParameterTypes = 'int']
    => java.lang.IndexOutOfBoundsException: Index 0 out of bounds for length 0
       java.base/jdk.internal.util.Preconditions.outOfBounds(Preconditions.java:64)
       java.base/jdk.internal.util.Preconditions.outOfBoundsCheckIndex(Preconditions.java:70)
       java.base/jdk.internal.util.Preconditions.checkIndex(Preconditions.java:266)
       java.base/java.util.Objects.checkIndex(Objects.java:359)
       java.base/java.util.ArrayList.remove(ArrayList.java:504)
       board.Display.removeElement(Display.java:19)
       board.PlayerTest.setUpBefore(PlayerTest.java:37)
       jdk.internal.reflect.GeneratedMethodAccessor1.invoke(Unknown Source)
       java.base/jdk.internal.reflect.DelegatingMethodAccessorImpl.invoke(DelegatingMethodAccessorImpl.java:43)
       java.base/java.lang.reflect.Method.invoke(Method.java:568)
       [...]
  JUnit Jupiter:PlayerTest:cookMushroomsEnoughPanonHandScoreMO_NoPan()
    MethodSource [className = 'board.PlayerTest', methodName = 'cookMushroomsEnoughPanonHandScoreMO_NoPan', methodParameterTypes = '']
    => java.lang.IndexOutOfBoundsException: Index 0 out of bounds for length 0
       java.base/jdk.internal.util.Preconditions.outOfBounds(Preconditions.java:64)
       java.base/jdk.internal.util.Preconditions.outOfBoundsCheckIndex(Preconditions.java:70)
       java.base/jdk.internal.util.Preconditions.checkIndex(Preconditions.java:266)
       java.base/java.util.Objects.checkIndex(Objects.java:359)
       java.base/java.util.ArrayList.remove(ArrayList.java:504)
       board.Display.removeElement(Display.java:19)
       board.PlayerTest.setUpBefore(PlayerTest.java:37)
       jdk.internal.reflect.GeneratedMethodAccessor1.invoke(Unknown Source)
       java.base/jdk.internal.reflect.DelegatingMethodAccessorImpl.invoke(DelegatingMethodAccessorImpl.java:43)
       java.base/java.lang.reflect.Method.invoke(Method.java:568)
       [...]
  JUnit Jupiter:PlayerTest:cookMushroomsCiderandButterScoreFailNoPan()
    MethodSource [className = 'board.PlayerTest', methodName = 'cookMushroomsCiderandButterScoreFailNoPan', methodParameterTypes = '']
    => java.lang.IndexOutOfBoundsException: Index 0 out of bounds for length 0
       java.base/jdk.internal.util.Preconditions.outOfBounds(Preconditions.java:64)
       java.base/jdk.internal.util.Preconditions.outOfBoundsCheckIndex(Preconditions.java:70)
       java.base/jdk.internal.util.Preconditions.checkIndex(Preconditions.java:266)
       java.base/java.util.Objects.checkIndex(Objects.java:359)
       java.base/java.util.ArrayList.remove(ArrayList.java:504)
       board.Display.removeElement(Display.java:19)
       board.PlayerTest.setUpBefore(PlayerTest.java:37)
       jdk.internal.reflect.GeneratedMethodAccessor1.invoke(Unknown Source)
       java.base/jdk.internal.reflect.DelegatingMethodAccessorImpl.invoke(DelegatingMethodAccessorImpl.java:43)
       java.base/java.lang.reflect.Method.invoke(Method.java:568)
       [...]
  JUnit Jupiter:PlayerTest:panDown_Pan_PanRemovedfromHand(int):[1] 2
    MethodSource [className = 'board.PlayerTest', methodName = 'panDown_Pan_PanRemovedfromHand', methodParameterTypes = 'int']
    => java.lang.IndexOutOfBoundsException: Index 0 out of bounds for length 0
       java.base/jdk.internal.util.Preconditions.outOfBounds(Preconditions.java:64)
       java.base/jdk.internal.util.Preconditions.outOfBoundsCheckIndex(Preconditions.java:70)
       java.base/jdk.internal.util.Preconditions.checkIndex(Preconditions.java:266)
       java.base/java.util.Objects.checkIndex(Objects.java:359)
       java.base/java.util.ArrayList.remove(ArrayList.java:504)
       board.Display.removeElement(Display.java:19)
       board.PlayerTest.setUpBefore(PlayerTest.java:37)
       jdk.internal.reflect.GeneratedMethodAccessor1.invoke(Unknown Source)
       java.base/jdk.internal.reflect.DelegatingMethodAccessorImpl.invoke(DelegatingMethodAccessorImpl.java:43)
       java.base/java.lang.reflect.Method.invoke(Method.java:568)
       [...]
  JUnit Jupiter:PlayerTest:panDown_Pan_PanRemovedfromHand(int):[2] 3
    MethodSource [className = 'board.PlayerTest', methodName = 'panDown_Pan_PanRemovedfromHand', methodParameterTypes = 'int']
    => java.lang.IndexOutOfBoundsException: Index 0 out of bounds for length 0
       java.base/jdk.internal.util.Preconditions.outOfBounds(Preconditions.java:64)
       java.base/jdk.internal.util.Preconditions.outOfBoundsCheckIndex(Preconditions.java:70)
       java.base/jdk.internal.util.Preconditions.checkIndex(Preconditions.java:266)
       java.base/java.util.Objects.checkIndex(Objects.java:359)
       java.base/java.util.ArrayList.remove(ArrayList.java:504)
       board.Display.removeElement(Display.java:19)
       board.PlayerTest.setUpBefore(PlayerTest.java:37)
       jdk.internal.reflect.GeneratedMethodAccessor1.invoke(Unknown Source)
       java.base/jdk.internal.reflect.DelegatingMethodAccessorImpl.invoke(DelegatingMethodAccessorImpl.java:43)
       java.base/java.lang.reflect.Method.invoke(Method.java:568)
       [...]
  JUnit Jupiter:PlayerTest:panDown_Pan_PanRemovedfromHand(int):[3] 4
    MethodSource [className = 'board.PlayerTest', methodName = 'panDown_Pan_PanRemovedfromHand', methodParameterTypes = 'int']
    => java.lang.IndexOutOfBoundsException: Index 0 out of bounds for length 0
       java.base/jdk.internal.util.Preconditions.outOfBounds(Preconditions.java:64)
       java.base/jdk.internal.util.Preconditions.outOfBoundsCheckIndex(Preconditions.java:70)
       java.base/jdk.internal.util.Preconditions.checkIndex(Preconditions.java:266)
       java.base/java.util.Objects.checkIndex(Objects.java:359)
       java.base/java.util.ArrayList.remove(ArrayList.java:504)
       board.Display.removeElement(Display.java:19)
       board.PlayerTest.setUpBefore(PlayerTest.java:37)
       jdk.internal.reflect.GeneratedMethodAccessor1.invoke(Unknown Source)
       java.base/jdk.internal.reflect.DelegatingMethodAccessorImpl.invoke(DelegatingMethodAccessorImpl.java:43)
       java.base/java.lang.reflect.Method.invoke(Method.java:568)
       [...]
  JUnit Jupiter:PlayerTest:cookMushroomsEnoughPanonHandNonEd()
    MethodSource [className = 'board.PlayerTest', methodName = 'cookMushroomsEnoughPanonHandNonEd', methodParameterTypes = '']
    => java.lang.IndexOutOfBoundsException: Index 0 out of bounds for length 0
       java.base/jdk.internal.util.Preconditions.outOfBounds(Preconditions.java:64)
       java.base/jdk.internal.util.Preconditions.outOfBoundsCheckIndex(Preconditions.java:70)
       java.base/jdk.internal.util.Preconditions.checkIndex(Preconditions.java:266)
       java.base/java.util.Objects.checkIndex(Objects.java:359)
       java.base/java.util.ArrayList.remove(ArrayList.java:504)
       board.Display.removeElement(Display.java:19)
       board.PlayerTest.setUpBefore(PlayerTest.java:37)
       jdk.internal.reflect.GeneratedMethodAccessor1.invoke(Unknown Source)
       java.base/jdk.internal.reflect.DelegatingMethodAccessorImpl.invoke(DelegatingMethodAccessorImpl.java:43)
       java.base/java.lang.reflect.Method.invoke(Method.java:568)
       [...]
  JUnit Jupiter:PlayerTest:takeFromForest_position3to7_5sticks()
    MethodSource [className = 'board.PlayerTest', methodName = 'takeFromForest_position3to7_5sticks', methodParameterTypes = '']
    => java.lang.IndexOutOfBoundsException: Index 0 out of bounds for length 0
       java.base/jdk.internal.util.Preconditions.outOfBounds(Preconditions.java:64)
       java.base/jdk.internal.util.Preconditions.outOfBoundsCheckIndex(Preconditions.java:70)
       java.base/jdk.internal.util.Preconditions.checkIndex(Preconditions.java:266)
       java.base/java.util.Objects.checkIndex(Objects.java:359)
       java.base/java.util.ArrayList.remove(ArrayList.java:504)
       board.Display.removeElement(Display.java:19)
       board.PlayerTest.setUpBefore(PlayerTest.java:37)
       jdk.internal.reflect.GeneratedMethodAccessor1.invoke(Unknown Source)
       java.base/jdk.internal.reflect.DelegatingMethodAccessorImpl.invoke(DelegatingMethodAccessorImpl.java:43)
       java.base/java.lang.reflect.Method.invoke(Method.java:568)
       [...]
  JUnit Jupiter:PlayerTest:takeFromForest_position3to7_5sticks(int):[1] 3
    MethodSource [className = 'board.PlayerTest', methodName = 'takeFromForest_position3to7_5sticks', methodParameterTypes = 'int']
    => java.lang.IndexOutOfBoundsException: Index 0 out of bounds for length 0
       java.base/jdk.internal.util.Preconditions.outOfBounds(Preconditions.java:64)
       java.base/jdk.internal.util.Preconditions.outOfBoundsCheckIndex(Preconditions.java:70)
       java.base/jdk.internal.util.Preconditions.checkIndex(Preconditions.java:266)
       java.base/java.util.Objects.checkIndex(Objects.java:359)
       java.base/java.util.ArrayList.remove(ArrayList.java:504)
       board.Display.removeElement(Display.java:19)
       board.PlayerTest.setUpBefore(PlayerTest.java:37)
       jdk.internal.reflect.GeneratedMethodAccessor1.invoke(Unknown Source)
       java.base/jdk.internal.reflect.DelegatingMethodAccessorImpl.invoke(DelegatingMethodAccessorImpl.java:43)
       java.base/java.lang.reflect.Method.invoke(Method.java:568)
       [...]
  JUnit Jupiter:PlayerTest:takeFromForest_position3to7_5sticks(int):[2] 4
    MethodSource [className = 'board.PlayerTest', methodName = 'takeFromForest_position3to7_5sticks', methodParameterTypes = 'int']
    => java.lang.IndexOutOfBoundsException: Index 0 out of bounds for length 0
       java.base/jdk.internal.util.Preconditions.outOfBounds(Preconditions.java:64)
       java.base/jdk.internal.util.Preconditions.outOfBoundsCheckIndex(Preconditions.java:70)
       java.base/jdk.internal.util.Preconditions.checkIndex(Preconditions.java:266)
       java.base/java.util.Objects.checkIndex(Objects.java:359)
       java.base/java.util.ArrayList.remove(ArrayList.java:504)
       board.Display.removeElement(Display.java:19)
       board.PlayerTest.setUpBefore(PlayerTest.java:37)
       jdk.internal.reflect.GeneratedMethodAccessor1.invoke(Unknown Source)
       java.base/jdk.internal.reflect.DelegatingMethodAccessorImpl.invoke(DelegatingMethodAccessorImpl.java:43)
       java.base/java.lang.reflect.Method.invoke(Method.java:568)
       [...]
  JUnit Jupiter:PlayerTest:takeFromForest_position3to7_5sticks(int):[3] 5
    MethodSource [className = 'board.PlayerTest', methodName = 'takeFromForest_position3to7_5sticks', methodParameterTypes = 'int']
    => java.lang.IndexOutOfBoundsException: Index 0 out of bounds for length 0
       java.base/jdk.internal.util.Preconditions.outOfBounds(Preconditions.java:64)
       java.base/jdk.internal.util.Preconditions.outOfBoundsCheckIndex(Preconditions.java:70)
       java.base/jdk.internal.util.Preconditions.checkIndex(Preconditions.java:266)
       java.base/java.util.Objects.checkIndex(Objects.java:359)
       java.base/java.util.ArrayList.remove(ArrayList.java:504)
       board.Display.removeElement(Display.java:19)
       board.PlayerTest.setUpBefore(PlayerTest.java:37)
       jdk.internal.reflect.GeneratedMethodAccessor1.invoke(Unknown Source)
       java.base/jdk.internal.reflect.DelegatingMethodAccessorImpl.invoke(DelegatingMethodAccessorImpl.java:43)
       java.base/java.lang.reflect.Method.invoke(Method.java:568)
       [...]
  JUnit Jupiter:PlayerTest:takeFromForest_position3to7_5sticks(int):[4] 6
    MethodSource [className = 'board.PlayerTest', methodName = 'takeFromForest_position3to7_5sticks', methodParameterTypes = 'int']
    => java.lang.IndexOutOfBoundsException: Index 0 out of bounds for length 0
       java.base/jdk.internal.util.Preconditions.outOfBounds(Preconditions.java:64)
       java.base/jdk.internal.util.Preconditions.outOfBoundsCheckIndex(Preconditions.java:70)
       java.base/jdk.internal.util.Preconditions.checkIndex(Preconditions.java:266)
       java.base/java.util.Objects.checkIndex(Objects.java:359)
       java.base/java.util.ArrayList.remove(ArrayList.java:504)
       board.Display.removeElement(Display.java:19)
       board.PlayerTest.setUpBefore(PlayerTest.java:37)
       jdk.internal.reflect.GeneratedMethodAccessor1.invoke(Unknown Source)
       java.base/jdk.internal.reflect.DelegatingMethodAccessorImpl.invoke(DelegatingMethodAccessorImpl.java:43)
       java.base/java.lang.reflect.Method.invoke(Method.java:568)
       [...]
  JUnit Jupiter:PlayerTest:takeFromForest_position3to7_5sticks(int):[5] 7
    MethodSource [className = 'board.PlayerTest', methodName = 'takeFromForest_position3to7_5sticks', methodParameterTypes = 'int']
    => java.lang.IndexOutOfBoundsException: Index 0 out of bounds for length 0
       java.base/jdk.internal.util.Preconditions.outOfBounds(Preconditions.java:64)
       java.base/jdk.internal.util.Preconditions.outOfBoundsCheckIndex(Preconditions.java:70)
       java.base/jdk.internal.util.Preconditions.checkIndex(Preconditions.java:266)
       java.base/java.util.Objects.checkIndex(Objects.java:359)
       java.base/java.util.ArrayList.remove(ArrayList.java:504)
       board.Display.removeElement(Display.java:19)
       board.PlayerTest.setUpBefore(PlayerTest.java:37)
       jdk.internal.reflect.GeneratedMethodAccessor1.invoke(Unknown Source)
       java.base/jdk.internal.reflect.DelegatingMethodAccessorImpl.invoke(DelegatingMethodAccessorImpl.java:43)
       java.base/java.lang.reflect.Method.invoke(Method.java:568)
       [...]
  JUnit Jupiter:PlayerTest:takeFromForest_37_checksticks(int):[1] 3
    MethodSource [className = 'board.PlayerTest', methodName = 'takeFromForest_37_checksticks', methodParameterTypes = 'int']
    => java.lang.IndexOutOfBoundsException: Index 0 out of bounds for length 0
       java.base/jdk.internal.util.Preconditions.outOfBounds(Preconditions.java:64)
       java.base/jdk.internal.util.Preconditions.outOfBoundsCheckIndex(Preconditions.java:70)
       java.base/jdk.internal.util.Preconditions.checkIndex(Preconditions.java:266)
       java.base/java.util.Objects.checkIndex(Objects.java:359)
       java.base/java.util.ArrayList.remove(ArrayList.java:504)
       board.Display.removeElement(Display.java:19)
       board.PlayerTest.setUpBefore(PlayerTest.java:37)
       jdk.internal.reflect.GeneratedMethodAccessor1.invoke(Unknown Source)
       java.base/jdk.internal.reflect.DelegatingMethodAccessorImpl.invoke(DelegatingMethodAccessorImpl.java:43)
       java.base/java.lang.reflect.Method.invoke(Method.java:568)
       [...]
  JUnit Jupiter:PlayerTest:takeFromForest_37_checksticks(int):[2] 4
    MethodSource [className = 'board.PlayerTest', methodName = 'takeFromForest_37_checksticks', methodParameterTypes = 'int']
    => java.lang.IndexOutOfBoundsException: Index 0 out of bounds for length 0
       java.base/jdk.internal.util.Preconditions.outOfBounds(Preconditions.java:64)
       java.base/jdk.internal.util.Preconditions.outOfBoundsCheckIndex(Preconditions.java:70)
       java.base/jdk.internal.util.Preconditions.checkIndex(Preconditions.java:266)
       java.base/java.util.Objects.checkIndex(Objects.java:359)
       java.base/java.util.ArrayList.remove(ArrayList.java:504)
       board.Display.removeElement(Display.java:19)
       board.PlayerTest.setUpBefore(PlayerTest.java:37)
       jdk.internal.reflect.GeneratedMethodAccessor1.invoke(Unknown Source)
       java.base/jdk.internal.reflect.DelegatingMethodAccessorImpl.invoke(DelegatingMethodAccessorImpl.java:43)
       java.base/java.lang.reflect.Method.invoke(Method.java:568)
       [...]
  JUnit Jupiter:PlayerTest:takeFromForest_37_checksticks(int):[3] 5
    MethodSource [className = 'board.PlayerTest', methodName = 'takeFromForest_37_checksticks', methodParameterTypes = 'int']
    => java.lang.IndexOutOfBoundsException: Index 0 out of bounds for length 0
       java.base/jdk.internal.util.Preconditions.outOfBounds(Preconditions.java:64)
       java.base/jdk.internal.util.Preconditions.outOfBoundsCheckIndex(Preconditions.java:70)
       java.base/jdk.internal.util.Preconditions.checkIndex(Preconditions.java:266)
       java.base/java.util.Objects.checkIndex(Objects.java:359)
       java.base/java.util.ArrayList.remove(ArrayList.java:504)
       board.Display.removeElement(Display.java:19)
       board.PlayerTest.setUpBefore(PlayerTest.java:37)
       jdk.internal.reflect.GeneratedMethodAccessor1.invoke(Unknown Source)
       java.base/jdk.internal.reflect.DelegatingMethodAccessorImpl.invoke(DelegatingMethodAccessorImpl.java:43)
       java.base/java.lang.reflect.Method.invoke(Method.java:568)
       [...]
  JUnit Jupiter:PlayerTest:takeFromForest_37_checksticks(int):[4] 6
    MethodSource [className = 'board.PlayerTest', methodName = 'takeFromForest_37_checksticks', methodParameterTypes = 'int']
    => java.lang.IndexOutOfBoundsException: Index 0 out of bounds for length 0
       java.base/jdk.internal.util.Preconditions.outOfBounds(Preconditions.java:64)
       java.base/jdk.internal.util.Preconditions.outOfBoundsCheckIndex(Preconditions.java:70)
       java.base/jdk.internal.util.Preconditions.checkIndex(Preconditions.java:266)
       java.base/java.util.Objects.checkIndex(Objects.java:359)
       java.base/java.util.ArrayList.remove(ArrayList.java:504)
       board.Display.removeElement(Display.java:19)
       board.PlayerTest.setUpBefore(PlayerTest.java:37)
       jdk.internal.reflect.GeneratedMethodAccessor1.invoke(Unknown Source)
       java.base/jdk.internal.reflect.DelegatingMethodAccessorImpl.invoke(DelegatingMethodAccessorImpl.java:43)
       java.base/java.lang.reflect.Method.invoke(Method.java:568)
       [...]
  JUnit Jupiter:PlayerTest:takeFromForest_37_checksticks(int):[5] 7
    MethodSource [className = 'board.PlayerTest', methodName = 'takeFromForest_37_checksticks', methodParameterTypes = 'int']
    => java.lang.IndexOutOfBoundsException: Index 0 out of bounds for length 0
       java.base/jdk.internal.util.Preconditions.outOfBounds(Preconditions.java:64)
       java.base/jdk.internal.util.Preconditions.outOfBoundsCheckIndex(Preconditions.java:70)
       java.base/jdk.internal.util.Preconditions.checkIndex(Preconditions.java:266)
       java.base/java.util.Objects.checkIndex(Objects.java:359)
       java.base/java.util.ArrayList.remove(ArrayList.java:504)
       board.Display.removeElement(Display.java:19)
       board.PlayerTest.setUpBefore(PlayerTest.java:37)
       jdk.internal.reflect.GeneratedMethodAccessor1.invoke(Unknown Source)
       java.base/jdk.internal.reflect.DelegatingMethodAccessorImpl.invoke(DelegatingMethodAccessorImpl.java:43)
       java.base/java.lang.reflect.Method.invoke(Method.java:568)
       [...]
  JUnit Jupiter:PlayerTest:cookNightMushrooms1()
    MethodSource [className = 'board.PlayerTest', methodName = 'cookNightMushrooms1', methodParameterTypes = '']
    => java.lang.IndexOutOfBoundsException: Index 0 out of bounds for length 0
       java.base/jdk.internal.util.Preconditions.outOfBounds(Preconditions.java:64)
       java.base/jdk.internal.util.Preconditions.outOfBoundsCheckIndex(Preconditions.java:70)
       java.base/jdk.internal.util.Preconditions.checkIndex(Preconditions.java:266)
       java.base/java.util.Objects.checkIndex(Objects.java:359)
       java.base/java.util.ArrayList.remove(ArrayList.java:504)
       board.Display.removeElement(Display.java:19)
       board.PlayerTest.setUpBefore(PlayerTest.java:37)
       jdk.internal.reflect.GeneratedMethodAccessor1.invoke(Unknown Source)
       java.base/jdk.internal.reflect.DelegatingMethodAccessorImpl.invoke(DelegatingMethodAccessorImpl.java:43)
       java.base/java.lang.reflect.Method.invoke(Method.java:568)
       [...]
  JUnit Jupiter:PlayerTest:cookNightMushrooms2()
    MethodSource [className = 'board.PlayerTest', methodName = 'cookNightMushrooms2', methodParameterTypes = '']
    => java.lang.IndexOutOfBoundsException: Index 0 out of bounds for length 0
       java.base/jdk.internal.util.Preconditions.outOfBounds(Preconditions.java:64)
       java.base/jdk.internal.util.Preconditions.outOfBoundsCheckIndex(Preconditions.java:70)
       java.base/jdk.internal.util.Preconditions.checkIndex(Preconditions.java:266)
       java.base/java.util.Objects.checkIndex(Objects.java:359)
       java.base/java.util.ArrayList.remove(ArrayList.java:504)
       board.Display.removeElement(Display.java:19)
       board.PlayerTest.setUpBefore(PlayerTest.java:37)
       jdk.internal.reflect.GeneratedMethodAccessor1.invoke(Unknown Source)
       java.base/jdk.internal.reflect.DelegatingMethodAccessorImpl.invoke(DelegatingMethodAccessorImpl.java:43)
       java.base/java.lang.reflect.Method.invoke(Method.java:568)
       [...]
  JUnit Jupiter:PlayerTest:cookNightMushrooms3()
    MethodSource [className = 'board.PlayerTest', methodName = 'cookNightMushrooms3', methodParameterTypes = '']
    => java.lang.IndexOutOfBoundsException: Index 0 out of bounds for length 0
       java.base/jdk.internal.util.Preconditions.outOfBounds(Preconditions.java:64)
       java.base/jdk.internal.util.Preconditions.outOfBoundsCheckIndex(Preconditions.java:70)
       java.base/jdk.internal.util.Preconditions.checkIndex(Preconditions.java:266)
       java.base/java.util.Objects.checkIndex(Objects.java:359)
       java.base/java.util.ArrayList.remove(ArrayList.java:504)
       board.Display.removeElement(Display.java:19)
       board.PlayerTest.setUpBefore(PlayerTest.java:37)
       jdk.internal.reflect.GeneratedMethodAccessor1.invoke(Unknown Source)
       java.base/jdk.internal.reflect.DelegatingMethodAccessorImpl.invoke(DelegatingMethodAccessorImpl.java:43)
       java.base/java.lang.reflect.Method.invoke(Method.java:568)
       [...]
  JUnit Jupiter:PlayerTest:sellMushrooms1Mixed1(String):[1] hen of woods
    MethodSource [className = 'board.PlayerTest', methodName = 'sellMushrooms1Mixed1', methodParameterTypes = 'java.lang.String']
    => java.lang.IndexOutOfBoundsException: Index 0 out of bounds for length 0
       java.base/jdk.internal.util.Preconditions.outOfBounds(Preconditions.java:64)
       java.base/jdk.internal.util.Preconditions.outOfBoundsCheckIndex(Preconditions.java:70)
       java.base/jdk.internal.util.Preconditions.checkIndex(Preconditions.java:266)
       java.base/java.util.Objects.checkIndex(Objects.java:359)
       java.base/java.util.ArrayList.remove(ArrayList.java:504)
       board.Display.removeElement(Display.java:19)
       board.PlayerTest.setUpBefore(PlayerTest.java:37)
       jdk.internal.reflect.GeneratedMethodAccessor1.invoke(Unknown Source)
       java.base/jdk.internal.reflect.DelegatingMethodAccessorImpl.invoke(DelegatingMethodAccessorImpl.java:43)
       java.base/java.lang.reflect.Method.invoke(Method.java:568)
       [...]
  JUnit Jupiter:PlayerTest:sellMushrooms1Mixed1(String):[2] birch bolete
    MethodSource [className = 'board.PlayerTest', methodName = 'sellMushrooms1Mixed1', methodParameterTypes = 'java.lang.String']
    => java.lang.IndexOutOfBoundsException: Index 0 out of bounds for length 0
       java.base/jdk.internal.util.Preconditions.outOfBounds(Preconditions.java:64)
       java.base/jdk.internal.util.Preconditions.outOfBoundsCheckIndex(Preconditions.java:70)
       java.base/jdk.internal.util.Preconditions.checkIndex(Preconditions.java:266)
       java.base/java.util.Objects.checkIndex(Objects.java:359)
       java.base/java.util.ArrayList.remove(ArrayList.java:504)
       board.Display.removeElement(Display.java:19)
       board.PlayerTest.setUpBefore(PlayerTest.java:37)
       jdk.internal.reflect.GeneratedMethodAccessor1.invoke(Unknown Source)
       java.base/jdk.internal.reflect.DelegatingMethodAccessorImpl.invoke(DelegatingMethodAccessorImpl.java:43)
       java.base/java.lang.reflect.Method.invoke(Method.java:568)
       [...]
  JUnit Jupiter:PlayerTest:sellMushrooms1Mixed1(String):[3] porcini
    MethodSource [className = 'board.PlayerTest', methodName = 'sellMushrooms1Mixed1', methodParameterTypes = 'java.lang.String']
    => java.lang.IndexOutOfBoundsException: Index 0 out of bounds for length 0
       java.base/jdk.internal.util.Preconditions.outOfBounds(Preconditions.java:64)
       java.base/jdk.internal.util.Preconditions.outOfBoundsCheckIndex(Preconditions.java:70)
       java.base/jdk.internal.util.Preconditions.checkIndex(Preconditions.java:266)
       java.base/java.util.Objects.checkIndex(Objects.java:359)
       java.base/java.util.ArrayList.remove(ArrayList.java:504)
       board.Display.removeElement(Display.java:19)
       board.PlayerTest.setUpBefore(PlayerTest.java:37)
       jdk.internal.reflect.GeneratedMethodAccessor1.invoke(Unknown Source)
       java.base/jdk.internal.reflect.DelegatingMethodAccessorImpl.invoke(DelegatingMethodAccessorImpl.java:43)
       java.base/java.lang.reflect.Method.invoke(Method.java:568)
       [...]
  JUnit Jupiter:PlayerTest:sellMushrooms1Mixed2(String):[1] hen of woods
    MethodSource [className = 'board.PlayerTest', methodName = 'sellMushrooms1Mixed2', methodParameterTypes = 'java.lang.String']
    => java.lang.IndexOutOfBoundsException: Index 0 out of bounds for length 0
       java.base/jdk.internal.util.Preconditions.outOfBounds(Preconditions.java:64)
       java.base/jdk.internal.util.Preconditions.outOfBoundsCheckIndex(Preconditions.java:70)
       java.base/jdk.internal.util.Preconditions.checkIndex(Preconditions.java:266)
       java.base/java.util.Objects.checkIndex(Objects.java:359)
       java.base/java.util.ArrayList.remove(ArrayList.java:504)
       board.Display.removeElement(Display.java:19)
       board.PlayerTest.setUpBefore(PlayerTest.java:37)
       jdk.internal.reflect.GeneratedMethodAccessor1.invoke(Unknown Source)
       java.base/jdk.internal.reflect.DelegatingMethodAccessorImpl.invoke(DelegatingMethodAccessorImpl.java:43)
       java.base/java.lang.reflect.Method.invoke(Method.java:568)
       [...]
  JUnit Jupiter:PlayerTest:sellMushrooms1Mixed2(String):[2] birch bolete
    MethodSource [className = 'board.PlayerTest', methodName = 'sellMushrooms1Mixed2', methodParameterTypes = 'java.lang.String']
    => java.lang.IndexOutOfBoundsException: Index 0 out of bounds for length 0
       java.base/jdk.internal.util.Preconditions.outOfBounds(Preconditions.java:64)
       java.base/jdk.internal.util.Preconditions.outOfBoundsCheckIndex(Preconditions.java:70)
       java.base/jdk.internal.util.Preconditions.checkIndex(Preconditions.java:266)
       java.base/java.util.Objects.checkIndex(Objects.java:359)
       java.base/java.util.ArrayList.remove(ArrayList.java:504)
       board.Display.removeElement(Display.java:19)
       board.PlayerTest.setUpBefore(PlayerTest.java:37)
       jdk.internal.reflect.GeneratedMethodAccessor1.invoke(Unknown Source)
       java.base/jdk.internal.reflect.DelegatingMethodAccessorImpl.invoke(DelegatingMethodAccessorImpl.java:43)
       java.base/java.lang.reflect.Method.invoke(Method.java:568)
       [...]
  JUnit Jupiter:PlayerTest:sellMushrooms1Mixed2(String):[3] porcini
    MethodSource [className = 'board.PlayerTest', methodName = 'sellMushrooms1Mixed2', methodParameterTypes = 'java.lang.String']
    => java.lang.IndexOutOfBoundsException: Index 0 out of bounds for length 0
       java.base/jdk.internal.util.Preconditions.outOfBounds(Preconditions.java:64)
       java.base/jdk.internal.util.Preconditions.outOfBoundsCheckIndex(Preconditions.java:70)
       java.base/jdk.internal.util.Preconditions.checkIndex(Preconditions.java:266)
       java.base/java.util.Objects.checkIndex(Objects.java:359)
       java.base/java.util.ArrayList.remove(ArrayList.java:504)
       board.Display.removeElement(Display.java:19)
       board.PlayerTest.setUpBefore(PlayerTest.java:37)
       jdk.internal.reflect.GeneratedMethodAccessor1.invoke(Unknown Source)
       java.base/jdk.internal.reflect.DelegatingMethodAccessorImpl.invoke(DelegatingMethodAccessorImpl.java:43)
       java.base/java.lang.reflect.Method.invoke(Method.java:568)
       [...]
  JUnit Jupiter:PlayerTest:sellMushrooms1Mixed3(String):[1] hen of woods
    MethodSource [className = 'board.PlayerTest', methodName = 'sellMushrooms1Mixed3', methodParameterTypes = 'java.lang.String']
    => java.lang.IndexOutOfBoundsException: Index 0 out of bounds for length 0
       java.base/jdk.internal.util.Preconditions.outOfBounds(Preconditions.java:64)
       java.base/jdk.internal.util.Preconditions.outOfBoundsCheckIndex(Preconditions.java:70)
       java.base/jdk.internal.util.Preconditions.checkIndex(Preconditions.java:266)
       java.base/java.util.Objects.checkIndex(Objects.java:359)
       java.base/java.util.ArrayList.remove(ArrayList.java:504)
       board.Display.removeElement(Display.java:19)
       board.PlayerTest.setUpBefore(PlayerTest.java:37)
       jdk.internal.reflect.GeneratedMethodAccessor1.invoke(Unknown Source)
       java.base/jdk.internal.reflect.DelegatingMethodAccessorImpl.invoke(DelegatingMethodAccessorImpl.java:43)
       java.base/java.lang.reflect.Method.invoke(Method.java:568)
       [...]
  JUnit Jupiter:PlayerTest:sellMushrooms1Mixed3(String):[2] birch bolete
    MethodSource [className = 'board.PlayerTest', methodName = 'sellMushrooms1Mixed3', methodParameterTypes = 'java.lang.String']
    => java.lang.IndexOutOfBoundsException: Index 0 out of bounds for length 0
       java.base/jdk.internal.util.Preconditions.outOfBounds(Preconditions.java:64)
       java.base/jdk.internal.util.Preconditions.outOfBoundsCheckIndex(Preconditions.java:70)
       java.base/jdk.internal.util.Preconditions.checkIndex(Preconditions.java:266)
       java.base/java.util.Objects.checkIndex(Objects.java:359)
       java.base/java.util.ArrayList.remove(ArrayList.java:504)
       board.Display.removeElement(Display.java:19)
       board.PlayerTest.setUpBefore(PlayerTest.java:37)
       jdk.internal.reflect.GeneratedMethodAccessor1.invoke(Unknown Source)
       java.base/jdk.internal.reflect.DelegatingMethodAccessorImpl.invoke(DelegatingMethodAccessorImpl.java:43)
       java.base/java.lang.reflect.Method.invoke(Method.java:568)
       [...]
  JUnit Jupiter:PlayerTest:sellMushrooms1Mixed3(String):[3] porcini
    MethodSource [className = 'board.PlayerTest', methodName = 'sellMushrooms1Mixed3', methodParameterTypes = 'java.lang.String']
    => java.lang.IndexOutOfBoundsException: Index 0 out of bounds for length 0
       java.base/jdk.internal.util.Preconditions.outOfBounds(Preconditions.java:64)
       java.base/jdk.internal.util.Preconditions.outOfBoundsCheckIndex(Preconditions.java:70)
       java.base/jdk.internal.util.Preconditions.checkIndex(Preconditions.java:266)
       java.base/java.util.Objects.checkIndex(Objects.java:359)
       java.base/java.util.ArrayList.remove(ArrayList.java:504)
       board.Display.removeElement(Display.java:19)
       board.PlayerTest.setUpBefore(PlayerTest.java:37)
       jdk.internal.reflect.GeneratedMethodAccessor1.invoke(Unknown Source)
       java.base/jdk.internal.reflect.DelegatingMethodAccessorImpl.invoke(DelegatingMethodAccessorImpl.java:43)
       java.base/java.lang.reflect.Method.invoke(Method.java:568)
       [...]
  JUnit Jupiter:PlayerTest:cookMushroomsCiderandButter()
    MethodSource [className = 'board.PlayerTest', methodName = 'cookMushroomsCiderandButter', methodParameterTypes = '']
    => java.lang.IndexOutOfBoundsException: Index 0 out of bounds for length 0
       java.base/jdk.internal.util.Preconditions.outOfBounds(Preconditions.java:64)
       java.base/jdk.internal.util.Preconditions.outOfBoundsCheckIndex(Preconditions.java:70)
       java.base/jdk.internal.util.Preconditions.checkIndex(Preconditions.java:266)
       java.base/java.util.Objects.checkIndex(Objects.java:359)
       java.base/java.util.ArrayList.remove(ArrayList.java:504)
       board.Display.removeElement(Display.java:19)
       board.PlayerTest.setUpBefore(PlayerTest.java:37)
       jdk.internal.reflect.GeneratedMethodAccessor1.invoke(Unknown Source)
       java.base/jdk.internal.reflect.DelegatingMethodAccessorImpl.invoke(DelegatingMethodAccessorImpl.java:43)
       java.base/java.lang.reflect.Method.invoke(Method.java:568)
       [...]
  JUnit Jupiter:PlayerTest:cookMushroomsEnoughPanonHandScoreHF_NoPan()
    MethodSource [className = 'board.PlayerTest', methodName = 'cookMushroomsEnoughPanonHandScoreHF_NoPan', methodParameterTypes = '']
    => java.lang.IndexOutOfBoundsException: Index 0 out of bounds for length 0
       java.base/jdk.internal.util.Preconditions.outOfBounds(Preconditions.java:64)
       java.base/jdk.internal.util.Preconditions.outOfBoundsCheckIndex(Preconditions.java:70)
       java.base/jdk.internal.util.Preconditions.checkIndex(Preconditions.java:266)
       java.base/java.util.Objects.checkIndex(Objects.java:359)
       java.base/java.util.ArrayList.remove(ArrayList.java:504)
       board.Display.removeElement(Display.java:19)
       board.PlayerTest.setUpBefore(PlayerTest.java:37)
       jdk.internal.reflect.GeneratedMethodAccessor1.invoke(Unknown Source)
       java.base/jdk.internal.reflect.DelegatingMethodAccessorImpl.invoke(DelegatingMethodAccessorImpl.java:43)
       java.base/java.lang.reflect.Method.invoke(Method.java:568)
       [...]
  JUnit Jupiter:PlayerTest:sellMushrooms2(String):[1] hen of woods
    MethodSource [className = 'board.PlayerTest', methodName = 'sellMushrooms2', methodParameterTypes = 'java.lang.String']
    => java.lang.IndexOutOfBoundsException: Index 0 out of bounds for length 0
       java.base/jdk.internal.util.Preconditions.outOfBounds(Preconditions.java:64)
       java.base/jdk.internal.util.Preconditions.outOfBoundsCheckIndex(Preconditions.java:70)
       java.base/jdk.internal.util.Preconditions.checkIndex(Preconditions.java:266)
       java.base/java.util.Objects.checkIndex(Objects.java:359)
       java.base/java.util.ArrayList.remove(ArrayList.java:504)
       board.Display.removeElement(Display.java:19)
       board.PlayerTest.setUpBefore(PlayerTest.java:37)
       jdk.internal.reflect.GeneratedMethodAccessor1.invoke(Unknown Source)
       java.base/jdk.internal.reflect.DelegatingMethodAccessorImpl.invoke(DelegatingMethodAccessorImpl.java:43)
       java.base/java.lang.reflect.Method.invoke(Method.java:568)
       [...]
  JUnit Jupiter:PlayerTest:sellMushrooms2(String):[2] birch bolete
    MethodSource [className = 'board.PlayerTest', methodName = 'sellMushrooms2', methodParameterTypes = 'java.lang.String']
    => java.lang.IndexOutOfBoundsException: Index 0 out of bounds for length 0
       java.base/jdk.internal.util.Preconditions.outOfBounds(Preconditions.java:64)
       java.base/jdk.internal.util.Preconditions.outOfBoundsCheckIndex(Preconditions.java:70)
       java.base/jdk.internal.util.Preconditions.checkIndex(Preconditions.java:266)
       java.base/java.util.Objects.checkIndex(Objects.java:359)
       java.base/java.util.ArrayList.remove(ArrayList.java:504)
       board.Display.removeElement(Display.java:19)
       board.PlayerTest.setUpBefore(PlayerTest.java:37)
       jdk.internal.reflect.GeneratedMethodAccessor1.invoke(Unknown Source)
       java.base/jdk.internal.reflect.DelegatingMethodAccessorImpl.invoke(DelegatingMethodAccessorImpl.java:43)
       java.base/java.lang.reflect.Method.invoke(Method.java:568)
       [...]
  JUnit Jupiter:PlayerTest:sellMushrooms2(String):[3] porcini
    MethodSource [className = 'board.PlayerTest', methodName = 'sellMushrooms2', methodParameterTypes = 'java.lang.String']
    => java.lang.IndexOutOfBoundsException: Index 0 out of bounds for length 0
       java.base/jdk.internal.util.Preconditions.outOfBounds(Preconditions.java:64)
       java.base/jdk.internal.util.Preconditions.outOfBoundsCheckIndex(Preconditions.java:70)
       java.base/jdk.internal.util.Preconditions.checkIndex(Preconditions.java:266)
       java.base/java.util.Objects.checkIndex(Objects.java:359)
       java.base/java.util.ArrayList.remove(ArrayList.java:504)
       board.Display.removeElement(Display.java:19)
       board.PlayerTest.setUpBefore(PlayerTest.java:37)
       jdk.internal.reflect.GeneratedMethodAccessor1.invoke(Unknown Source)
       java.base/jdk.internal.reflect.DelegatingMethodAccessorImpl.invoke(DelegatingMethodAccessorImpl.java:43)
       java.base/java.lang.reflect.Method.invoke(Method.java:568)
       [...]
  JUnit Jupiter:PlayerTest:sellMushrooms2(String):[4] morel
    MethodSource [className = 'board.PlayerTest', methodName = 'sellMushrooms2', methodParameterTypes = 'java.lang.String']
    => java.lang.IndexOutOfBoundsException: Index 0 out of bounds for length 0
       java.base/jdk.internal.util.Preconditions.outOfBounds(Preconditions.java:64)
       java.base/jdk.internal.util.Preconditions.outOfBoundsCheckIndex(Preconditions.java:70)
       java.base/jdk.internal.util.Preconditions.checkIndex(Preconditions.java:266)
       java.base/java.util.Objects.checkIndex(Objects.java:359)
       java.base/java.util.ArrayList.remove(ArrayList.java:504)
       board.Display.removeElement(Display.java:19)
       board.PlayerTest.setUpBefore(PlayerTest.java:37)
       jdk.internal.reflect.GeneratedMethodAccessor1.invoke(Unknown Source)
       java.base/jdk.internal.reflect.DelegatingMethodAccessorImpl.invoke(DelegatingMethodAccessorImpl.java:43)
       java.base/java.lang.reflect.Method.invoke(Method.java:568)
       [...]
  JUnit Jupiter:PlayerTest:cookMushroomsCidreNotEnough1()
    MethodSource [className = 'board.PlayerTest', methodName = 'cookMushroomsCidreNotEnough1', methodParameterTypes = '']
    => java.lang.IndexOutOfBoundsException: Index 0 out of bounds for length 0
       java.base/jdk.internal.util.Preconditions.outOfBounds(Preconditions.java:64)
       java.base/jdk.internal.util.Preconditions.outOfBoundsCheckIndex(Preconditions.java:70)
       java.base/jdk.internal.util.Preconditions.checkIndex(Preconditions.java:266)
       java.base/java.util.Objects.checkIndex(Objects.java:359)
       java.base/java.util.ArrayList.remove(ArrayList.java:504)
       board.Display.removeElement(Display.java:19)
       board.PlayerTest.setUpBefore(PlayerTest.java:37)
       jdk.internal.reflect.GeneratedMethodAccessor1.invoke(Unknown Source)
       java.base/jdk.internal.reflect.DelegatingMethodAccessorImpl.invoke(DelegatingMethodAccessorImpl.java:43)
       java.base/java.lang.reflect.Method.invoke(Method.java:568)
       [...]
  JUnit Jupiter:PlayerTest:cookMushroomsCidreNotEnough2()
    MethodSource [className = 'board.PlayerTest', methodName = 'cookMushroomsCidreNotEnough2', methodParameterTypes = '']
    => java.lang.IndexOutOfBoundsException: Index 0 out of bounds for length 0
       java.base/jdk.internal.util.Preconditions.outOfBounds(Preconditions.java:64)
       java.base/jdk.internal.util.Preconditions.outOfBoundsCheckIndex(Preconditions.java:70)
       java.base/jdk.internal.util.Preconditions.checkIndex(Preconditions.java:266)
       java.base/java.util.Objects.checkIndex(Objects.java:359)
       java.base/java.util.ArrayList.remove(ArrayList.java:504)
       board.Display.removeElement(Display.java:19)
       board.PlayerTest.setUpBefore(PlayerTest.java:37)
       jdk.internal.reflect.GeneratedMethodAccessor1.invoke(Unknown Source)
       java.base/jdk.internal.reflect.DelegatingMethodAccessorImpl.invoke(DelegatingMethodAccessorImpl.java:43)
       java.base/java.lang.reflect.Method.invoke(Method.java:568)
       [...]
  JUnit Jupiter:PlayerTest:takeFromForest_17_checkhand_basket(int):[1] 1
    MethodSource [className = 'board.PlayerTest', methodName = 'takeFromForest_17_checkhand_basket', methodParameterTypes = 'int']
    => java.lang.IndexOutOfBoundsException: Index 0 out of bounds for length 0
       java.base/jdk.internal.util.Preconditions.outOfBounds(Preconditions.java:64)
       java.base/jdk.internal.util.Preconditions.outOfBoundsCheckIndex(Preconditions.java:70)
       java.base/jdk.internal.util.Preconditions.checkIndex(Preconditions.java:266)
       java.base/java.util.Objects.checkIndex(Objects.java:359)
       java.base/java.util.ArrayList.remove(ArrayList.java:504)
       board.Display.removeElement(Display.java:19)
       board.PlayerTest.setUpBefore(PlayerTest.java:37)
       jdk.internal.reflect.GeneratedMethodAccessor1.invoke(Unknown Source)
       java.base/jdk.internal.reflect.DelegatingMethodAccessorImpl.invoke(DelegatingMethodAccessorImpl.java:43)
       java.base/java.lang.reflect.Method.invoke(Method.java:568)
       [...]
  JUnit Jupiter:PlayerTest:takeFromForest_17_checkhand_basket(int):[2] 2
    MethodSource [className = 'board.PlayerTest', methodName = 'takeFromForest_17_checkhand_basket', methodParameterTypes = 'int']
    => java.lang.IndexOutOfBoundsException: Index 0 out of bounds for length 0
       java.base/jdk.internal.util.Preconditions.outOfBounds(Preconditions.java:64)
       java.base/jdk.internal.util.Preconditions.outOfBoundsCheckIndex(Preconditions.java:70)
       java.base/jdk.internal.util.Preconditions.checkIndex(Preconditions.java:266)
       java.base/java.util.Objects.checkIndex(Objects.java:359)
       java.base/java.util.ArrayList.remove(ArrayList.java:504)
       board.Display.removeElement(Display.java:19)
       board.PlayerTest.setUpBefore(PlayerTest.java:37)
       jdk.internal.reflect.GeneratedMethodAccessor1.invoke(Unknown Source)
       java.base/jdk.internal.reflect.DelegatingMethodAccessorImpl.invoke(DelegatingMethodAccessorImpl.java:43)
       java.base/java.lang.reflect.Method.invoke(Method.java:568)
       [...]
  JUnit Jupiter:PlayerTest:takeFromForest_17_checkhand_basket(int):[3] 3
    MethodSource [className = 'board.PlayerTest', methodName = 'takeFromForest_17_checkhand_basket', methodParameterTypes = 'int']
    => java.lang.IndexOutOfBoundsException: Index 0 out of bounds for length 0
       java.base/jdk.internal.util.Preconditions.outOfBounds(Preconditions.java:64)
       java.base/jdk.internal.util.Preconditions.outOfBoundsCheckIndex(Preconditions.java:70)
       java.base/jdk.internal.util.Preconditions.checkIndex(Preconditions.java:266)
       java.base/java.util.Objects.checkIndex(Objects.java:359)
       java.base/java.util.ArrayList.remove(ArrayList.java:504)
       board.Display.removeElement(Display.java:19)
       board.PlayerTest.setUpBefore(PlayerTest.java:37)
       jdk.internal.reflect.GeneratedMethodAccessor1.invoke(Unknown Source)
       java.base/jdk.internal.reflect.DelegatingMethodAccessorImpl.invoke(DelegatingMethodAccessorImpl.java:43)
       java.base/java.lang.reflect.Method.invoke(Method.java:568)
       [...]
  JUnit Jupiter:PlayerTest:takeFromForest_17_checkhand_basket(int):[4] 4
    MethodSource [className = 'board.PlayerTest', methodName = 'takeFromForest_17_checkhand_basket', methodParameterTypes = 'int']
    => java.lang.IndexOutOfBoundsException: Index 0 out of bounds for length 0
       java.base/jdk.internal.util.Preconditions.outOfBounds(Preconditions.java:64)
       java.base/jdk.internal.util.Preconditions.outOfBoundsCheckIndex(Preconditions.java:70)
       java.base/jdk.internal.util.Preconditions.checkIndex(Preconditions.java:266)
       java.base/java.util.Objects.checkIndex(Objects.java:359)
       java.base/java.util.ArrayList.remove(ArrayList.java:504)
       board.Display.removeElement(Display.java:19)
       board.PlayerTest.setUpBefore(PlayerTest.java:37)
       jdk.internal.reflect.GeneratedMethodAccessor1.invoke(Unknown Source)
       java.base/jdk.internal.reflect.DelegatingMethodAccessorImpl.invoke(DelegatingMethodAccessorImpl.java:43)
       java.base/java.lang.reflect.Method.invoke(Method.java:568)
       [...]
  JUnit Jupiter:PlayerTest:takeFromForest_17_checkhand_basket(int):[5] 5
    MethodSource [className = 'board.PlayerTest', methodName = 'takeFromForest_17_checkhand_basket', methodParameterTypes = 'int']
    => java.lang.IndexOutOfBoundsException: Index 0 out of bounds for length 0
       java.base/jdk.internal.util.Preconditions.outOfBounds(Preconditions.java:64)
       java.base/jdk.internal.util.Preconditions.outOfBoundsCheckIndex(Preconditions.java:70)
       java.base/jdk.internal.util.Preconditions.checkIndex(Preconditions.java:266)
       java.base/java.util.Objects.checkIndex(Objects.java:359)
       java.base/java.util.ArrayList.remove(ArrayList.java:504)
       board.Display.removeElement(Display.java:19)
       board.PlayerTest.setUpBefore(PlayerTest.java:37)
       jdk.internal.reflect.GeneratedMethodAccessor1.invoke(Unknown Source)
       java.base/jdk.internal.reflect.DelegatingMethodAccessorImpl.invoke(DelegatingMethodAccessorImpl.java:43)
       java.base/java.lang.reflect.Method.invoke(Method.java:568)
       [...]
  JUnit Jupiter:PlayerTest:takeFromForest_17_checkhand_basket(int):[6] 6
    MethodSource [className = 'board.PlayerTest', methodName = 'takeFromForest_17_checkhand_basket', methodParameterTypes = 'int']
    => java.lang.IndexOutOfBoundsException: Index 0 out of bounds for length 0
       java.base/jdk.internal.util.Preconditions.outOfBounds(Preconditions.java:64)
       java.base/jdk.internal.util.Preconditions.outOfBoundsCheckIndex(Preconditions.java:70)
       java.base/jdk.internal.util.Preconditions.checkIndex(Preconditions.java:266)
       java.base/java.util.Objects.checkIndex(Objects.java:359)
       java.base/java.util.ArrayList.remove(ArrayList.java:504)
       board.Display.removeElement(Display.java:19)
       board.PlayerTest.setUpBefore(PlayerTest.java:37)
       jdk.internal.reflect.GeneratedMethodAccessor1.invoke(Unknown Source)
       java.base/jdk.internal.reflect.DelegatingMethodAccessorImpl.invoke(DelegatingMethodAccessorImpl.java:43)
       java.base/java.lang.reflect.Method.invoke(Method.java:568)
       [...]
  JUnit Jupiter:PlayerTest:takeFromForest_17_checkhand_basket(int):[7] 7
    MethodSource [className = 'board.PlayerTest', methodName = 'takeFromForest_17_checkhand_basket', methodParameterTypes = 'int']
    => java.lang.IndexOutOfBoundsException: Index 0 out of bounds for length 0
       java.base/jdk.internal.util.Preconditions.outOfBounds(Preconditions.java:64)
       java.base/jdk.internal.util.Preconditions.outOfBoundsCheckIndex(Preconditions.java:70)
       java.base/jdk.internal.util.Preconditions.checkIndex(Preconditions.java:266)
       java.base/java.util.Objects.checkIndex(Objects.java:359)
       java.base/java.util.ArrayList.remove(ArrayList.java:504)
       board.Display.removeElement(Display.java:19)
       board.PlayerTest.setUpBefore(PlayerTest.java:37)
       jdk.internal.reflect.GeneratedMethodAccessor1.invoke(Unknown Source)
       java.base/jdk.internal.reflect.DelegatingMethodAccessorImpl.invoke(DelegatingMethodAccessorImpl.java:43)
       java.base/java.lang.reflect.Method.invoke(Method.java:568)
       [...]
  JUnit Jupiter:PlayerTest:cookMushroomsEnoughPanonHandScoreBB()
    MethodSource [className = 'board.PlayerTest', methodName = 'cookMushroomsEnoughPanonHandScoreBB', methodParameterTypes = '']
    => java.lang.IndexOutOfBoundsException: Index 0 out of bounds for length 0
       java.base/jdk.internal.util.Preconditions.outOfBounds(Preconditions.java:64)
       java.base/jdk.internal.util.Preconditions.outOfBoundsCheckIndex(Preconditions.java:70)
       java.base/jdk.internal.util.Preconditions.checkIndex(Preconditions.java:266)
       java.base/java.util.Objects.checkIndex(Objects.java:359)
       java.base/java.util.ArrayList.remove(ArrayList.java:504)
       board.Display.removeElement(Display.java:19)
       board.PlayerTest.setUpBefore(PlayerTest.java:37)
       jdk.internal.reflect.GeneratedMethodAccessor1.invoke(Unknown Source)
       java.base/jdk.internal.reflect.DelegatingMethodAccessorImpl.invoke(DelegatingMethodAccessorImpl.java:43)
       java.base/java.lang.reflect.Method.invoke(Method.java:568)
       [...]
  JUnit Jupiter:PlayerTest:cookMushroomsEnoughPanonHandScoreCH()
    MethodSource [className = 'board.PlayerTest', methodName = 'cookMushroomsEnoughPanonHandScoreCH', methodParameterTypes = '']
    => java.lang.IndexOutOfBoundsException: Index 0 out of bounds for length 0
       java.base/jdk.internal.util.Preconditions.outOfBounds(Preconditions.java:64)
       java.base/jdk.internal.util.Preconditions.outOfBoundsCheckIndex(Preconditions.java:70)
       java.base/jdk.internal.util.Preconditions.checkIndex(Preconditions.java:266)
       java.base/java.util.Objects.checkIndex(Objects.java:359)
       java.base/java.util.ArrayList.remove(ArrayList.java:504)
       board.Display.removeElement(Display.java:19)
       board.PlayerTest.setUpBefore(PlayerTest.java:37)
       jdk.internal.reflect.GeneratedMethodAccessor1.invoke(Unknown Source)
       java.base/jdk.internal.reflect.DelegatingMethodAccessorImpl.invoke(DelegatingMethodAccessorImpl.java:43)
       java.base/java.lang.reflect.Method.invoke(Method.java:568)
       [...]
  JUnit Jupiter:PlayerTest:cookMushroomsEnoughPanonHandScoreHF()
    MethodSource [className = 'board.PlayerTest', methodName = 'cookMushroomsEnoughPanonHandScoreHF', methodParameterTypes = '']
    => java.lang.IndexOutOfBoundsException: Index 0 out of bounds for length 0
       java.base/jdk.internal.util.Preconditions.outOfBounds(Preconditions.java:64)
       java.base/jdk.internal.util.Preconditions.outOfBoundsCheckIndex(Preconditions.java:70)
       java.base/jdk.internal.util.Preconditions.checkIndex(Preconditions.java:266)
       java.base/java.util.Objects.checkIndex(Objects.java:359)
       java.base/java.util.ArrayList.remove(ArrayList.java:504)
       board.Display.removeElement(Display.java:19)
       board.PlayerTest.setUpBefore(PlayerTest.java:37)
       jdk.internal.reflect.GeneratedMethodAccessor1.invoke(Unknown Source)
       java.base/jdk.internal.reflect.DelegatingMethodAccessorImpl.invoke(DelegatingMethodAccessorImpl.java:43)
       java.base/java.lang.reflect.Method.invoke(Method.java:568)
       [...]
  JUnit Jupiter:PlayerTest:cookMushroomsEnoughPanonHandScoreMO()
    MethodSource [className = 'board.PlayerTest', methodName = 'cookMushroomsEnoughPanonHandScoreMO', methodParameterTypes = '']
    => java.lang.IndexOutOfBoundsException: Index 0 out of bounds for length 0
       java.base/jdk.internal.util.Preconditions.outOfBounds(Preconditions.java:64)
       java.base/jdk.internal.util.Preconditions.outOfBoundsCheckIndex(Preconditions.java:70)
       java.base/jdk.internal.util.Preconditions.checkIndex(Preconditions.java:266)
       java.base/java.util.Objects.checkIndex(Objects.java:359)
       java.base/java.util.ArrayList.remove(ArrayList.java:504)
       board.Display.removeElement(Display.java:19)
       board.PlayerTest.setUpBefore(PlayerTest.java:37)
       jdk.internal.reflect.GeneratedMethodAccessor1.invoke(Unknown Source)
       java.base/jdk.internal.reflect.DelegatingMethodAccessorImpl.invoke(DelegatingMethodAccessorImpl.java:43)
       java.base/java.lang.reflect.Method.invoke(Method.java:568)
       [...]
  JUnit Jupiter:PlayerTest:cookMushroomsEnoughPanonHandScoreSH()
    MethodSource [className = 'board.PlayerTest', methodName = 'cookMushroomsEnoughPanonHandScoreSH', methodParameterTypes = '']
    => java.lang.IndexOutOfBoundsException: Index 0 out of bounds for length 0
       java.base/jdk.internal.util.Preconditions.outOfBounds(Preconditions.java:64)
       java.base/jdk.internal.util.Preconditions.outOfBoundsCheckIndex(Preconditions.java:70)
       java.base/jdk.internal.util.Preconditions.checkIndex(Preconditions.java:266)
       java.base/java.util.Objects.checkIndex(Objects.java:359)
       java.base/java.util.ArrayList.remove(ArrayList.java:504)
       board.Display.removeElement(Display.java:19)
       board.PlayerTest.setUpBefore(PlayerTest.java:37)
       jdk.internal.reflect.GeneratedMethodAccessor1.invoke(Unknown Source)
       java.base/jdk.internal.reflect.DelegatingMethodAccessorImpl.invoke(DelegatingMethodAccessorImpl.java:43)
       java.base/java.lang.reflect.Method.invoke(Method.java:568)
       [...]
  JUnit Jupiter:PlayerTest:panDown_onePan_PanRemovedfromHand()
    MethodSource [className = 'board.PlayerTest', methodName = 'panDown_onePan_PanRemovedfromHand', methodParameterTypes = '']
    => java.lang.IndexOutOfBoundsException: Index 0 out of bounds for length 0
       java.base/jdk.internal.util.Preconditions.outOfBounds(Preconditions.java:64)
       java.base/jdk.internal.util.Preconditions.outOfBoundsCheckIndex(Preconditions.java:70)
       java.base/jdk.internal.util.Preconditions.checkIndex(Preconditions.java:266)
       java.base/java.util.Objects.checkIndex(Objects.java:359)
       java.base/java.util.ArrayList.remove(ArrayList.java:504)
       board.Display.removeElement(Display.java:19)
       board.PlayerTest.setUpBefore(PlayerTest.java:37)
       jdk.internal.reflect.GeneratedMethodAccessor1.invoke(Unknown Source)
       java.base/jdk.internal.reflect.DelegatingMethodAccessorImpl.invoke(DelegatingMethodAccessorImpl.java:43)
       java.base/java.lang.reflect.Method.invoke(Method.java:568)
       [...]
  JUnit Jupiter:PlayerTest:cookNotEnoughMushrooms()
    MethodSource [className = 'board.PlayerTest', methodName = 'cookNotEnoughMushrooms', methodParameterTypes = '']
    => java.lang.IndexOutOfBoundsException: Index 0 out of bounds for length 0
       java.base/jdk.internal.util.Preconditions.outOfBounds(Preconditions.java:64)
       java.base/jdk.internal.util.Preconditions.outOfBoundsCheckIndex(Preconditions.java:70)
       java.base/jdk.internal.util.Preconditions.checkIndex(Preconditions.java:266)
       java.base/java.util.Objects.checkIndex(Objects.java:359)
       java.base/java.util.ArrayList.remove(ArrayList.java:504)
       board.Display.removeElement(Display.java:19)
       board.PlayerTest.setUpBefore(PlayerTest.java:37)
       jdk.internal.reflect.GeneratedMethodAccessor1.invoke(Unknown Source)
       java.base/jdk.internal.reflect.DelegatingMethodAccessorImpl.invoke(DelegatingMethodAccessorImpl.java:43)
       java.base/java.lang.reflect.Method.invoke(Method.java:568)
       [...]
  JUnit Jupiter:PlayerTest:cookMushroomsButterNotEnough1()
    MethodSource [className = 'board.PlayerTest', methodName = 'cookMushroomsButterNotEnough1', methodParameterTypes = '']
    => java.lang.IndexOutOfBoundsException: Index 0 out of bounds for length 0
       java.base/jdk.internal.util.Preconditions.outOfBounds(Preconditions.java:64)
       java.base/jdk.internal.util.Preconditions.outOfBoundsCheckIndex(Preconditions.java:70)
       java.base/jdk.internal.util.Preconditions.checkIndex(Preconditions.java:266)
       java.base/java.util.Objects.checkIndex(Objects.java:359)
       java.base/java.util.ArrayList.remove(ArrayList.java:504)
       board.Display.removeElement(Display.java:19)
       board.PlayerTest.setUpBefore(PlayerTest.java:37)
       jdk.internal.reflect.GeneratedMethodAccessor1.invoke(Unknown Source)
       java.base/jdk.internal.reflect.DelegatingMethodAccessorImpl.invoke(DelegatingMethodAccessorImpl.java:43)
       java.base/java.lang.reflect.Method.invoke(Method.java:568)
       [...]
  JUnit Jupiter:PlayerTest:takeFromForest_position3_1stick_checksticks()
    MethodSource [className = 'board.PlayerTest', methodName = 'takeFromForest_position3_1stick_checksticks', methodParameterTypes = '']
    => java.lang.IndexOutOfBoundsException: Index 0 out of bounds for length 0
       java.base/jdk.internal.util.Preconditions.outOfBounds(Preconditions.java:64)
       java.base/jdk.internal.util.Preconditions.outOfBoundsCheckIndex(Preconditions.java:70)
       java.base/jdk.internal.util.Preconditions.checkIndex(Preconditions.java:266)
       java.base/java.util.Objects.checkIndex(Objects.java:359)
       java.base/java.util.ArrayList.remove(ArrayList.java:504)
       board.Display.removeElement(Display.java:19)
       board.PlayerTest.setUpBefore(PlayerTest.java:37)
       jdk.internal.reflect.GeneratedMethodAccessor1.invoke(Unknown Source)
       java.base/jdk.internal.reflect.DelegatingMethodAccessorImpl.invoke(DelegatingMethodAccessorImpl.java:43)
       java.base/java.lang.reflect.Method.invoke(Method.java:568)
       [...]
  JUnit Jupiter:PlayerTest:sellMushroomsCheckHand1(String):[1] henofwoods
    MethodSource [className = 'board.PlayerTest', methodName = 'sellMushroomsCheckHand1', methodParameterTypes = 'java.lang.String']
    => java.lang.IndexOutOfBoundsException: Index 0 out of bounds for length 0
       java.base/jdk.internal.util.Preconditions.outOfBounds(Preconditions.java:64)
       java.base/jdk.internal.util.Preconditions.outOfBoundsCheckIndex(Preconditions.java:70)
       java.base/jdk.internal.util.Preconditions.checkIndex(Preconditions.java:266)
       java.base/java.util.Objects.checkIndex(Objects.java:359)
       java.base/java.util.ArrayList.remove(ArrayList.java:504)
       board.Display.removeElement(Display.java:19)
       board.PlayerTest.setUpBefore(PlayerTest.java:37)
       jdk.internal.reflect.GeneratedMethodAccessor1.invoke(Unknown Source)
       java.base/jdk.internal.reflect.DelegatingMethodAccessorImpl.invoke(DelegatingMethodAccessorImpl.java:43)
       java.base/java.lang.reflect.Method.invoke(Method.java:568)
       [...]
  JUnit Jupiter:PlayerTest:sellMushroomsCheckHand1(String):[2] birchbolete
    MethodSource [className = 'board.PlayerTest', methodName = 'sellMushroomsCheckHand1', methodParameterTypes = 'java.lang.String']
    => java.lang.IndexOutOfBoundsException: Index 0 out of bounds for length 0
       java.base/jdk.internal.util.Preconditions.outOfBounds(Preconditions.java:64)
       java.base/jdk.internal.util.Preconditions.outOfBoundsCheckIndex(Preconditions.java:70)
       java.base/jdk.internal.util.Preconditions.checkIndex(Preconditions.java:266)
       java.base/java.util.Objects.checkIndex(Objects.java:359)
       java.base/java.util.ArrayList.remove(ArrayList.java:504)
       board.Display.removeElement(Display.java:19)
       board.PlayerTest.setUpBefore(PlayerTest.java:37)
       jdk.internal.reflect.GeneratedMethodAccessor1.invoke(Unknown Source)
       java.base/jdk.internal.reflect.DelegatingMethodAccessorImpl.invoke(DelegatingMethodAccessorImpl.java:43)
       java.base/java.lang.reflect.Method.invoke(Method.java:568)
       [...]
  JUnit Jupiter:PlayerTest:sellMushroomsCheckHand1(String):[3] porcini
    MethodSource [className = 'board.PlayerTest', methodName = 'sellMushroomsCheckHand1', methodParameterTypes = 'java.lang.String']
    => java.lang.IndexOutOfBoundsException: Index 0 out of bounds for length 0
       java.base/jdk.internal.util.Preconditions.outOfBounds(Preconditions.java:64)
       java.base/jdk.internal.util.Preconditions.outOfBoundsCheckIndex(Preconditions.java:70)
       java.base/jdk.internal.util.Preconditions.checkIndex(Preconditions.java:266)
       java.base/java.util.Objects.checkIndex(Objects.java:359)
       java.base/java.util.ArrayList.remove(ArrayList.java:504)
       board.Display.removeElement(Display.java:19)
       board.PlayerTest.setUpBefore(PlayerTest.java:37)
       jdk.internal.reflect.GeneratedMethodAccessor1.invoke(Unknown Source)
       java.base/jdk.internal.reflect.DelegatingMethodAccessorImpl.invoke(DelegatingMethodAccessorImpl.java:43)
       java.base/java.lang.reflect.Method.invoke(Method.java:568)
       [...]
  JUnit Jupiter:PlayerTest:sellMushroomsCheckHand1(String):[4] morel
    MethodSource [className = 'board.PlayerTest', methodName = 'sellMushroomsCheckHand1', methodParameterTypes = 'java.lang.String']
    => java.lang.IndexOutOfBoundsException: Index 0 out of bounds for length 0
       java.base/jdk.internal.util.Preconditions.outOfBounds(Preconditions.java:64)
       java.base/jdk.internal.util.Preconditions.outOfBoundsCheckIndex(Preconditions.java:70)
       java.base/jdk.internal.util.Preconditions.checkIndex(Preconditions.java:266)
       java.base/java.util.Objects.checkIndex(Objects.java:359)
       java.base/java.util.ArrayList.remove(ArrayList.java:504)
       board.Display.removeElement(Display.java:19)
       board.PlayerTest.setUpBefore(PlayerTest.java:37)
       jdk.internal.reflect.GeneratedMethodAccessor1.invoke(Unknown Source)
       java.base/jdk.internal.reflect.DelegatingMethodAccessorImpl.invoke(DelegatingMethodAccessorImpl.java:43)
       java.base/java.lang.reflect.Method.invoke(Method.java:568)
       [...]
  JUnit Jupiter:PlayerTest:sellMushroomsCheckHand2(String):[1] henofwoods
    MethodSource [className = 'board.PlayerTest', methodName = 'sellMushroomsCheckHand2', methodParameterTypes = 'java.lang.String']
    => java.lang.IndexOutOfBoundsException: Index 0 out of bounds for length 0
       java.base/jdk.internal.util.Preconditions.outOfBounds(Preconditions.java:64)
       java.base/jdk.internal.util.Preconditions.outOfBoundsCheckIndex(Preconditions.java:70)
       java.base/jdk.internal.util.Preconditions.checkIndex(Preconditions.java:266)
       java.base/java.util.Objects.checkIndex(Objects.java:359)
       java.base/java.util.ArrayList.remove(ArrayList.java:504)
       board.Display.removeElement(Display.java:19)
       board.PlayerTest.setUpBefore(PlayerTest.java:37)
       jdk.internal.reflect.GeneratedMethodAccessor1.invoke(Unknown Source)
       java.base/jdk.internal.reflect.DelegatingMethodAccessorImpl.invoke(DelegatingMethodAccessorImpl.java:43)
       java.base/java.lang.reflect.Method.invoke(Method.java:568)
       [...]
  JUnit Jupiter:PlayerTest:sellMushroomsCheckHand2(String):[2] birchbolete
    MethodSource [className = 'board.PlayerTest', methodName = 'sellMushroomsCheckHand2', methodParameterTypes = 'java.lang.String']
    => java.lang.IndexOutOfBoundsException: Index 0 out of bounds for length 0
       java.base/jdk.internal.util.Preconditions.outOfBounds(Preconditions.java:64)
       java.base/jdk.internal.util.Preconditions.outOfBoundsCheckIndex(Preconditions.java:70)
       java.base/jdk.internal.util.Preconditions.checkIndex(Preconditions.java:266)
       java.base/java.util.Objects.checkIndex(Objects.java:359)
       java.base/java.util.ArrayList.remove(ArrayList.java:504)
       board.Display.removeElement(Display.java:19)
       board.PlayerTest.setUpBefore(PlayerTest.java:37)
       jdk.internal.reflect.GeneratedMethodAccessor1.invoke(Unknown Source)
       java.base/jdk.internal.reflect.DelegatingMethodAccessorImpl.invoke(DelegatingMethodAccessorImpl.java:43)
       java.base/java.lang.reflect.Method.invoke(Method.java:568)
       [...]
  JUnit Jupiter:PlayerTest:sellMushroomsCheckHand2(String):[3] porcini
    MethodSource [className = 'board.PlayerTest', methodName = 'sellMushroomsCheckHand2', methodParameterTypes = 'java.lang.String']
    => java.lang.IndexOutOfBoundsException: Index 0 out of bounds for length 0
       java.base/jdk.internal.util.Preconditions.outOfBounds(Preconditions.java:64)
       java.base/jdk.internal.util.Preconditions.outOfBoundsCheckIndex(Preconditions.java:70)
       java.base/jdk.internal.util.Preconditions.checkIndex(Preconditions.java:266)
       java.base/java.util.Objects.checkIndex(Objects.java:359)
       java.base/java.util.ArrayList.remove(ArrayList.java:504)
       board.Display.removeElement(Display.java:19)
       board.PlayerTest.setUpBefore(PlayerTest.java:37)
       jdk.internal.reflect.GeneratedMethodAccessor1.invoke(Unknown Source)
       java.base/jdk.internal.reflect.DelegatingMethodAccessorImpl.invoke(DelegatingMethodAccessorImpl.java:43)
       java.base/java.lang.reflect.Method.invoke(Method.java:568)
       [...]
  JUnit Jupiter:PlayerTest:cookMushroomsNotEnough2withNoPan()
    MethodSource [className = 'board.PlayerTest', methodName = 'cookMushroomsNotEnough2withNoPan', methodParameterTypes = '']
    => java.lang.IndexOutOfBoundsException: Index 0 out of bounds for length 0
       java.base/jdk.internal.util.Preconditions.outOfBounds(Preconditions.java:64)
       java.base/jdk.internal.util.Preconditions.outOfBoundsCheckIndex(Preconditions.java:70)
       java.base/jdk.internal.util.Preconditions.checkIndex(Preconditions.java:266)
       java.base/java.util.Objects.checkIndex(Objects.java:359)
       java.base/java.util.ArrayList.remove(ArrayList.java:504)
       board.Display.removeElement(Display.java:19)
       board.PlayerTest.setUpBefore(PlayerTest.java:37)
       jdk.internal.reflect.GeneratedMethodAccessor1.invoke(Unknown Source)
       java.base/jdk.internal.reflect.DelegatingMethodAccessorImpl.invoke(DelegatingMethodAccessorImpl.java:43)
       java.base/java.lang.reflect.Method.invoke(Method.java:568)
       [...]
  JUnit Jupiter:PlayerTest:decayLegit_1(int):[1] 1
    MethodSource [className = 'board.PlayerTest', methodName = 'decayLegit_1', methodParameterTypes = 'int']
    => java.lang.IndexOutOfBoundsException: Index 0 out of bounds for length 0
       java.base/jdk.internal.util.Preconditions.outOfBounds(Preconditions.java:64)
       java.base/jdk.internal.util.Preconditions.outOfBoundsCheckIndex(Preconditions.java:70)
       java.base/jdk.internal.util.Preconditions.checkIndex(Preconditions.java:266)
       java.base/java.util.Objects.checkIndex(Objects.java:359)
       java.base/java.util.ArrayList.remove(ArrayList.java:504)
       board.Display.removeElement(Display.java:19)
       board.PlayerTest.setUpBefore(PlayerTest.java:37)
       jdk.internal.reflect.GeneratedMethodAccessor1.invoke(Unknown Source)
       java.base/jdk.internal.reflect.DelegatingMethodAccessorImpl.invoke(DelegatingMethodAccessorImpl.java:43)
       java.base/java.lang.reflect.Method.invoke(Method.java:568)
       [...]
  JUnit Jupiter:PlayerTest:decayLegit_1(int):[2] 2
    MethodSource [className = 'board.PlayerTest', methodName = 'decayLegit_1', methodParameterTypes = 'int']
    => java.lang.IndexOutOfBoundsException: Index 0 out of bounds for length 0
       java.base/jdk.internal.util.Preconditions.outOfBounds(Preconditions.java:64)
       java.base/jdk.internal.util.Preconditions.outOfBoundsCheckIndex(Preconditions.java:70)
       java.base/jdk.internal.util.Preconditions.checkIndex(Preconditions.java:266)
       java.base/java.util.Objects.checkIndex(Objects.java:359)
       java.base/java.util.ArrayList.remove(ArrayList.java:504)
       board.Display.removeElement(Display.java:19)
       board.PlayerTest.setUpBefore(PlayerTest.java:37)
       jdk.internal.reflect.GeneratedMethodAccessor1.invoke(Unknown Source)
       java.base/jdk.internal.reflect.DelegatingMethodAccessorImpl.invoke(DelegatingMethodAccessorImpl.java:43)
       java.base/java.lang.reflect.Method.invoke(Method.java:568)
       [...]
  JUnit Jupiter:PlayerTest:decayLegit_1(int):[3] 3
    MethodSource [className = 'board.PlayerTest', methodName = 'decayLegit_1', methodParameterTypes = 'int']
    => java.lang.IndexOutOfBoundsException: Index 0 out of bounds for length 0
       java.base/jdk.internal.util.Preconditions.outOfBounds(Preconditions.java:64)
       java.base/jdk.internal.util.Preconditions.outOfBoundsCheckIndex(Preconditions.java:70)
       java.base/jdk.internal.util.Preconditions.checkIndex(Preconditions.java:266)
       java.base/java.util.Objects.checkIndex(Objects.java:359)
       java.base/java.util.ArrayList.remove(ArrayList.java:504)
       board.Display.removeElement(Display.java:19)
       board.PlayerTest.setUpBefore(PlayerTest.java:37)
       jdk.internal.reflect.GeneratedMethodAccessor1.invoke(Unknown Source)
       java.base/jdk.internal.reflect.DelegatingMethodAccessorImpl.invoke(DelegatingMethodAccessorImpl.java:43)
       java.base/java.lang.reflect.Method.invoke(Method.java:568)
       [...]
  JUnit Jupiter:PlayerTest:decayLegit_1(int):[4] 4
    MethodSource [className = 'board.PlayerTest', methodName = 'decayLegit_1', methodParameterTypes = 'int']
    => java.lang.IndexOutOfBoundsException: Index 0 out of bounds for length 0
       java.base/jdk.internal.util.Preconditions.outOfBounds(Preconditions.java:64)
       java.base/jdk.internal.util.Preconditions.outOfBoundsCheckIndex(Preconditions.java:70)
       java.base/jdk.internal.util.Preconditions.checkIndex(Preconditions.java:266)
       java.base/java.util.Objects.checkIndex(Objects.java:359)
       java.base/java.util.ArrayList.remove(ArrayList.java:504)
       board.Display.removeElement(Display.java:19)
       board.PlayerTest.setUpBefore(PlayerTest.java:37)
       jdk.internal.reflect.GeneratedMethodAccessor1.invoke(Unknown Source)
       java.base/jdk.internal.reflect.DelegatingMethodAccessorImpl.invoke(DelegatingMethodAccessorImpl.java:43)
       java.base/java.lang.reflect.Method.invoke(Method.java:568)
       [...]
  JUnit Jupiter:PlayerTest:decayLegit_2(int):[1] 1
    MethodSource [className = 'board.PlayerTest', methodName = 'decayLegit_2', methodParameterTypes = 'int']
    => java.lang.IndexOutOfBoundsException: Index 0 out of bounds for length 0
       java.base/jdk.internal.util.Preconditions.outOfBounds(Preconditions.java:64)
       java.base/jdk.internal.util.Preconditions.outOfBoundsCheckIndex(Preconditions.java:70)
       java.base/jdk.internal.util.Preconditions.checkIndex(Preconditions.java:266)
       java.base/java.util.Objects.checkIndex(Objects.java:359)
       java.base/java.util.ArrayList.remove(ArrayList.java:504)
       board.Display.removeElement(Display.java:19)
       board.PlayerTest.setUpBefore(PlayerTest.java:37)
       jdk.internal.reflect.GeneratedMethodAccessor1.invoke(Unknown Source)
       java.base/jdk.internal.reflect.DelegatingMethodAccessorImpl.invoke(DelegatingMethodAccessorImpl.java:43)
       java.base/java.lang.reflect.Method.invoke(Method.java:568)
       [...]
  JUnit Jupiter:PlayerTest:decayLegit_2(int):[2] 2
    MethodSource [className = 'board.PlayerTest', methodName = 'decayLegit_2', methodParameterTypes = 'int']
    => java.lang.IndexOutOfBoundsException: Index 0 out of bounds for length 0
       java.base/jdk.internal.util.Preconditions.outOfBounds(Preconditions.java:64)
       java.base/jdk.internal.util.Preconditions.outOfBoundsCheckIndex(Preconditions.java:70)
       java.base/jdk.internal.util.Preconditions.checkIndex(Preconditions.java:266)
       java.base/java.util.Objects.checkIndex(Objects.java:359)
       java.base/java.util.ArrayList.remove(ArrayList.java:504)
       board.Display.removeElement(Display.java:19)
       board.PlayerTest.setUpBefore(PlayerTest.java:37)
       jdk.internal.reflect.GeneratedMethodAccessor1.invoke(Unknown Source)
       java.base/jdk.internal.reflect.DelegatingMethodAccessorImpl.invoke(DelegatingMethodAccessorImpl.java:43)
       java.base/java.lang.reflect.Method.invoke(Method.java:568)
       [...]
  JUnit Jupiter:PlayerTest:decayLegit_3()
    MethodSource [className = 'board.PlayerTest', methodName = 'decayLegit_3', methodParameterTypes = '']
    => java.lang.IndexOutOfBoundsException: Index 0 out of bounds for length 0
       java.base/jdk.internal.util.Preconditions.outOfBounds(Preconditions.java:64)
       java.base/jdk.internal.util.Preconditions.outOfBoundsCheckIndex(Preconditions.java:70)
       java.base/jdk.internal.util.Preconditions.checkIndex(Preconditions.java:266)
       java.base/java.util.Objects.checkIndex(Objects.java:359)
       java.base/java.util.ArrayList.remove(ArrayList.java:504)
       board.Display.removeElement(Display.java:19)
       board.PlayerTest.setUpBefore(PlayerTest.java:37)
       jdk.internal.reflect.GeneratedMethodAccessor1.invoke(Unknown Source)
       java.base/jdk.internal.reflect.DelegatingMethodAccessorImpl.invoke(DelegatingMethodAccessorImpl.java:43)
       java.base/java.lang.reflect.Method.invoke(Method.java:568)
       [...]
  JUnit Jupiter:PlayerTest:decayLegit_4(int):[1] 1
    MethodSource [className = 'board.PlayerTest', methodName = 'decayLegit_4', methodParameterTypes = 'int']
    => java.lang.IndexOutOfBoundsException: Index 0 out of bounds for length 0
       java.base/jdk.internal.util.Preconditions.outOfBounds(Preconditions.java:64)
       java.base/jdk.internal.util.Preconditions.outOfBoundsCheckIndex(Preconditions.java:70)
       java.base/jdk.internal.util.Preconditions.checkIndex(Preconditions.java:266)
       java.base/java.util.Objects.checkIndex(Objects.java:359)
       java.base/java.util.ArrayList.remove(ArrayList.java:504)
       board.Display.removeElement(Display.java:19)
       board.PlayerTest.setUpBefore(PlayerTest.java:37)
       jdk.internal.reflect.GeneratedMethodAccessor1.invoke(Unknown Source)
       java.base/jdk.internal.reflect.DelegatingMethodAccessorImpl.invoke(DelegatingMethodAccessorImpl.java:43)
       java.base/java.lang.reflect.Method.invoke(Method.java:568)
       [...]
  JUnit Jupiter:PlayerTest:decayLegit_4(int):[2] 2
    MethodSource [className = 'board.PlayerTest', methodName = 'decayLegit_4', methodParameterTypes = 'int']
    => java.lang.IndexOutOfBoundsException: Index 0 out of bounds for length 0
       java.base/jdk.internal.util.Preconditions.outOfBounds(Preconditions.java:64)
       java.base/jdk.internal.util.Preconditions.outOfBoundsCheckIndex(Preconditions.java:70)
       java.base/jdk.internal.util.Preconditions.checkIndex(Preconditions.java:266)
       java.base/java.util.Objects.checkIndex(Objects.java:359)
       java.base/java.util.ArrayList.remove(ArrayList.java:504)
       board.Display.removeElement(Display.java:19)
       board.PlayerTest.setUpBefore(PlayerTest.java:37)
       jdk.internal.reflect.GeneratedMethodAccessor1.invoke(Unknown Source)
       java.base/jdk.internal.reflect.DelegatingMethodAccessorImpl.invoke(DelegatingMethodAccessorImpl.java:43)
       java.base/java.lang.reflect.Method.invoke(Method.java:568)
       [...]
  JUnit Jupiter:PlayerTest:decayLegit_5(int):[1] 1
    MethodSource [className = 'board.PlayerTest', methodName = 'decayLegit_5', methodParameterTypes = 'int']
    => java.lang.IndexOutOfBoundsException: Index 0 out of bounds for length 0
       java.base/jdk.internal.util.Preconditions.outOfBounds(Preconditions.java:64)
       java.base/jdk.internal.util.Preconditions.outOfBoundsCheckIndex(Preconditions.java:70)
       java.base/jdk.internal.util.Preconditions.checkIndex(Preconditions.java:266)
       java.base/java.util.Objects.checkIndex(Objects.java:359)
       java.base/java.util.ArrayList.remove(ArrayList.java:504)
       board.Display.removeElement(Display.java:19)
       board.PlayerTest.setUpBefore(PlayerTest.java:37)
       jdk.internal.reflect.GeneratedMethodAccessor1.invoke(Unknown Source)
       java.base/jdk.internal.reflect.DelegatingMethodAccessorImpl.invoke(DelegatingMethodAccessorImpl.java:43)
       java.base/java.lang.reflect.Method.invoke(Method.java:568)
       [...]
  JUnit Jupiter:PlayerTest:decayLegit_5(int):[2] 2
    MethodSource [className = 'board.PlayerTest', methodName = 'decayLegit_5', methodParameterTypes = 'int']
    => java.lang.IndexOutOfBoundsException: Index 0 out of bounds for length 0
       java.base/jdk.internal.util.Preconditions.outOfBounds(Preconditions.java:64)
       java.base/jdk.internal.util.Preconditions.outOfBoundsCheckIndex(Preconditions.java:70)
       java.base/jdk.internal.util.Preconditions.checkIndex(Preconditions.java:266)
       java.base/java.util.Objects.checkIndex(Objects.java:359)
       java.base/java.util.ArrayList.remove(ArrayList.java:504)
       board.Display.removeElement(Display.java:19)
       board.PlayerTest.setUpBefore(PlayerTest.java:37)
       jdk.internal.reflect.GeneratedMethodAccessor1.invoke(Unknown Source)
       java.base/jdk.internal.reflect.DelegatingMethodAccessorImpl.invoke(DelegatingMethodAccessorImpl.java:43)
       java.base/java.lang.reflect.Method.invoke(Method.java:568)
       [...]
  JUnit Jupiter:PlayerTest:panDown_onePan()
    MethodSource [className = 'board.PlayerTest', methodName = 'panDown_onePan', methodParameterTypes = '']
    => java.lang.IndexOutOfBoundsException: Index 0 out of bounds for length 0
       java.base/jdk.internal.util.Preconditions.outOfBounds(Preconditions.java:64)
       java.base/jdk.internal.util.Preconditions.outOfBoundsCheckIndex(Preconditions.java:70)
       java.base/jdk.internal.util.Preconditions.checkIndex(Preconditions.java:266)
       java.base/java.util.Objects.checkIndex(Objects.java:359)
       java.base/java.util.ArrayList.remove(ArrayList.java:504)
       board.Display.removeElement(Display.java:19)
       board.PlayerTest.setUpBefore(PlayerTest.java:37)
       jdk.internal.reflect.GeneratedMethodAccessor1.invoke(Unknown Source)
       java.base/jdk.internal.reflect.DelegatingMethodAccessorImpl.invoke(DelegatingMethodAccessorImpl.java:43)
       java.base/java.lang.reflect.Method.invoke(Method.java:568)
       [...]
  JUnit Jupiter:PlayerTest:takeFromForest_position3_1stick()
    MethodSource [className = 'board.PlayerTest', methodName = 'takeFromForest_position3_1stick', methodParameterTypes = '']
    => java.lang.IndexOutOfBoundsException: Index 0 out of bounds for length 0
       java.base/jdk.internal.util.Preconditions.outOfBounds(Preconditions.java:64)
       java.base/jdk.internal.util.Preconditions.outOfBoundsCheckIndex(Preconditions.java:70)
       java.base/jdk.internal.util.Preconditions.checkIndex(Preconditions.java:266)
       java.base/java.util.Objects.checkIndex(Objects.java:359)
       java.base/java.util.ArrayList.remove(ArrayList.java:504)
       board.Display.removeElement(Display.java:19)
       board.PlayerTest.setUpBefore(PlayerTest.java:37)
       jdk.internal.reflect.GeneratedMethodAccessor1.invoke(Unknown Source)
       java.base/jdk.internal.reflect.DelegatingMethodAccessorImpl.invoke(DelegatingMethodAccessorImpl.java:43)
       java.base/java.lang.reflect.Method.invoke(Method.java:568)
       [...]
  JUnit Jupiter:PlayerTest:takeFromForest_position12_5sticks(int):[1] 1
    MethodSource [className = 'board.PlayerTest', methodName = 'takeFromForest_position12_5sticks', methodParameterTypes = 'int']
    => java.lang.IndexOutOfBoundsException: Index 0 out of bounds for length 0
       java.base/jdk.internal.util.Preconditions.outOfBounds(Preconditions.java:64)
       java.base/jdk.internal.util.Preconditions.outOfBoundsCheckIndex(Preconditions.java:70)
       java.base/jdk.internal.util.Preconditions.checkIndex(Preconditions.java:266)
       java.base/java.util.Objects.checkIndex(Objects.java:359)
       java.base/java.util.ArrayList.remove(ArrayList.java:504)
       board.Display.removeElement(Display.java:19)
       board.PlayerTest.setUpBefore(PlayerTest.java:37)
       jdk.internal.reflect.GeneratedMethodAccessor1.invoke(Unknown Source)
       java.base/jdk.internal.reflect.DelegatingMethodAccessorImpl.invoke(DelegatingMethodAccessorImpl.java:43)
       java.base/java.lang.reflect.Method.invoke(Method.java:568)
       [...]
  JUnit Jupiter:PlayerTest:takeFromForest_position12_5sticks(int):[2] 2
    MethodSource [className = 'board.PlayerTest', methodName = 'takeFromForest_position12_5sticks', methodParameterTypes = 'int']
    => java.lang.IndexOutOfBoundsException: Index 0 out of bounds for length 0
       java.base/jdk.internal.util.Preconditions.outOfBounds(Preconditions.java:64)
       java.base/jdk.internal.util.Preconditions.outOfBoundsCheckIndex(Preconditions.java:70)
       java.base/jdk.internal.util.Preconditions.checkIndex(Preconditions.java:266)
       java.base/java.util.Objects.checkIndex(Objects.java:359)
       java.base/java.util.ArrayList.remove(ArrayList.java:504)
       board.Display.removeElement(Display.java:19)
       board.PlayerTest.setUpBefore(PlayerTest.java:37)
       jdk.internal.reflect.GeneratedMethodAccessor1.invoke(Unknown Source)
       java.base/jdk.internal.reflect.DelegatingMethodAccessorImpl.invoke(DelegatingMethodAccessorImpl.java:43)
       java.base/java.lang.reflect.Method.invoke(Method.java:568)
       [...]
  JUnit Jupiter:PlayerTest:decayNotLegit_1(int):[1] 1
    MethodSource [className = 'board.PlayerTest', methodName = 'decayNotLegit_1', methodParameterTypes = 'int']
    => java.lang.IndexOutOfBoundsException: Index 0 out of bounds for length 0
       java.base/jdk.internal.util.Preconditions.outOfBounds(Preconditions.java:64)
       java.base/jdk.internal.util.Preconditions.outOfBoundsCheckIndex(Preconditions.java:70)
       java.base/jdk.internal.util.Preconditions.checkIndex(Preconditions.java:266)
       java.base/java.util.Objects.checkIndex(Objects.java:359)
       java.base/java.util.ArrayList.remove(ArrayList.java:504)
       board.Display.removeElement(Display.java:19)
       board.PlayerTest.setUpBefore(PlayerTest.java:37)
       jdk.internal.reflect.GeneratedMethodAccessor1.invoke(Unknown Source)
       java.base/jdk.internal.reflect.DelegatingMethodAccessorImpl.invoke(DelegatingMethodAccessorImpl.java:43)
       java.base/java.lang.reflect.Method.invoke(Method.java:568)
       [...]
  JUnit Jupiter:PlayerTest:decayNotLegit_1(int):[2] 2
    MethodSource [className = 'board.PlayerTest', methodName = 'decayNotLegit_1', methodParameterTypes = 'int']
    => java.lang.IndexOutOfBoundsException: Index 0 out of bounds for length 0
       java.base/jdk.internal.util.Preconditions.outOfBounds(Preconditions.java:64)
       java.base/jdk.internal.util.Preconditions.outOfBoundsCheckIndex(Preconditions.java:70)
       java.base/jdk.internal.util.Preconditions.checkIndex(Preconditions.java:266)
       java.base/java.util.Objects.checkIndex(Objects.java:359)
       java.base/java.util.ArrayList.remove(ArrayList.java:504)
       board.Display.removeElement(Display.java:19)
       board.PlayerTest.setUpBefore(PlayerTest.java:37)
       jdk.internal.reflect.GeneratedMethodAccessor1.invoke(Unknown Source)
       java.base/jdk.internal.reflect.DelegatingMethodAccessorImpl.invoke(DelegatingMethodAccessorImpl.java:43)
       java.base/java.lang.reflect.Method.invoke(Method.java:568)
       [...]
  JUnit Jupiter:PlayerTest:decayNotLegit_1(int):[3] 3
    MethodSource [className = 'board.PlayerTest', methodName = 'decayNotLegit_1', methodParameterTypes = 'int']
    => java.lang.IndexOutOfBoundsException: Index 0 out of bounds for length 0
       java.base/jdk.internal.util.Preconditions.outOfBounds(Preconditions.java:64)
       java.base/jdk.internal.util.Preconditions.outOfBoundsCheckIndex(Preconditions.java:70)
       java.base/jdk.internal.util.Preconditions.checkIndex(Preconditions.java:266)
       java.base/java.util.Objects.checkIndex(Objects.java:359)
       java.base/java.util.ArrayList.remove(ArrayList.java:504)
       board.Display.removeElement(Display.java:19)
       board.PlayerTest.setUpBefore(PlayerTest.java:37)
       jdk.internal.reflect.GeneratedMethodAccessor1.invoke(Unknown Source)
       java.base/jdk.internal.reflect.DelegatingMethodAccessorImpl.invoke(DelegatingMethodAccessorImpl.java:43)
       java.base/java.lang.reflect.Method.invoke(Method.java:568)
       [...]
  JUnit Jupiter:PlayerTest:decayNotLegit_1(int):[4] 4
    MethodSource [className = 'board.PlayerTest', methodName = 'decayNotLegit_1', methodParameterTypes = 'int']
    => java.lang.IndexOutOfBoundsException: Index 0 out of bounds for length 0
       java.base/jdk.internal.util.Preconditions.outOfBounds(Preconditions.java:64)
       java.base/jdk.internal.util.Preconditions.outOfBoundsCheckIndex(Preconditions.java:70)
       java.base/jdk.internal.util.Preconditions.checkIndex(Preconditions.java:266)
       java.base/java.util.Objects.checkIndex(Objects.java:359)
       java.base/java.util.ArrayList.remove(ArrayList.java:504)
       board.Display.removeElement(Display.java:19)
       board.PlayerTest.setUpBefore(PlayerTest.java:37)
       jdk.internal.reflect.GeneratedMethodAccessor1.invoke(Unknown Source)
       java.base/jdk.internal.reflect.DelegatingMethodAccessorImpl.invoke(DelegatingMethodAccessorImpl.java:43)
       java.base/java.lang.reflect.Method.invoke(Method.java:568)
       [...]
  JUnit Jupiter:PlayerTest:decayNotLegit_2(int):[1] 3
    MethodSource [className = 'board.PlayerTest', methodName = 'decayNotLegit_2', methodParameterTypes = 'int']
    => java.lang.IndexOutOfBoundsException: Index 0 out of bounds for length 0
       java.base/jdk.internal.util.Preconditions.outOfBounds(Preconditions.java:64)
       java.base/jdk.internal.util.Preconditions.outOfBoundsCheckIndex(Preconditions.java:70)
       java.base/jdk.internal.util.Preconditions.checkIndex(Preconditions.java:266)
       java.base/java.util.Objects.checkIndex(Objects.java:359)
       java.base/java.util.ArrayList.remove(ArrayList.java:504)
       board.Display.removeElement(Display.java:19)
       board.PlayerTest.setUpBefore(PlayerTest.java:37)
       jdk.internal.reflect.GeneratedMethodAccessor1.invoke(Unknown Source)
       java.base/jdk.internal.reflect.DelegatingMethodAccessorImpl.invoke(DelegatingMethodAccessorImpl.java:43)
       java.base/java.lang.reflect.Method.invoke(Method.java:568)
       [...]
  JUnit Jupiter:PlayerTest:decayNotLegit_2(int):[2] 4
    MethodSource [className = 'board.PlayerTest', methodName = 'decayNotLegit_2', methodParameterTypes = 'int']
    => java.lang.IndexOutOfBoundsException: Index 0 out of bounds for length 0
       java.base/jdk.internal.util.Preconditions.outOfBounds(Preconditions.java:64)
       java.base/jdk.internal.util.Preconditions.outOfBoundsCheckIndex(Preconditions.java:70)
       java.base/jdk.internal.util.Preconditions.checkIndex(Preconditions.java:266)
       java.base/java.util.Objects.checkIndex(Objects.java:359)
       java.base/java.util.ArrayList.remove(ArrayList.java:504)
       board.Display.removeElement(Display.java:19)
       board.PlayerTest.setUpBefore(PlayerTest.java:37)
       jdk.internal.reflect.GeneratedMethodAccessor1.invoke(Unknown Source)
       java.base/jdk.internal.reflect.DelegatingMethodAccessorImpl.invoke(DelegatingMethodAccessorImpl.java:43)
       java.base/java.lang.reflect.Method.invoke(Method.java:568)
       [...]
  JUnit Jupiter:PlayerTest:decayNotLegit_3(int):[1] 2
    MethodSource [className = 'board.PlayerTest', methodName = 'decayNotLegit_3', methodParameterTypes = 'int']
    => java.lang.IndexOutOfBoundsException: Index 0 out of bounds for length 0
       java.base/jdk.internal.util.Preconditions.outOfBounds(Preconditions.java:64)
       java.base/jdk.internal.util.Preconditions.outOfBoundsCheckIndex(Preconditions.java:70)
       java.base/jdk.internal.util.Preconditions.checkIndex(Preconditions.java:266)
       java.base/java.util.Objects.checkIndex(Objects.java:359)
       java.base/java.util.ArrayList.remove(ArrayList.java:504)
       board.Display.removeElement(Display.java:19)
       board.PlayerTest.setUpBefore(PlayerTest.java:37)
       jdk.internal.reflect.GeneratedMethodAccessor1.invoke(Unknown Source)
       java.base/jdk.internal.reflect.DelegatingMethodAccessorImpl.invoke(DelegatingMethodAccessorImpl.java:43)
       java.base/java.lang.reflect.Method.invoke(Method.java:568)
       [...]
  JUnit Jupiter:PlayerTest:decayNotLegit_3(int):[2] 3
    MethodSource [className = 'board.PlayerTest', methodName = 'decayNotLegit_3', methodParameterTypes = 'int']
    => java.lang.IndexOutOfBoundsException: Index 0 out of bounds for length 0
       java.base/jdk.internal.util.Preconditions.outOfBounds(Preconditions.java:64)
       java.base/jdk.internal.util.Preconditions.outOfBoundsCheckIndex(Preconditions.java:70)
       java.base/jdk.internal.util.Preconditions.checkIndex(Preconditions.java:266)
       java.base/java.util.Objects.checkIndex(Objects.java:359)
       java.base/java.util.ArrayList.remove(ArrayList.java:504)
       board.Display.removeElement(Display.java:19)
       board.PlayerTest.setUpBefore(PlayerTest.java:37)
       jdk.internal.reflect.GeneratedMethodAccessor1.invoke(Unknown Source)
       java.base/jdk.internal.reflect.DelegatingMethodAccessorImpl.invoke(DelegatingMethodAccessorImpl.java:43)
       java.base/java.lang.reflect.Method.invoke(Method.java:568)
       [...]
  JUnit Jupiter:PlayerTest:decayNotLegit_3(int):[3] 4
    MethodSource [className = 'board.PlayerTest', methodName = 'decayNotLegit_3', methodParameterTypes = 'int']
    => java.lang.IndexOutOfBoundsException: Index 0 out of bounds for length 0
       java.base/jdk.internal.util.Preconditions.outOfBounds(Preconditions.java:64)
       java.base/jdk.internal.util.Preconditions.outOfBoundsCheckIndex(Preconditions.java:70)
       java.base/jdk.internal.util.Preconditions.checkIndex(Preconditions.java:266)
       java.base/java.util.Objects.checkIndex(Objects.java:359)
       java.base/java.util.ArrayList.remove(ArrayList.java:504)
       board.Display.removeElement(Display.java:19)
       board.PlayerTest.setUpBefore(PlayerTest.java:37)
       jdk.internal.reflect.GeneratedMethodAccessor1.invoke(Unknown Source)
       java.base/jdk.internal.reflect.DelegatingMethodAccessorImpl.invoke(DelegatingMethodAccessorImpl.java:43)
       java.base/java.lang.reflect.Method.invoke(Method.java:568)
       [...]
  JUnit Jupiter:PlayerTest:decayNotLegit_4(int):[1] 3
    MethodSource [className = 'board.PlayerTest', methodName = 'decayNotLegit_4', methodParameterTypes = 'int']
    => java.lang.IndexOutOfBoundsException: Index 0 out of bounds for length 0
       java.base/jdk.internal.util.Preconditions.outOfBounds(Preconditions.java:64)
       java.base/jdk.internal.util.Preconditions.outOfBoundsCheckIndex(Preconditions.java:70)
       java.base/jdk.internal.util.Preconditions.checkIndex(Preconditions.java:266)
       java.base/java.util.Objects.checkIndex(Objects.java:359)
       java.base/java.util.ArrayList.remove(ArrayList.java:504)
       board.Display.removeElement(Display.java:19)
       board.PlayerTest.setUpBefore(PlayerTest.java:37)
       jdk.internal.reflect.GeneratedMethodAccessor1.invoke(Unknown Source)
       java.base/jdk.internal.reflect.DelegatingMethodAccessorImpl.invoke(DelegatingMethodAccessorImpl.java:43)
       java.base/java.lang.reflect.Method.invoke(Method.java:568)
       [...]
  JUnit Jupiter:PlayerTest:decayNotLegit_4(int):[2] 4
    MethodSource [className = 'board.PlayerTest', methodName = 'decayNotLegit_4', methodParameterTypes = 'int']
    => java.lang.IndexOutOfBoundsException: Index 0 out of bounds for length 0
       java.base/jdk.internal.util.Preconditions.outOfBounds(Preconditions.java:64)
       java.base/jdk.internal.util.Preconditions.outOfBoundsCheckIndex(Preconditions.java:70)
       java.base/jdk.internal.util.Preconditions.checkIndex(Preconditions.java:266)
       java.base/java.util.Objects.checkIndex(Objects.java:359)
       java.base/java.util.ArrayList.remove(ArrayList.java:504)
       board.Display.removeElement(Display.java:19)
       board.PlayerTest.setUpBefore(PlayerTest.java:37)
       jdk.internal.reflect.GeneratedMethodAccessor1.invoke(Unknown Source)
       java.base/jdk.internal.reflect.DelegatingMethodAccessorImpl.invoke(DelegatingMethodAccessorImpl.java:43)
       java.base/java.lang.reflect.Method.invoke(Method.java:568)
       [...]
  JUnit Jupiter:PlayerTest:decayNotLegit_5(int):[1] 1
    MethodSource [className = 'board.PlayerTest', methodName = 'decayNotLegit_5', methodParameterTypes = 'int']
    => java.lang.IndexOutOfBoundsException: Index 0 out of bounds for length 0
       java.base/jdk.internal.util.Preconditions.outOfBounds(Preconditions.java:64)
       java.base/jdk.internal.util.Preconditions.outOfBoundsCheckIndex(Preconditions.java:70)
       java.base/jdk.internal.util.Preconditions.checkIndex(Preconditions.java:266)
       java.base/java.util.Objects.checkIndex(Objects.java:359)
       java.base/java.util.ArrayList.remove(ArrayList.java:504)
       board.Display.removeElement(Display.java:19)
       board.PlayerTest.setUpBefore(PlayerTest.java:37)
       jdk.internal.reflect.GeneratedMethodAccessor1.invoke(Unknown Source)
       java.base/jdk.internal.reflect.DelegatingMethodAccessorImpl.invoke(DelegatingMethodAccessorImpl.java:43)
       java.base/java.lang.reflect.Method.invoke(Method.java:568)
       [...]
  JUnit Jupiter:PlayerTest:decayNotLegit_5(int):[2] 2
    MethodSource [className = 'board.PlayerTest', methodName = 'decayNotLegit_5', methodParameterTypes = 'int']
    => java.lang.IndexOutOfBoundsException: Index 0 out of bounds for length 0
       java.base/jdk.internal.util.Preconditions.outOfBounds(Preconditions.java:64)
       java.base/jdk.internal.util.Preconditions.outOfBoundsCheckIndex(Preconditions.java:70)
       java.base/jdk.internal.util.Preconditions.checkIndex(Preconditions.java:266)
       java.base/java.util.Objects.checkIndex(Objects.java:359)
       java.base/java.util.ArrayList.remove(ArrayList.java:504)
       board.Display.removeElement(Display.java:19)
       board.PlayerTest.setUpBefore(PlayerTest.java:37)
       jdk.internal.reflect.GeneratedMethodAccessor1.invoke(Unknown Source)
       java.base/jdk.internal.reflect.DelegatingMethodAccessorImpl.invoke(DelegatingMethodAccessorImpl.java:43)
       java.base/java.lang.reflect.Method.invoke(Method.java:568)
       [...]
  JUnit Jupiter:PlayerTest:decayNotLegit_5(int):[3] 3
    MethodSource [className = 'board.PlayerTest', methodName = 'decayNotLegit_5', methodParameterTypes = 'int']
    => java.lang.IndexOutOfBoundsException: Index 0 out of bounds for length 0
       java.base/jdk.internal.util.Preconditions.outOfBounds(Preconditions.java:64)
       java.base/jdk.internal.util.Preconditions.outOfBoundsCheckIndex(Preconditions.java:70)
       java.base/jdk.internal.util.Preconditions.checkIndex(Preconditions.java:266)
       java.base/java.util.Objects.checkIndex(Objects.java:359)
       java.base/java.util.ArrayList.remove(ArrayList.java:504)
       board.Display.removeElement(Display.java:19)
       board.PlayerTest.setUpBefore(PlayerTest.java:37)
       jdk.internal.reflect.GeneratedMethodAccessor1.invoke(Unknown Source)
       java.base/jdk.internal.reflect.DelegatingMethodAccessorImpl.invoke(DelegatingMethodAccessorImpl.java:43)
       java.base/java.lang.reflect.Method.invoke(Method.java:568)
       [...]
  JUnit Jupiter:PlayerTest:decayNotLegit_5(int):[4] 4
    MethodSource [className = 'board.PlayerTest', methodName = 'decayNotLegit_5', methodParameterTypes = 'int']
    => java.lang.IndexOutOfBoundsException: Index 0 out of bounds for length 0
       java.base/jdk.internal.util.Preconditions.outOfBounds(Preconditions.java:64)
       java.base/jdk.internal.util.Preconditions.outOfBoundsCheckIndex(Preconditions.java:70)
       java.base/jdk.internal.util.Preconditions.checkIndex(Preconditions.java:266)
       java.base/java.util.Objects.checkIndex(Objects.java:359)
       java.base/java.util.ArrayList.remove(ArrayList.java:504)
       board.Display.removeElement(Display.java:19)
       board.PlayerTest.setUpBefore(PlayerTest.java:37)
       jdk.internal.reflect.GeneratedMethodAccessor1.invoke(Unknown Source)
       java.base/jdk.internal.reflect.DelegatingMethodAccessorImpl.invoke(DelegatingMethodAccessorImpl.java:43)
       java.base/java.lang.reflect.Method.invoke(Method.java:568)
       [...]
  JUnit Jupiter:PlayerTest:decayNotLegit_6(int):[1] 3
    MethodSource [className = 'board.PlayerTest', methodName = 'decayNotLegit_6', methodParameterTypes = 'int']
    => java.lang.IndexOutOfBoundsException: Index 0 out of bounds for length 0
       java.base/jdk.internal.util.Preconditions.outOfBounds(Preconditions.java:64)
       java.base/jdk.internal.util.Preconditions.outOfBoundsCheckIndex(Preconditions.java:70)
       java.base/jdk.internal.util.Preconditions.checkIndex(Preconditions.java:266)
       java.base/java.util.Objects.checkIndex(Objects.java:359)
       java.base/java.util.ArrayList.remove(ArrayList.java:504)
       board.Display.removeElement(Display.java:19)
       board.PlayerTest.setUpBefore(PlayerTest.java:37)
       jdk.internal.reflect.GeneratedMethodAccessor1.invoke(Unknown Source)
       java.base/jdk.internal.reflect.DelegatingMethodAccessorImpl.invoke(DelegatingMethodAccessorImpl.java:43)
       java.base/java.lang.reflect.Method.invoke(Method.java:568)
       [...]
  JUnit Jupiter:PlayerTest:decayNotLegit_6(int):[2] 4
    MethodSource [className = 'board.PlayerTest', methodName = 'decayNotLegit_6', methodParameterTypes = 'int']
    => java.lang.IndexOutOfBoundsException: Index 0 out of bounds for length 0
       java.base/jdk.internal.util.Preconditions.outOfBounds(Preconditions.java:64)
       java.base/jdk.internal.util.Preconditions.outOfBoundsCheckIndex(Preconditions.java:70)
       java.base/jdk.internal.util.Preconditions.checkIndex(Preconditions.java:266)
       java.base/java.util.Objects.checkIndex(Objects.java:359)
       java.base/java.util.ArrayList.remove(ArrayList.java:504)
       board.Display.removeElement(Display.java:19)
       board.PlayerTest.setUpBefore(PlayerTest.java:37)
       jdk.internal.reflect.GeneratedMethodAccessor1.invoke(Unknown Source)
       java.base/jdk.internal.reflect.DelegatingMethodAccessorImpl.invoke(DelegatingMethodAccessorImpl.java:43)
       java.base/java.lang.reflect.Method.invoke(Method.java:568)
       [...]
  JUnit Jupiter:PlayerTest:cookMushroomsNotEnough1withNoPan()
    MethodSource [className = 'board.PlayerTest', methodName = 'cookMushroomsNotEnough1withNoPan', methodParameterTypes = '']
    => java.lang.IndexOutOfBoundsException: Index 0 out of bounds for length 0
       java.base/jdk.internal.util.Preconditions.outOfBounds(Preconditions.java:64)
       java.base/jdk.internal.util.Preconditions.outOfBoundsCheckIndex(Preconditions.java:70)
       java.base/jdk.internal.util.Preconditions.checkIndex(Preconditions.java:266)
       java.base/java.util.Objects.checkIndex(Objects.java:359)
       java.base/java.util.ArrayList.remove(ArrayList.java:504)
       board.Display.removeElement(Display.java:19)
       board.PlayerTest.setUpBefore(PlayerTest.java:37)
       jdk.internal.reflect.GeneratedMethodAccessor1.invoke(Unknown Source)
       java.base/jdk.internal.reflect.DelegatingMethodAccessorImpl.invoke(DelegatingMethodAccessorImpl.java:43)
       java.base/java.lang.reflect.Method.invoke(Method.java:568)
       [...]
  JUnit Jupiter:PlayerTest:sellMushrooms_youdonthave()
    MethodSource [className = 'board.PlayerTest', methodName = 'sellMushrooms_youdonthave', methodParameterTypes = '']
    => java.lang.IndexOutOfBoundsException: Index 0 out of bounds for length 0
       java.base/jdk.internal.util.Preconditions.outOfBounds(Preconditions.java:64)
       java.base/jdk.internal.util.Preconditions.outOfBoundsCheckIndex(Preconditions.java:70)
       java.base/jdk.internal.util.Preconditions.checkIndex(Preconditions.java:266)
       java.base/java.util.Objects.checkIndex(Objects.java:359)
       java.base/java.util.ArrayList.remove(ArrayList.java:504)
       board.Display.removeElement(Display.java:19)
       board.PlayerTest.setUpBefore(PlayerTest.java:37)
       jdk.internal.reflect.GeneratedMethodAccessor1.invoke(Unknown Source)
       java.base/jdk.internal.reflect.DelegatingMethodAccessorImpl.invoke(DelegatingMethodAccessorImpl.java:43)
       java.base/java.lang.reflect.Method.invoke(Method.java:568)
       [...]
  JUnit Jupiter:PlayerTest:cookMushroomsEnoughNoPanonHand()
    MethodSource [className = 'board.PlayerTest', methodName = 'cookMushroomsEnoughNoPanonHand', methodParameterTypes = '']
    => java.lang.IndexOutOfBoundsException: Index 0 out of bounds for length 0
       java.base/jdk.internal.util.Preconditions.outOfBounds(Preconditions.java:64)
       java.base/jdk.internal.util.Preconditions.outOfBoundsCheckIndex(Preconditions.java:70)
       java.base/jdk.internal.util.Preconditions.checkIndex(Preconditions.java:266)
       java.base/java.util.Objects.checkIndex(Objects.java:359)
       java.base/java.util.ArrayList.remove(ArrayList.java:504)
       board.Display.removeElement(Display.java:19)
       board.PlayerTest.setUpBefore(PlayerTest.java:37)
       jdk.internal.reflect.GeneratedMethodAccessor1.invoke(Unknown Source)
       java.base/jdk.internal.reflect.DelegatingMethodAccessorImpl.invoke(DelegatingMethodAccessorImpl.java:43)
       java.base/java.lang.reflect.Method.invoke(Method.java:568)
       [...]
  JUnit Jupiter:PlayerTest:sellMushrooms1MixedNightSticks2D()
    MethodSource [className = 'board.PlayerTest', methodName = 'sellMushrooms1MixedNightSticks2D', methodParameterTypes = '']
    => java.lang.IndexOutOfBoundsException: Index 0 out of bounds for length 0
       java.base/jdk.internal.util.Preconditions.outOfBounds(Preconditions.java:64)
       java.base/jdk.internal.util.Preconditions.outOfBoundsCheckIndex(Preconditions.java:70)
       java.base/jdk.internal.util.Preconditions.checkIndex(Preconditions.java:266)
       java.base/java.util.Objects.checkIndex(Objects.java:359)
       java.base/java.util.ArrayList.remove(ArrayList.java:504)
       board.Display.removeElement(Display.java:19)
       board.PlayerTest.setUpBefore(PlayerTest.java:37)
       jdk.internal.reflect.GeneratedMethodAccessor1.invoke(Unknown Source)
       java.base/jdk.internal.reflect.DelegatingMethodAccessorImpl.invoke(DelegatingMethodAccessorImpl.java:43)
       java.base/java.lang.reflect.Method.invoke(Method.java:568)
       [...]
  JUnit Jupiter:PlayerTest:sellMushrooms1MixedNightSticks3D()
    MethodSource [className = 'board.PlayerTest', methodName = 'sellMushrooms1MixedNightSticks3D', methodParameterTypes = '']
    => java.lang.IndexOutOfBoundsException: Index 0 out of bounds for length 0
       java.base/jdk.internal.util.Preconditions.outOfBounds(Preconditions.java:64)
       java.base/jdk.internal.util.Preconditions.outOfBoundsCheckIndex(Preconditions.java:70)
       java.base/jdk.internal.util.Preconditions.checkIndex(Preconditions.java:266)
       java.base/java.util.Objects.checkIndex(Objects.java:359)
       java.base/java.util.ArrayList.remove(ArrayList.java:504)
       board.Display.removeElement(Display.java:19)
       board.PlayerTest.setUpBefore(PlayerTest.java:37)
       jdk.internal.reflect.GeneratedMethodAccessor1.invoke(Unknown Source)
       java.base/jdk.internal.reflect.DelegatingMethodAccessorImpl.invoke(DelegatingMethodAccessorImpl.java:43)
       java.base/java.lang.reflect.Method.invoke(Method.java:568)
       [...]
  JUnit Jupiter:PlayerTest:sellMushrooms1MixedNightSticks5D()
    MethodSource [className = 'board.PlayerTest', methodName = 'sellMushrooms1MixedNightSticks5D', methodParameterTypes = '']
    => java.lang.IndexOutOfBoundsException: Index 0 out of bounds for length 0
       java.base/jdk.internal.util.Preconditions.outOfBounds(Preconditions.java:64)
       java.base/jdk.internal.util.Preconditions.outOfBoundsCheckIndex(Preconditions.java:70)
       java.base/jdk.internal.util.Preconditions.checkIndex(Preconditions.java:266)
       java.base/java.util.Objects.checkIndex(Objects.java:359)
       java.base/java.util.ArrayList.remove(ArrayList.java:504)
       board.Display.removeElement(Display.java:19)
       board.PlayerTest.setUpBefore(PlayerTest.java:37)
       jdk.internal.reflect.GeneratedMethodAccessor1.invoke(Unknown Source)
       java.base/jdk.internal.reflect.DelegatingMethodAccessorImpl.invoke(DelegatingMethodAccessorImpl.java:43)
       java.base/java.lang.reflect.Method.invoke(Method.java:568)
       [...]
  JUnit Jupiter:PlayerTest:sellMushrooms1MixedNightSticks6D()
    MethodSource [className = 'board.PlayerTest', methodName = 'sellMushrooms1MixedNightSticks6D', methodParameterTypes = '']
    => java.lang.IndexOutOfBoundsException: Index 0 out of bounds for length 0
       java.base/jdk.internal.util.Preconditions.outOfBounds(Preconditions.java:64)
       java.base/jdk.internal.util.Preconditions.outOfBoundsCheckIndex(Preconditions.java:70)
       java.base/jdk.internal.util.Preconditions.checkIndex(Preconditions.java:266)
       java.base/java.util.Objects.checkIndex(Objects.java:359)
       java.base/java.util.ArrayList.remove(ArrayList.java:504)
       board.Display.removeElement(Display.java:19)
       board.PlayerTest.setUpBefore(PlayerTest.java:37)
       jdk.internal.reflect.GeneratedMethodAccessor1.invoke(Unknown Source)
       java.base/jdk.internal.reflect.DelegatingMethodAccessorImpl.invoke(DelegatingMethodAccessorImpl.java:43)
       java.base/java.lang.reflect.Method.invoke(Method.java:568)
       [...]
  JUnit Jupiter:PlayerTest:takeFromForest_position1to8_1stick_checksticks(int):[1] 1
    MethodSource [className = 'board.PlayerTest', methodName = 'takeFromForest_position1to8_1stick_checksticks', methodParameterTypes = 'int']
    => java.lang.IndexOutOfBoundsException: Index 0 out of bounds for length 0
       java.base/jdk.internal.util.Preconditions.outOfBounds(Preconditions.java:64)
       java.base/jdk.internal.util.Preconditions.outOfBoundsCheckIndex(Preconditions.java:70)
       java.base/jdk.internal.util.Preconditions.checkIndex(Preconditions.java:266)
       java.base/java.util.Objects.checkIndex(Objects.java:359)
       java.base/java.util.ArrayList.remove(ArrayList.java:504)
       board.Display.removeElement(Display.java:19)
       board.PlayerTest.setUpBefore(PlayerTest.java:37)
       jdk.internal.reflect.GeneratedMethodAccessor1.invoke(Unknown Source)
       java.base/jdk.internal.reflect.DelegatingMethodAccessorImpl.invoke(DelegatingMethodAccessorImpl.java:43)
       java.base/java.lang.reflect.Method.invoke(Method.java:568)
       [...]
  JUnit Jupiter:PlayerTest:takeFromForest_position1to8_1stick_checksticks(int):[2] 2
    MethodSource [className = 'board.PlayerTest', methodName = 'takeFromForest_position1to8_1stick_checksticks', methodParameterTypes = 'int']
    => java.lang.IndexOutOfBoundsException: Index 0 out of bounds for length 0
       java.base/jdk.internal.util.Preconditions.outOfBounds(Preconditions.java:64)
       java.base/jdk.internal.util.Preconditions.outOfBoundsCheckIndex(Preconditions.java:70)
       java.base/jdk.internal.util.Preconditions.checkIndex(Preconditions.java:266)
       java.base/java.util.Objects.checkIndex(Objects.java:359)
       java.base/java.util.ArrayList.remove(ArrayList.java:504)
       board.Display.removeElement(Display.java:19)
       board.PlayerTest.setUpBefore(PlayerTest.java:37)
       jdk.internal.reflect.GeneratedMethodAccessor1.invoke(Unknown Source)
       java.base/jdk.internal.reflect.DelegatingMethodAccessorImpl.invoke(DelegatingMethodAccessorImpl.java:43)
       java.base/java.lang.reflect.Method.invoke(Method.java:568)
       [...]
  JUnit Jupiter:PlayerTest:takeFromForest_position1to8_1stick_checksticks(int):[3] 4
    MethodSource [className = 'board.PlayerTest', methodName = 'takeFromForest_position1to8_1stick_checksticks', methodParameterTypes = 'int']
    => java.lang.IndexOutOfBoundsException: Index 0 out of bounds for length 0
       java.base/jdk.internal.util.Preconditions.outOfBounds(Preconditions.java:64)
       java.base/jdk.internal.util.Preconditions.outOfBoundsCheckIndex(Preconditions.java:70)
       java.base/jdk.internal.util.Preconditions.checkIndex(Preconditions.java:266)
       java.base/java.util.Objects.checkIndex(Objects.java:359)
       java.base/java.util.ArrayList.remove(ArrayList.java:504)
       board.Display.removeElement(Display.java:19)
       board.PlayerTest.setUpBefore(PlayerTest.java:37)
       jdk.internal.reflect.GeneratedMethodAccessor1.invoke(Unknown Source)
       java.base/jdk.internal.reflect.DelegatingMethodAccessorImpl.invoke(DelegatingMethodAccessorImpl.java:43)
       java.base/java.lang.reflect.Method.invoke(Method.java:568)
       [...]
  JUnit Jupiter:PlayerTest:takeFromForest_position1to8_1stick_checksticks(int):[4] 5
    MethodSource [className = 'board.PlayerTest', methodName = 'takeFromForest_position1to8_1stick_checksticks', methodParameterTypes = 'int']
    => java.lang.IndexOutOfBoundsException: Index 0 out of bounds for length 0
       java.base/jdk.internal.util.Preconditions.outOfBounds(Preconditions.java:64)
       java.base/jdk.internal.util.Preconditions.outOfBoundsCheckIndex(Preconditions.java:70)
       java.base/jdk.internal.util.Preconditions.checkIndex(Preconditions.java:266)
       java.base/java.util.Objects.checkIndex(Objects.java:359)
       java.base/java.util.ArrayList.remove(ArrayList.java:504)
       board.Display.removeElement(Display.java:19)
       board.PlayerTest.setUpBefore(PlayerTest.java:37)
       jdk.internal.reflect.GeneratedMethodAccessor1.invoke(Unknown Source)
       java.base/jdk.internal.reflect.DelegatingMethodAccessorImpl.invoke(DelegatingMethodAccessorImpl.java:43)
       java.base/java.lang.reflect.Method.invoke(Method.java:568)
       [...]
  JUnit Jupiter:PlayerTest:takeFromForest_position1to8_1stick_checksticks(int):[5] 6
    MethodSource [className = 'board.PlayerTest', methodName = 'takeFromForest_position1to8_1stick_checksticks', methodParameterTypes = 'int']
    => java.lang.IndexOutOfBoundsException: Index 0 out of bounds for length 0
       java.base/jdk.internal.util.Preconditions.outOfBounds(Preconditions.java:64)
       java.base/jdk.internal.util.Preconditions.outOfBoundsCheckIndex(Preconditions.java:70)
       java.base/jdk.internal.util.Preconditions.checkIndex(Preconditions.java:266)
       java.base/java.util.Objects.checkIndex(Objects.java:359)
       java.base/java.util.ArrayList.remove(ArrayList.java:504)
       board.Display.removeElement(Display.java:19)
       board.PlayerTest.setUpBefore(PlayerTest.java:37)
       jdk.internal.reflect.GeneratedMethodAccessor1.invoke(Unknown Source)
       java.base/jdk.internal.reflect.DelegatingMethodAccessorImpl.invoke(DelegatingMethodAccessorImpl.java:43)
       java.base/java.lang.reflect.Method.invoke(Method.java:568)
       [...]
  JUnit Jupiter:PlayerTest:takeFromForest_position1to8_1stick_checksticks(int):[6] 7
    MethodSource [className = 'board.PlayerTest', methodName = 'takeFromForest_position1to8_1stick_checksticks', methodParameterTypes = 'int']
    => java.lang.IndexOutOfBoundsException: Index 0 out of bounds for length 0
       java.base/jdk.internal.util.Preconditions.outOfBounds(Preconditions.java:64)
       java.base/jdk.internal.util.Preconditions.outOfBoundsCheckIndex(Preconditions.java:70)
       java.base/jdk.internal.util.Preconditions.checkIndex(Preconditions.java:266)
       java.base/java.util.Objects.checkIndex(Objects.java:359)
       java.base/java.util.ArrayList.remove(ArrayList.java:504)
       board.Display.removeElement(Display.java:19)
       board.PlayerTest.setUpBefore(PlayerTest.java:37)
       jdk.internal.reflect.GeneratedMethodAccessor1.invoke(Unknown Source)
       java.base/jdk.internal.reflect.DelegatingMethodAccessorImpl.invoke(DelegatingMethodAccessorImpl.java:43)
       java.base/java.lang.reflect.Method.invoke(Method.java:568)
       [...]
  JUnit Jupiter:PlayerTest:takeFromForest_position1to8_1stick_checksticks(int):[7] 8
    MethodSource [className = 'board.PlayerTest', methodName = 'takeFromForest_position1to8_1stick_checksticks', methodParameterTypes = 'int']
    => java.lang.IndexOutOfBoundsException: Index 0 out of bounds for length 0
       java.base/jdk.internal.util.Preconditions.outOfBounds(Preconditions.java:64)
       java.base/jdk.internal.util.Preconditions.outOfBoundsCheckIndex(Preconditions.java:70)
       java.base/jdk.internal.util.Preconditions.checkIndex(Preconditions.java:266)
       java.base/java.util.Objects.checkIndex(Objects.java:359)
       java.base/java.util.ArrayList.remove(ArrayList.java:504)
       board.Display.removeElement(Display.java:19)
       board.PlayerTest.setUpBefore(PlayerTest.java:37)
       jdk.internal.reflect.GeneratedMethodAccessor1.invoke(Unknown Source)
       java.base/jdk.internal.reflect.DelegatingMethodAccessorImpl.invoke(DelegatingMethodAccessorImpl.java:43)
       java.base/java.lang.reflect.Method.invoke(Method.java:568)
       [...]
  JUnit Jupiter:PlayerTest:cookMushroomsNotEnough0withNoPan()
    MethodSource [className = 'board.PlayerTest', methodName = 'cookMushroomsNotEnough0withNoPan', methodParameterTypes = '']
    => java.lang.IndexOutOfBoundsException: Index 0 out of bounds for length 0
       java.base/jdk.internal.util.Preconditions.outOfBounds(Preconditions.java:64)
       java.base/jdk.internal.util.Preconditions.outOfBoundsCheckIndex(Preconditions.java:70)
       java.base/jdk.internal.util.Preconditions.checkIndex(Preconditions.java:266)
       java.base/java.util.Objects.checkIndex(Objects.java:359)
       java.base/java.util.ArrayList.remove(ArrayList.java:504)
       board.Display.removeElement(Display.java:19)
       board.PlayerTest.setUpBefore(PlayerTest.java:37)
       jdk.internal.reflect.GeneratedMethodAccessor1.invoke(Unknown Source)
       java.base/jdk.internal.reflect.DelegatingMethodAccessorImpl.invoke(DelegatingMethodAccessorImpl.java:43)
       java.base/java.lang.reflect.Method.invoke(Method.java:568)
       [...]
  JUnit Jupiter:PlayerTest:panDown_Pan_PanOnDisplay(int):[1] 2
    MethodSource [className = 'board.PlayerTest', methodName = 'panDown_Pan_PanOnDisplay', methodParameterTypes = 'int']
    => java.lang.IndexOutOfBoundsException: Index 0 out of bounds for length 0
       java.base/jdk.internal.util.Preconditions.outOfBounds(Preconditions.java:64)
       java.base/jdk.internal.util.Preconditions.outOfBoundsCheckIndex(Preconditions.java:70)
       java.base/jdk.internal.util.Preconditions.checkIndex(Preconditions.java:266)
       java.base/java.util.Objects.checkIndex(Objects.java:359)
       java.base/java.util.ArrayList.remove(ArrayList.java:504)
       board.Display.removeElement(Display.java:19)
       board.PlayerTest.setUpBefore(PlayerTest.java:37)
       jdk.internal.reflect.GeneratedMethodAccessor1.invoke(Unknown Source)
       java.base/jdk.internal.reflect.DelegatingMethodAccessorImpl.invoke(DelegatingMethodAccessorImpl.java:43)
       java.base/java.lang.reflect.Method.invoke(Method.java:568)
       [...]
  JUnit Jupiter:PlayerTest:panDown_Pan_PanOnDisplay(int):[2] 3
    MethodSource [className = 'board.PlayerTest', methodName = 'panDown_Pan_PanOnDisplay', methodParameterTypes = 'int']
    => java.lang.IndexOutOfBoundsException: Index 0 out of bounds for length 0
       java.base/jdk.internal.util.Preconditions.outOfBounds(Preconditions.java:64)
       java.base/jdk.internal.util.Preconditions.outOfBoundsCheckIndex(Preconditions.java:70)
       java.base/jdk.internal.util.Preconditions.checkIndex(Preconditions.java:266)
       java.base/java.util.Objects.checkIndex(Objects.java:359)
       java.base/java.util.ArrayList.remove(ArrayList.java:504)
       board.Display.removeElement(Display.java:19)
       board.PlayerTest.setUpBefore(PlayerTest.java:37)
       jdk.internal.reflect.GeneratedMethodAccessor1.invoke(Unknown Source)
       java.base/jdk.internal.reflect.DelegatingMethodAccessorImpl.invoke(DelegatingMethodAccessorImpl.java:43)
       java.base/java.lang.reflect.Method.invoke(Method.java:568)
       [...]
  JUnit Jupiter:PlayerTest:panDown_Pan_PanOnDisplay(int):[3] 4
    MethodSource [className = 'board.PlayerTest', methodName = 'panDown_Pan_PanOnDisplay', methodParameterTypes = 'int']
    => java.lang.IndexOutOfBoundsException: Index 0 out of bounds for length 0
       java.base/jdk.internal.util.Preconditions.outOfBounds(Preconditions.java:64)
       java.base/jdk.internal.util.Preconditions.outOfBoundsCheckIndex(Preconditions.java:70)
       java.base/jdk.internal.util.Preconditions.checkIndex(Preconditions.java:266)
       java.base/java.util.Objects.checkIndex(Objects.java:359)
       java.base/java.util.ArrayList.remove(ArrayList.java:504)
       board.Display.removeElement(Display.java:19)
       board.PlayerTest.setUpBefore(PlayerTest.java:37)
       jdk.internal.reflect.GeneratedMethodAccessor1.invoke(Unknown Source)
       java.base/jdk.internal.reflect.DelegatingMethodAccessorImpl.invoke(DelegatingMethodAccessorImpl.java:43)
       java.base/java.lang.reflect.Method.invoke(Method.java:568)
       [...]
  JUnit Jupiter:PlayerTest:takeFromForest_12_checkdisplay_basket(int):[1] 1
    MethodSource [className = 'board.PlayerTest', methodName = 'takeFromForest_12_checkdisplay_basket', methodParameterTypes = 'int']
    => java.lang.IndexOutOfBoundsException: Index 0 out of bounds for length 0
       java.base/jdk.internal.util.Preconditions.outOfBounds(Preconditions.java:64)
       java.base/jdk.internal.util.Preconditions.outOfBoundsCheckIndex(Preconditions.java:70)
       java.base/jdk.internal.util.Preconditions.checkIndex(Preconditions.java:266)
       java.base/java.util.Objects.checkIndex(Objects.java:359)
       java.base/java.util.ArrayList.remove(ArrayList.java:504)
       board.Display.removeElement(Display.java:19)
       board.PlayerTest.setUpBefore(PlayerTest.java:37)
       jdk.internal.reflect.GeneratedMethodAccessor1.invoke(Unknown Source)
       java.base/jdk.internal.reflect.DelegatingMethodAccessorImpl.invoke(DelegatingMethodAccessorImpl.java:43)
       java.base/java.lang.reflect.Method.invoke(Method.java:568)
       [...]
  JUnit Jupiter:PlayerTest:takeFromForest_12_checkdisplay_basket(int):[2] 2
    MethodSource [className = 'board.PlayerTest', methodName = 'takeFromForest_12_checkdisplay_basket', methodParameterTypes = 'int']
    => java.lang.IndexOutOfBoundsException: Index 0 out of bounds for length 0
       java.base/jdk.internal.util.Preconditions.outOfBounds(Preconditions.java:64)
       java.base/jdk.internal.util.Preconditions.outOfBoundsCheckIndex(Preconditions.java:70)
       java.base/jdk.internal.util.Preconditions.checkIndex(Preconditions.java:266)
       java.base/java.util.Objects.checkIndex(Objects.java:359)
       java.base/java.util.ArrayList.remove(ArrayList.java:504)
       board.Display.removeElement(Display.java:19)
       board.PlayerTest.setUpBefore(PlayerTest.java:37)
       jdk.internal.reflect.GeneratedMethodAccessor1.invoke(Unknown Source)
       java.base/jdk.internal.reflect.DelegatingMethodAccessorImpl.invoke(DelegatingMethodAccessorImpl.java:43)
       java.base/java.lang.reflect.Method.invoke(Method.java:568)
       [...]
  JUnit Jupiter:PlayerTest:cookMushroomsNotEnough1withPanonD()
    MethodSource [className = 'board.PlayerTest', methodName = 'cookMushroomsNotEnough1withPanonD', methodParameterTypes = '']
    => java.lang.IndexOutOfBoundsException: Index 0 out of bounds for length 0
       java.base/jdk.internal.util.Preconditions.outOfBounds(Preconditions.java:64)
       java.base/jdk.internal.util.Preconditions.outOfBoundsCheckIndex(Preconditions.java:70)
       java.base/jdk.internal.util.Preconditions.checkIndex(Preconditions.java:266)
       java.base/java.util.Objects.checkIndex(Objects.java:359)
       java.base/java.util.ArrayList.remove(ArrayList.java:504)
       board.Display.removeElement(Display.java:19)
       board.PlayerTest.setUpBefore(PlayerTest.java:37)
       jdk.internal.reflect.GeneratedMethodAccessor1.invoke(Unknown Source)
       java.base/jdk.internal.reflect.DelegatingMethodAccessorImpl.invoke(DelegatingMethodAccessorImpl.java:43)
       java.base/java.lang.reflect.Method.invoke(Method.java:568)
       [...]
  JUnit Jupiter:PlayerTest:cookMushroomsNotEnough1withPanonH()
    MethodSource [className = 'board.PlayerTest', methodName = 'cookMushroomsNotEnough1withPanonH', methodParameterTypes = '']
    => java.lang.IndexOutOfBoundsException: Index 0 out of bounds for length 0
       java.base/jdk.internal.util.Preconditions.outOfBounds(Preconditions.java:64)
       java.base/jdk.internal.util.Preconditions.outOfBoundsCheckIndex(Preconditions.java:70)
       java.base/jdk.internal.util.Preconditions.checkIndex(Preconditions.java:266)
       java.base/java.util.Objects.checkIndex(Objects.java:359)
       java.base/java.util.ArrayList.remove(ArrayList.java:504)
       board.Display.removeElement(Display.java:19)
       board.PlayerTest.setUpBefore(PlayerTest.java:37)
       jdk.internal.reflect.GeneratedMethodAccessor1.invoke(Unknown Source)
       java.base/jdk.internal.reflect.DelegatingMethodAccessorImpl.invoke(DelegatingMethodAccessorImpl.java:43)
       java.base/java.lang.reflect.Method.invoke(Method.java:568)
       [...]
  JUnit Jupiter:PlayerTest:cookMushroomsEnoughPanonHand()
    MethodSource [className = 'board.PlayerTest', methodName = 'cookMushroomsEnoughPanonHand', methodParameterTypes = '']
    => java.lang.IndexOutOfBoundsException: Index 0 out of bounds for length 0
       java.base/jdk.internal.util.Preconditions.outOfBounds(Preconditions.java:64)
       java.base/jdk.internal.util.Preconditions.outOfBoundsCheckIndex(Preconditions.java:70)
       java.base/jdk.internal.util.Preconditions.checkIndex(Preconditions.java:266)
       java.base/java.util.Objects.checkIndex(Objects.java:359)
       java.base/java.util.ArrayList.remove(ArrayList.java:504)
       board.Display.removeElement(Display.java:19)
       board.PlayerTest.setUpBefore(PlayerTest.java:37)
       jdk.internal.reflect.GeneratedMethodAccessor1.invoke(Unknown Source)
       java.base/jdk.internal.reflect.DelegatingMethodAccessorImpl.invoke(DelegatingMethodAccessorImpl.java:43)
       java.base/java.lang.reflect.Method.invoke(Method.java:568)
       [...]
  JUnit Jupiter:PlayerTest:sellMushrooms1NightSticks1()
    MethodSource [className = 'board.PlayerTest', methodName = 'sellMushrooms1NightSticks1', methodParameterTypes = '']
    => java.lang.IndexOutOfBoundsException: Index 0 out of bounds for length 0
       java.base/jdk.internal.util.Preconditions.outOfBounds(Preconditions.java:64)
       java.base/jdk.internal.util.Preconditions.outOfBoundsCheckIndex(Preconditions.java:70)
       java.base/jdk.internal.util.Preconditions.checkIndex(Preconditions.java:266)
       java.base/java.util.Objects.checkIndex(Objects.java:359)
       java.base/java.util.ArrayList.remove(ArrayList.java:504)
       board.Display.removeElement(Display.java:19)
       board.PlayerTest.setUpBefore(PlayerTest.java:37)
       jdk.internal.reflect.GeneratedMethodAccessor1.invoke(Unknown Source)
       java.base/jdk.internal.reflect.DelegatingMethodAccessorImpl.invoke(DelegatingMethodAccessorImpl.java:43)
       java.base/java.lang.reflect.Method.invoke(Method.java:568)
       [...]
  JUnit Jupiter:PlayerTest:sellMushrooms1NightSticks2()
    MethodSource [className = 'board.PlayerTest', methodName = 'sellMushrooms1NightSticks2', methodParameterTypes = '']
    => java.lang.IndexOutOfBoundsException: Index 0 out of bounds for length 0
       java.base/jdk.internal.util.Preconditions.outOfBounds(Preconditions.java:64)
       java.base/jdk.internal.util.Preconditions.outOfBoundsCheckIndex(Preconditions.java:70)
       java.base/jdk.internal.util.Preconditions.checkIndex(Preconditions.java:266)
       java.base/java.util.Objects.checkIndex(Objects.java:359)
       java.base/java.util.ArrayList.remove(ArrayList.java:504)
       board.Display.removeElement(Display.java:19)
       board.PlayerTest.setUpBefore(PlayerTest.java:37)
       jdk.internal.reflect.GeneratedMethodAccessor1.invoke(Unknown Source)
       java.base/jdk.internal.reflect.DelegatingMethodAccessorImpl.invoke(DelegatingMethodAccessorImpl.java:43)
       java.base/java.lang.reflect.Method.invoke(Method.java:568)
       [...]
  JUnit Jupiter:PlayerTest:sellMushrooms1NightSticks3()
    MethodSource [className = 'board.PlayerTest', methodName = 'sellMushrooms1NightSticks3', methodParameterTypes = '']
    => java.lang.IndexOutOfBoundsException: Index 0 out of bounds for length 0
       java.base/jdk.internal.util.Preconditions.outOfBounds(Preconditions.java:64)
       java.base/jdk.internal.util.Preconditions.outOfBoundsCheckIndex(Preconditions.java:70)
       java.base/jdk.internal.util.Preconditions.checkIndex(Preconditions.java:266)
       java.base/java.util.Objects.checkIndex(Objects.java:359)
       java.base/java.util.ArrayList.remove(ArrayList.java:504)
       board.Display.removeElement(Display.java:19)
       board.PlayerTest.setUpBefore(PlayerTest.java:37)
       jdk.internal.reflect.GeneratedMethodAccessor1.invoke(Unknown Source)
       java.base/jdk.internal.reflect.DelegatingMethodAccessorImpl.invoke(DelegatingMethodAccessorImpl.java:43)
       java.base/java.lang.reflect.Method.invoke(Method.java:568)
       [...]
  JUnit Jupiter:PlayerTest:sellMushroomsSticks1()
    MethodSource [className = 'board.PlayerTest', methodName = 'sellMushroomsSticks1', methodParameterTypes = '']
    => java.lang.IndexOutOfBoundsException: Index 0 out of bounds for length 0
       java.base/jdk.internal.util.Preconditions.outOfBounds(Preconditions.java:64)
       java.base/jdk.internal.util.Preconditions.outOfBoundsCheckIndex(Preconditions.java:70)
       java.base/jdk.internal.util.Preconditions.checkIndex(Preconditions.java:266)
       java.base/java.util.Objects.checkIndex(Objects.java:359)
       java.base/java.util.ArrayList.remove(ArrayList.java:504)
       board.Display.removeElement(Display.java:19)
       board.PlayerTest.setUpBefore(PlayerTest.java:37)
       jdk.internal.reflect.GeneratedMethodAccessor1.invoke(Unknown Source)
       java.base/jdk.internal.reflect.DelegatingMethodAccessorImpl.invoke(DelegatingMethodAccessorImpl.java:43)
       java.base/java.lang.reflect.Method.invoke(Method.java:568)
       [...]
  JUnit Jupiter:PlayerTest:sellMushroomsSticks2()
    MethodSource [className = 'board.PlayerTest', methodName = 'sellMushroomsSticks2', methodParameterTypes = '']
    => java.lang.IndexOutOfBoundsException: Index 0 out of bounds for length 0
       java.base/jdk.internal.util.Preconditions.outOfBounds(Preconditions.java:64)
       java.base/jdk.internal.util.Preconditions.outOfBoundsCheckIndex(Preconditions.java:70)
       java.base/jdk.internal.util.Preconditions.checkIndex(Preconditions.java:266)
       java.base/java.util.Objects.checkIndex(Objects.java:359)
       java.base/java.util.ArrayList.remove(ArrayList.java:504)
       board.Display.removeElement(Display.java:19)
       board.PlayerTest.setUpBefore(PlayerTest.java:37)
       jdk.internal.reflect.GeneratedMethodAccessor1.invoke(Unknown Source)
       java.base/jdk.internal.reflect.DelegatingMethodAccessorImpl.invoke(DelegatingMethodAccessorImpl.java:43)
       java.base/java.lang.reflect.Method.invoke(Method.java:568)
       [...]
  JUnit Jupiter:PlayerTest:sellMushroomsSticks3()
    MethodSource [className = 'board.PlayerTest', methodName = 'sellMushroomsSticks3', methodParameterTypes = '']
    => java.lang.IndexOutOfBoundsException: Index 0 out of bounds for length 0
       java.base/jdk.internal.util.Preconditions.outOfBounds(Preconditions.java:64)
       java.base/jdk.internal.util.Preconditions.outOfBoundsCheckIndex(Preconditions.java:70)
       java.base/jdk.internal.util.Preconditions.checkIndex(Preconditions.java:266)
       java.base/java.util.Objects.checkIndex(Objects.java:359)
       java.base/java.util.ArrayList.remove(ArrayList.java:504)
       board.Display.removeElement(Display.java:19)
       board.PlayerTest.setUpBefore(PlayerTest.java:37)
       jdk.internal.reflect.GeneratedMethodAccessor1.invoke(Unknown Source)
       java.base/jdk.internal.reflect.DelegatingMethodAccessorImpl.invoke(DelegatingMethodAccessorImpl.java:43)
       java.base/java.lang.reflect.Method.invoke(Method.java:568)
       [...]
  JUnit Jupiter:PlayerTest:sellMushroomsSticks4()
    MethodSource [className = 'board.PlayerTest', methodName = 'sellMushroomsSticks4', methodParameterTypes = '']
    => java.lang.IndexOutOfBoundsException: Index 0 out of bounds for length 0
       java.base/jdk.internal.util.Preconditions.outOfBounds(Preconditions.java:64)
       java.base/jdk.internal.util.Preconditions.outOfBoundsCheckIndex(Preconditions.java:70)
       java.base/jdk.internal.util.Preconditions.checkIndex(Preconditions.java:266)
       java.base/java.util.Objects.checkIndex(Objects.java:359)
       java.base/java.util.ArrayList.remove(ArrayList.java:504)
       board.Display.removeElement(Display.java:19)
       board.PlayerTest.setUpBefore(PlayerTest.java:37)
       jdk.internal.reflect.GeneratedMethodAccessor1.invoke(Unknown Source)
       java.base/jdk.internal.reflect.DelegatingMethodAccessorImpl.invoke(DelegatingMethodAccessorImpl.java:43)
       java.base/java.lang.reflect.Method.invoke(Method.java:568)
       [...]
  JUnit Jupiter:PlayerTest:sellMushrooms1NightSticks1D()
    MethodSource [className = 'board.PlayerTest', methodName = 'sellMushrooms1NightSticks1D', methodParameterTypes = '']
    => java.lang.IndexOutOfBoundsException: Index 0 out of bounds for length 0
       java.base/jdk.internal.util.Preconditions.outOfBounds(Preconditions.java:64)
       java.base/jdk.internal.util.Preconditions.outOfBoundsCheckIndex(Preconditions.java:70)
       java.base/jdk.internal.util.Preconditions.checkIndex(Preconditions.java:266)
       java.base/java.util.Objects.checkIndex(Objects.java:359)
       java.base/java.util.ArrayList.remove(ArrayList.java:504)
       board.Display.removeElement(Display.java:19)
       board.PlayerTest.setUpBefore(PlayerTest.java:37)
       jdk.internal.reflect.GeneratedMethodAccessor1.invoke(Unknown Source)
       java.base/jdk.internal.reflect.DelegatingMethodAccessorImpl.invoke(DelegatingMethodAccessorImpl.java:43)
       java.base/java.lang.reflect.Method.invoke(Method.java:568)
       [...]
  JUnit Jupiter:PlayerTest:sellMushrooms1NightSticks2D()
    MethodSource [className = 'board.PlayerTest', methodName = 'sellMushrooms1NightSticks2D', methodParameterTypes = '']
    => java.lang.IndexOutOfBoundsException: Index 0 out of bounds for length 0
       java.base/jdk.internal.util.Preconditions.outOfBounds(Preconditions.java:64)
       java.base/jdk.internal.util.Preconditions.outOfBoundsCheckIndex(Preconditions.java:70)
       java.base/jdk.internal.util.Preconditions.checkIndex(Preconditions.java:266)
       java.base/java.util.Objects.checkIndex(Objects.java:359)
       java.base/java.util.ArrayList.remove(ArrayList.java:504)
       board.Display.removeElement(Display.java:19)
       board.PlayerTest.setUpBefore(PlayerTest.java:37)
       jdk.internal.reflect.GeneratedMethodAccessor1.invoke(Unknown Source)
       java.base/jdk.internal.reflect.DelegatingMethodAccessorImpl.invoke(DelegatingMethodAccessorImpl.java:43)
       java.base/java.lang.reflect.Method.invoke(Method.java:568)
       [...]
  JUnit Jupiter:PlayerTest:sellMushrooms1NightSticks3D()
    MethodSource [className = 'board.PlayerTest', methodName = 'sellMushrooms1NightSticks3D', methodParameterTypes = '']
    => java.lang.IndexOutOfBoundsException: Index 0 out of bounds for length 0
       java.base/jdk.internal.util.Preconditions.outOfBounds(Preconditions.java:64)
       java.base/jdk.internal.util.Preconditions.outOfBoundsCheckIndex(Preconditions.java:70)
       java.base/jdk.internal.util.Preconditions.checkIndex(Preconditions.java:266)
       java.base/java.util.Objects.checkIndex(Objects.java:359)
       java.base/java.util.ArrayList.remove(ArrayList.java:504)
       board.Display.removeElement(Display.java:19)
       board.PlayerTest.setUpBefore(PlayerTest.java:37)
       jdk.internal.reflect.GeneratedMethodAccessor1.invoke(Unknown Source)
       java.base/jdk.internal.reflect.DelegatingMethodAccessorImpl.invoke(DelegatingMethodAccessorImpl.java:43)
       java.base/java.lang.reflect.Method.invoke(Method.java:568)
       [...]
  JUnit Jupiter:PlayerTest:panDown_noPan()
    MethodSource [className = 'board.PlayerTest', methodName = 'panDown_noPan', methodParameterTypes = '']
    => java.lang.IndexOutOfBoundsException: Index 0 out of bounds for length 0
       java.base/jdk.internal.util.Preconditions.outOfBounds(Preconditions.java:64)
       java.base/jdk.internal.util.Preconditions.outOfBoundsCheckIndex(Preconditions.java:70)
       java.base/jdk.internal.util.Preconditions.checkIndex(Preconditions.java:266)
       java.base/java.util.Objects.checkIndex(Objects.java:359)
       java.base/java.util.ArrayList.remove(ArrayList.java:504)
       board.Display.removeElement(Display.java:19)
       board.PlayerTest.setUpBefore(PlayerTest.java:37)
       jdk.internal.reflect.GeneratedMethodAccessor1.invoke(Unknown Source)
       java.base/jdk.internal.reflect.DelegatingMethodAccessorImpl.invoke(DelegatingMethodAccessorImpl.java:43)
       java.base/java.lang.reflect.Method.invoke(Method.java:568)
       [...]
  JUnit Jupiter:PlayerTest:cookNightMushrooms1D()
    MethodSource [className = 'board.PlayerTest', methodName = 'cookNightMushrooms1D', methodParameterTypes = '']
    => java.lang.IndexOutOfBoundsException: Index 0 out of bounds for length 0
       java.base/jdk.internal.util.Preconditions.outOfBounds(Preconditions.java:64)
       java.base/jdk.internal.util.Preconditions.outOfBoundsCheckIndex(Preconditions.java:70)
       java.base/jdk.internal.util.Preconditions.checkIndex(Preconditions.java:266)
       java.base/java.util.Objects.checkIndex(Objects.java:359)
       java.base/java.util.ArrayList.remove(ArrayList.java:504)
       board.Display.removeElement(Display.java:19)
       board.PlayerTest.setUpBefore(PlayerTest.java:37)
       jdk.internal.reflect.GeneratedMethodAccessor1.invoke(Unknown Source)
       java.base/jdk.internal.reflect.DelegatingMethodAccessorImpl.invoke(DelegatingMethodAccessorImpl.java:43)
       java.base/java.lang.reflect.Method.invoke(Method.java:568)
       [...]
  JUnit Jupiter:PlayerTest:cookNightMushrooms2D()
    MethodSource [className = 'board.PlayerTest', methodName = 'cookNightMushrooms2D', methodParameterTypes = '']
    => java.lang.IndexOutOfBoundsException: Index 0 out of bounds for length 0
       java.base/jdk.internal.util.Preconditions.outOfBounds(Preconditions.java:64)
       java.base/jdk.internal.util.Preconditions.outOfBoundsCheckIndex(Preconditions.java:70)
       java.base/jdk.internal.util.Preconditions.checkIndex(Preconditions.java:266)
       java.base/java.util.Objects.checkIndex(Objects.java:359)
       java.base/java.util.ArrayList.remove(ArrayList.java:504)
       board.Display.removeElement(Display.java:19)
       board.PlayerTest.setUpBefore(PlayerTest.java:37)
       jdk.internal.reflect.GeneratedMethodAccessor1.invoke(Unknown Source)
       java.base/jdk.internal.reflect.DelegatingMethodAccessorImpl.invoke(DelegatingMethodAccessorImpl.java:43)
       java.base/java.lang.reflect.Method.invoke(Method.java:568)
       [...]
  JUnit Jupiter:PlayerTest:panDown_onePan_PanOnDisplay()
    MethodSource [className = 'board.PlayerTest', methodName = 'panDown_onePan_PanOnDisplay', methodParameterTypes = '']
    => java.lang.IndexOutOfBoundsException: Index 0 out of bounds for length 0
       java.base/jdk.internal.util.Preconditions.outOfBounds(Preconditions.java:64)
       java.base/jdk.internal.util.Preconditions.outOfBoundsCheckIndex(Preconditions.java:70)
       java.base/jdk.internal.util.Preconditions.checkIndex(Preconditions.java:266)
       java.base/java.util.Objects.checkIndex(Objects.java:359)
       java.base/java.util.ArrayList.remove(ArrayList.java:504)
       board.Display.removeElement(Display.java:19)
       board.PlayerTest.setUpBefore(PlayerTest.java:37)
       jdk.internal.reflect.GeneratedMethodAccessor1.invoke(Unknown Source)
       java.base/jdk.internal.reflect.DelegatingMethodAccessorImpl.invoke(DelegatingMethodAccessorImpl.java:43)
       java.base/java.lang.reflect.Method.invoke(Method.java:568)
       [...]
  JUnit Jupiter:PlayerTest:cookMushroomsButter1()
    MethodSource [className = 'board.PlayerTest', methodName = 'cookMushroomsButter1', methodParameterTypes = '']
    => java.lang.IndexOutOfBoundsException: Index 0 out of bounds for length 0
       java.base/jdk.internal.util.Preconditions.outOfBounds(Preconditions.java:64)
       java.base/jdk.internal.util.Preconditions.outOfBoundsCheckIndex(Preconditions.java:70)
       java.base/jdk.internal.util.Preconditions.checkIndex(Preconditions.java:266)
       java.base/java.util.Objects.checkIndex(Objects.java:359)
       java.base/java.util.ArrayList.remove(ArrayList.java:504)
       board.Display.removeElement(Display.java:19)
       board.PlayerTest.setUpBefore(PlayerTest.java:37)
       jdk.internal.reflect.GeneratedMethodAccessor1.invoke(Unknown Source)
       java.base/jdk.internal.reflect.DelegatingMethodAccessorImpl.invoke(DelegatingMethodAccessorImpl.java:43)
       java.base/java.lang.reflect.Method.invoke(Method.java:568)
       [...]
  JUnit Jupiter:PlayerTest:cookMushroomsButter2()
    MethodSource [className = 'board.PlayerTest', methodName = 'cookMushroomsButter2', methodParameterTypes = '']
    => java.lang.IndexOutOfBoundsException: Index 0 out of bounds for length 0
       java.base/jdk.internal.util.Preconditions.outOfBounds(Preconditions.java:64)
       java.base/jdk.internal.util.Preconditions.outOfBoundsCheckIndex(Preconditions.java:70)
       java.base/jdk.internal.util.Preconditions.checkIndex(Preconditions.java:266)
       java.base/java.util.Objects.checkIndex(Objects.java:359)
       java.base/java.util.ArrayList.remove(ArrayList.java:504)
       board.Display.removeElement(Display.java:19)
       board.PlayerTest.setUpBefore(PlayerTest.java:37)
       jdk.internal.reflect.GeneratedMethodAccessor1.invoke(Unknown Source)
       java.base/jdk.internal.reflect.DelegatingMethodAccessorImpl.invoke(DelegatingMethodAccessorImpl.java:43)
       java.base/java.lang.reflect.Method.invoke(Method.java:568)
       [...]
  JUnit Jupiter:PlayerTest:takeFromForest_position12(int):[1] 1
    MethodSource [className = 'board.PlayerTest', methodName = 'takeFromForest_position12', methodParameterTypes = 'int']
    => java.lang.IndexOutOfBoundsException: Index 0 out of bounds for length 0
       java.base/jdk.internal.util.Preconditions.outOfBounds(Preconditions.java:64)
       java.base/jdk.internal.util.Preconditions.outOfBoundsCheckIndex(Preconditions.java:70)
       java.base/jdk.internal.util.Preconditions.checkIndex(Preconditions.java:266)
       java.base/java.util.Objects.checkIndex(Objects.java:359)
       java.base/java.util.ArrayList.remove(ArrayList.java:504)
       board.Display.removeElement(Display.java:19)
       board.PlayerTest.setUpBefore(PlayerTest.java:37)
       jdk.internal.reflect.GeneratedMethodAccessor1.invoke(Unknown Source)
       java.base/jdk.internal.reflect.DelegatingMethodAccessorImpl.invoke(DelegatingMethodAccessorImpl.java:43)
       java.base/java.lang.reflect.Method.invoke(Method.java:568)
       [...]
  JUnit Jupiter:PlayerTest:takeFromForest_position12(int):[2] 2
    MethodSource [className = 'board.PlayerTest', methodName = 'takeFromForest_position12', methodParameterTypes = 'int']
    => java.lang.IndexOutOfBoundsException: Index 0 out of bounds for length 0
       java.base/jdk.internal.util.Preconditions.outOfBounds(Preconditions.java:64)
       java.base/jdk.internal.util.Preconditions.outOfBoundsCheckIndex(Preconditions.java:70)
       java.base/jdk.internal.util.Preconditions.checkIndex(Preconditions.java:266)
       java.base/java.util.Objects.checkIndex(Objects.java:359)
       java.base/java.util.ArrayList.remove(ArrayList.java:504)
       board.Display.removeElement(Display.java:19)
       board.PlayerTest.setUpBefore(PlayerTest.java:37)
       jdk.internal.reflect.GeneratedMethodAccessor1.invoke(Unknown Source)
       java.base/jdk.internal.reflect.DelegatingMethodAccessorImpl.invoke(DelegatingMethodAccessorImpl.java:43)
       java.base/java.lang.reflect.Method.invoke(Method.java:568)
       [...]
  JUnit Jupiter:PlayerTest:sellMushrooms1MixedNightSticks2()
    MethodSource [className = 'board.PlayerTest', methodName = 'sellMushrooms1MixedNightSticks2', methodParameterTypes = '']
    => java.lang.IndexOutOfBoundsException: Index 0 out of bounds for length 0
       java.base/jdk.internal.util.Preconditions.outOfBounds(Preconditions.java:64)
       java.base/jdk.internal.util.Preconditions.outOfBoundsCheckIndex(Preconditions.java:70)
       java.base/jdk.internal.util.Preconditions.checkIndex(Preconditions.java:266)
       java.base/java.util.Objects.checkIndex(Objects.java:359)
       java.base/java.util.ArrayList.remove(ArrayList.java:504)
       board.Display.removeElement(Display.java:19)
       board.PlayerTest.setUpBefore(PlayerTest.java:37)
       jdk.internal.reflect.GeneratedMethodAccessor1.invoke(Unknown Source)
       java.base/jdk.internal.reflect.DelegatingMethodAccessorImpl.invoke(DelegatingMethodAccessorImpl.java:43)
       java.base/java.lang.reflect.Method.invoke(Method.java:568)
       [...]
  JUnit Jupiter:PlayerTest:sellMushrooms1MixedNightSticks3()
    MethodSource [className = 'board.PlayerTest', methodName = 'sellMushrooms1MixedNightSticks3', methodParameterTypes = '']
    => java.lang.IndexOutOfBoundsException: Index 0 out of bounds for length 0
       java.base/jdk.internal.util.Preconditions.outOfBounds(Preconditions.java:64)
       java.base/jdk.internal.util.Preconditions.outOfBoundsCheckIndex(Preconditions.java:70)
       java.base/jdk.internal.util.Preconditions.checkIndex(Preconditions.java:266)
       java.base/java.util.Objects.checkIndex(Objects.java:359)
       java.base/java.util.ArrayList.remove(ArrayList.java:504)
       board.Display.removeElement(Display.java:19)
       board.PlayerTest.setUpBefore(PlayerTest.java:37)
       jdk.internal.reflect.GeneratedMethodAccessor1.invoke(Unknown Source)
       java.base/jdk.internal.reflect.DelegatingMethodAccessorImpl.invoke(DelegatingMethodAccessorImpl.java:43)
       java.base/java.lang.reflect.Method.invoke(Method.java:568)
       [...]
  JUnit Jupiter:PlayerTest:sellMushrooms1MixedNightSticks5()
    MethodSource [className = 'board.PlayerTest', methodName = 'sellMushrooms1MixedNightSticks5', methodParameterTypes = '']
    => java.lang.IndexOutOfBoundsException: Index 0 out of bounds for length 0
       java.base/jdk.internal.util.Preconditions.outOfBounds(Preconditions.java:64)
       java.base/jdk.internal.util.Preconditions.outOfBoundsCheckIndex(Preconditions.java:70)
       java.base/jdk.internal.util.Preconditions.checkIndex(Preconditions.java:266)
       java.base/java.util.Objects.checkIndex(Objects.java:359)
       java.base/java.util.ArrayList.remove(ArrayList.java:504)
       board.Display.removeElement(Display.java:19)
       board.PlayerTest.setUpBefore(PlayerTest.java:37)
       jdk.internal.reflect.GeneratedMethodAccessor1.invoke(Unknown Source)
       java.base/jdk.internal.reflect.DelegatingMethodAccessorImpl.invoke(DelegatingMethodAccessorImpl.java:43)
       java.base/java.lang.reflect.Method.invoke(Method.java:568)
       [...]
  JUnit Jupiter:PlayerTest:sellMushrooms1MixedNightSticks6()
    MethodSource [className = 'board.PlayerTest', methodName = 'sellMushrooms1MixedNightSticks6', methodParameterTypes = '']
    => java.lang.IndexOutOfBoundsException: Index 0 out of bounds for length 0
       java.base/jdk.internal.util.Preconditions.outOfBounds(Preconditions.java:64)
       java.base/jdk.internal.util.Preconditions.outOfBoundsCheckIndex(Preconditions.java:70)
       java.base/jdk.internal.util.Preconditions.checkIndex(Preconditions.java:266)
       java.base/java.util.Objects.checkIndex(Objects.java:359)
       java.base/java.util.ArrayList.remove(ArrayList.java:504)
       board.Display.removeElement(Display.java:19)
       board.PlayerTest.setUpBefore(PlayerTest.java:37)
       jdk.internal.reflect.GeneratedMethodAccessor1.invoke(Unknown Source)
       java.base/jdk.internal.reflect.DelegatingMethodAccessorImpl.invoke(DelegatingMethodAccessorImpl.java:43)
       java.base/java.lang.reflect.Method.invoke(Method.java:568)
       [...]
  JUnit Jupiter:PlayerTest:cookMushroomsEnoughNoPanonDisplay()
    MethodSource [className = 'board.PlayerTest', methodName = 'cookMushroomsEnoughNoPanonDisplay', methodParameterTypes = '']
    => java.lang.IndexOutOfBoundsException: Index 0 out of bounds for length 0
       java.base/jdk.internal.util.Preconditions.outOfBounds(Preconditions.java:64)
       java.base/jdk.internal.util.Preconditions.outOfBoundsCheckIndex(Preconditions.java:70)
       java.base/jdk.internal.util.Preconditions.checkIndex(Preconditions.java:266)
       java.base/java.util.Objects.checkIndex(Objects.java:359)
       java.base/java.util.ArrayList.remove(ArrayList.java:504)
       board.Display.removeElement(Display.java:19)
       board.PlayerTest.setUpBefore(PlayerTest.java:37)
       jdk.internal.reflect.GeneratedMethodAccessor1.invoke(Unknown Source)
       java.base/jdk.internal.reflect.DelegatingMethodAccessorImpl.invoke(DelegatingMethodAccessorImpl.java:43)
       java.base/java.lang.reflect.Method.invoke(Method.java:568)
       [...]
  JUnit Jupiter:PlayerTest:decayPileUpdate(int):[1] 1
    MethodSource [className = 'board.PlayerTest', methodName = 'decayPileUpdate', methodParameterTypes = 'int']
    => java.lang.IndexOutOfBoundsException: Index 0 out of bounds for length 0
       java.base/jdk.internal.util.Preconditions.outOfBounds(Preconditions.java:64)
       java.base/jdk.internal.util.Preconditions.outOfBoundsCheckIndex(Preconditions.java:70)
       java.base/jdk.internal.util.Preconditions.checkIndex(Preconditions.java:266)
       java.base/java.util.Objects.checkIndex(Objects.java:359)
       java.base/java.util.ArrayList.remove(ArrayList.java:504)
       board.Display.removeElement(Display.java:19)
       board.PlayerTest.setUpBefore(PlayerTest.java:37)
       jdk.internal.reflect.GeneratedMethodAccessor1.invoke(Unknown Source)
       java.base/jdk.internal.reflect.DelegatingMethodAccessorImpl.invoke(DelegatingMethodAccessorImpl.java:43)
       java.base/java.lang.reflect.Method.invoke(Method.java:568)
       [...]
  JUnit Jupiter:PlayerTest:decayPileUpdate(int):[2] 2
    MethodSource [className = 'board.PlayerTest', methodName = 'decayPileUpdate', methodParameterTypes = 'int']
    => java.lang.IndexOutOfBoundsException: Index 0 out of bounds for length 0
       java.base/jdk.internal.util.Preconditions.outOfBounds(Preconditions.java:64)
       java.base/jdk.internal.util.Preconditions.outOfBoundsCheckIndex(Preconditions.java:70)
       java.base/jdk.internal.util.Preconditions.checkIndex(Preconditions.java:266)
       java.base/java.util.Objects.checkIndex(Objects.java:359)
       java.base/java.util.ArrayList.remove(ArrayList.java:504)
       board.Display.removeElement(Display.java:19)
       board.PlayerTest.setUpBefore(PlayerTest.java:37)
       jdk.internal.reflect.GeneratedMethodAccessor1.invoke(Unknown Source)
       java.base/jdk.internal.reflect.DelegatingMethodAccessorImpl.invoke(DelegatingMethodAccessorImpl.java:43)
       java.base/java.lang.reflect.Method.invoke(Method.java:568)
       [...]
  JUnit Jupiter:PlayerTest:decayPileUpdate(int):[3] 3
    MethodSource [className = 'board.PlayerTest', methodName = 'decayPileUpdate', methodParameterTypes = 'int']
    => java.lang.IndexOutOfBoundsException: Index 0 out of bounds for length 0
       java.base/jdk.internal.util.Preconditions.outOfBounds(Preconditions.java:64)
       java.base/jdk.internal.util.Preconditions.outOfBoundsCheckIndex(Preconditions.java:70)
       java.base/jdk.internal.util.Preconditions.checkIndex(Preconditions.java:266)
       java.base/java.util.Objects.checkIndex(Objects.java:359)
       java.base/java.util.ArrayList.remove(ArrayList.java:504)
       board.Display.removeElement(Display.java:19)
       board.PlayerTest.setUpBefore(PlayerTest.java:37)
       jdk.internal.reflect.GeneratedMethodAccessor1.invoke(Unknown Source)
       java.base/jdk.internal.reflect.DelegatingMethodAccessorImpl.invoke(DelegatingMethodAccessorImpl.java:43)
       java.base/java.lang.reflect.Method.invoke(Method.java:568)
       [...]
  JUnit Jupiter:PlayerTest:cookMushroomsEnoughPanonHandScoreCH_NoPan()
    MethodSource [className = 'board.PlayerTest', methodName = 'cookMushroomsEnoughPanonHandScoreCH_NoPan', methodParameterTypes = '']
    => java.lang.IndexOutOfBoundsException: Index 0 out of bounds for length 0
       java.base/jdk.internal.util.Preconditions.outOfBounds(Preconditions.java:64)
       java.base/jdk.internal.util.Preconditions.outOfBoundsCheckIndex(Preconditions.java:70)
       java.base/jdk.internal.util.Preconditions.checkIndex(Preconditions.java:266)
       java.base/java.util.Objects.checkIndex(Objects.java:359)
       java.base/java.util.ArrayList.remove(ArrayList.java:504)
       board.Display.removeElement(Display.java:19)
       board.PlayerTest.setUpBefore(PlayerTest.java:37)
       jdk.internal.reflect.GeneratedMethodAccessor1.invoke(Unknown Source)
       java.base/jdk.internal.reflect.DelegatingMethodAccessorImpl.invoke(DelegatingMethodAccessorImpl.java:43)
       java.base/java.lang.reflect.Method.invoke(Method.java:568)
       [...]
  JUnit Jupiter:PlayerTest:takeFromForest_checkhand_fail_nosticks(int):[1] 3
    MethodSource [className = 'board.PlayerTest', methodName = 'takeFromForest_checkhand_fail_nosticks', methodParameterTypes = 'int']
    => java.lang.IndexOutOfBoundsException: Index 0 out of bounds for length 0
       java.base/jdk.internal.util.Preconditions.outOfBounds(Preconditions.java:64)
       java.base/jdk.internal.util.Preconditions.outOfBoundsCheckIndex(Preconditions.java:70)
       java.base/jdk.internal.util.Preconditions.checkIndex(Preconditions.java:266)
       java.base/java.util.Objects.checkIndex(Objects.java:359)
       java.base/java.util.ArrayList.remove(ArrayList.java:504)
       board.Display.removeElement(Display.java:19)
       board.PlayerTest.setUpBefore(PlayerTest.java:37)
       jdk.internal.reflect.GeneratedMethodAccessor1.invoke(Unknown Source)
       java.base/jdk.internal.reflect.DelegatingMethodAccessorImpl.invoke(DelegatingMethodAccessorImpl.java:43)
       java.base/java.lang.reflect.Method.invoke(Method.java:568)
       [...]
  JUnit Jupiter:PlayerTest:takeFromForest_checkhand_fail_nosticks(int):[2] 4
    MethodSource [className = 'board.PlayerTest', methodName = 'takeFromForest_checkhand_fail_nosticks', methodParameterTypes = 'int']
    => java.lang.IndexOutOfBoundsException: Index 0 out of bounds for length 0
       java.base/jdk.internal.util.Preconditions.outOfBounds(Preconditions.java:64)
       java.base/jdk.internal.util.Preconditions.outOfBoundsCheckIndex(Preconditions.java:70)
       java.base/jdk.internal.util.Preconditions.checkIndex(Preconditions.java:266)
       java.base/java.util.Objects.checkIndex(Objects.java:359)
       java.base/java.util.ArrayList.remove(ArrayList.java:504)
       board.Display.removeElement(Display.java:19)
       board.PlayerTest.setUpBefore(PlayerTest.java:37)
       jdk.internal.reflect.GeneratedMethodAccessor1.invoke(Unknown Source)
       java.base/jdk.internal.reflect.DelegatingMethodAccessorImpl.invoke(DelegatingMethodAccessorImpl.java:43)
       java.base/java.lang.reflect.Method.invoke(Method.java:568)
       [...]
  JUnit Jupiter:PlayerTest:takeFromForest_checkhand_fail_nosticks(int):[3] 5
    MethodSource [className = 'board.PlayerTest', methodName = 'takeFromForest_checkhand_fail_nosticks', methodParameterTypes = 'int']
    => java.lang.IndexOutOfBoundsException: Index 0 out of bounds for length 0
       java.base/jdk.internal.util.Preconditions.outOfBounds(Preconditions.java:64)
       java.base/jdk.internal.util.Preconditions.outOfBoundsCheckIndex(Preconditions.java:70)
       java.base/jdk.internal.util.Preconditions.checkIndex(Preconditions.java:266)
       java.base/java.util.Objects.checkIndex(Objects.java:359)
       java.base/java.util.ArrayList.remove(ArrayList.java:504)
       board.Display.removeElement(Display.java:19)
       board.PlayerTest.setUpBefore(PlayerTest.java:37)
       jdk.internal.reflect.GeneratedMethodAccessor1.invoke(Unknown Source)
       java.base/jdk.internal.reflect.DelegatingMethodAccessorImpl.invoke(DelegatingMethodAccessorImpl.java:43)
       java.base/java.lang.reflect.Method.invoke(Method.java:568)
       [...]
  JUnit Jupiter:PlayerTest:takeFromForest_checkhand_fail_nosticks(int):[4] 6
    MethodSource [className = 'board.PlayerTest', methodName = 'takeFromForest_checkhand_fail_nosticks', methodParameterTypes = 'int']
    => java.lang.IndexOutOfBoundsException: Index 0 out of bounds for length 0
       java.base/jdk.internal.util.Preconditions.outOfBounds(Preconditions.java:64)
       java.base/jdk.internal.util.Preconditions.outOfBoundsCheckIndex(Preconditions.java:70)
       java.base/jdk.internal.util.Preconditions.checkIndex(Preconditions.java:266)
       java.base/java.util.Objects.checkIndex(Objects.java:359)
       java.base/java.util.ArrayList.remove(ArrayList.java:504)
       board.Display.removeElement(Display.java:19)
       board.PlayerTest.setUpBefore(PlayerTest.java:37)
       jdk.internal.reflect.GeneratedMethodAccessor1.invoke(Unknown Source)
       java.base/jdk.internal.reflect.DelegatingMethodAccessorImpl.invoke(DelegatingMethodAccessorImpl.java:43)
       java.base/java.lang.reflect.Method.invoke(Method.java:568)
       [...]
  JUnit Jupiter:PlayerTest:takeFromForest_checkhand_fail_nosticks(int):[5] 7
    MethodSource [className = 'board.PlayerTest', methodName = 'takeFromForest_checkhand_fail_nosticks', methodParameterTypes = 'int']
    => java.lang.IndexOutOfBoundsException: Index 0 out of bounds for length 0
       java.base/jdk.internal.util.Preconditions.outOfBounds(Preconditions.java:64)
       java.base/jdk.internal.util.Preconditions.outOfBoundsCheckIndex(Preconditions.java:70)
       java.base/jdk.internal.util.Preconditions.checkIndex(Preconditions.java:266)
       java.base/java.util.Objects.checkIndex(Objects.java:359)
       java.base/java.util.ArrayList.remove(ArrayList.java:504)
       board.Display.removeElement(Display.java:19)
       board.PlayerTest.setUpBefore(PlayerTest.java:37)
       jdk.internal.reflect.GeneratedMethodAccessor1.invoke(Unknown Source)
       java.base/jdk.internal.reflect.DelegatingMethodAccessorImpl.invoke(DelegatingMethodAccessorImpl.java:43)
       java.base/java.lang.reflect.Method.invoke(Method.java:568)
       [...]
  JUnit Jupiter:PlayerTest:takeFromForest_checkhand_fail_nosticks(int):[6] 8
    MethodSource [className = 'board.PlayerTest', methodName = 'takeFromForest_checkhand_fail_nosticks', methodParameterTypes = 'int']
    => java.lang.IndexOutOfBoundsException: Index 0 out of bounds for length 0
       java.base/jdk.internal.util.Preconditions.outOfBounds(Preconditions.java:64)
       java.base/jdk.internal.util.Preconditions.outOfBoundsCheckIndex(Preconditions.java:70)
       java.base/jdk.internal.util.Preconditions.checkIndex(Preconditions.java:266)
       java.base/java.util.Objects.checkIndex(Objects.java:359)
       java.base/java.util.ArrayList.remove(ArrayList.java:504)
       board.Display.removeElement(Display.java:19)
       board.PlayerTest.setUpBefore(PlayerTest.java:37)
       jdk.internal.reflect.GeneratedMethodAccessor1.invoke(Unknown Source)
       java.base/jdk.internal.reflect.DelegatingMethodAccessorImpl.invoke(DelegatingMethodAccessorImpl.java:43)
       java.base/java.lang.reflect.Method.invoke(Method.java:568)
       [...]
  JUnit Jupiter:PlayerTest:sellMushrooms_notEnough21()
    MethodSource [className = 'board.PlayerTest', methodName = 'sellMushrooms_notEnough21', methodParameterTypes = '']
    => java.lang.IndexOutOfBoundsException: Index 0 out of bounds for length 0
       java.base/jdk.internal.util.Preconditions.outOfBounds(Preconditions.java:64)
       java.base/jdk.internal.util.Preconditions.outOfBoundsCheckIndex(Preconditions.java:70)
       java.base/jdk.internal.util.Preconditions.checkIndex(Preconditions.java:266)
       java.base/java.util.Objects.checkIndex(Objects.java:359)
       java.base/java.util.ArrayList.remove(ArrayList.java:504)
       board.Display.removeElement(Display.java:19)
       board.PlayerTest.setUpBefore(PlayerTest.java:37)
       jdk.internal.reflect.GeneratedMethodAccessor1.invoke(Unknown Source)
       java.base/jdk.internal.reflect.DelegatingMethodAccessorImpl.invoke(DelegatingMethodAccessorImpl.java:43)
       java.base/java.lang.reflect.Method.invoke(Method.java:568)
       [...]
  JUnit Jupiter:PlayerTest:sellMushrooms_notEnough0()
    MethodSource [className = 'board.PlayerTest', methodName = 'sellMushrooms_notEnough0', methodParameterTypes = '']
    => java.lang.IndexOutOfBoundsException: Index 0 out of bounds for length 0
       java.base/jdk.internal.util.Preconditions.outOfBounds(Preconditions.java:64)
       java.base/jdk.internal.util.Preconditions.outOfBoundsCheckIndex(Preconditions.java:70)
       java.base/jdk.internal.util.Preconditions.checkIndex(Preconditions.java:266)
       java.base/java.util.Objects.checkIndex(Objects.java:359)
       java.base/java.util.ArrayList.remove(ArrayList.java:504)
       board.Display.removeElement(Display.java:19)
       board.PlayerTest.setUpBefore(PlayerTest.java:37)
       jdk.internal.reflect.GeneratedMethodAccessor1.invoke(Unknown Source)
       java.base/jdk.internal.reflect.DelegatingMethodAccessorImpl.invoke(DelegatingMethodAccessorImpl.java:43)
       java.base/java.lang.reflect.Method.invoke(Method.java:568)
       [...]
  JUnit Jupiter:PlayerTest:sellMushrooms_notEnough1()
    MethodSource [className = 'board.PlayerTest', methodName = 'sellMushrooms_notEnough1', methodParameterTypes = '']
    => java.lang.IndexOutOfBoundsException: Index 0 out of bounds for length 0
       java.base/jdk.internal.util.Preconditions.outOfBounds(Preconditions.java:64)
       java.base/jdk.internal.util.Preconditions.outOfBoundsCheckIndex(Preconditions.java:70)
       java.base/jdk.internal.util.Preconditions.checkIndex(Preconditions.java:266)
       java.base/java.util.Objects.checkIndex(Objects.java:359)
       java.base/java.util.ArrayList.remove(ArrayList.java:504)
       board.Display.removeElement(Display.java:19)
       board.PlayerTest.setUpBefore(PlayerTest.java:37)
       jdk.internal.reflect.GeneratedMethodAccessor1.invoke(Unknown Source)
       java.base/jdk.internal.reflect.DelegatingMethodAccessorImpl.invoke(DelegatingMethodAccessorImpl.java:43)
       java.base/java.lang.reflect.Method.invoke(Method.java:568)
       [...]
  JUnit Jupiter:PlayerTest:sellMushrooms_notEnough2()
    MethodSource [className = 'board.PlayerTest', methodName = 'sellMushrooms_notEnough2', methodParameterTypes = '']
    => java.lang.IndexOutOfBoundsException: Index 0 out of bounds for length 0
       java.base/jdk.internal.util.Preconditions.outOfBounds(Preconditions.java:64)
       java.base/jdk.internal.util.Preconditions.outOfBoundsCheckIndex(Preconditions.java:70)
       java.base/jdk.internal.util.Preconditions.checkIndex(Preconditions.java:266)
       java.base/java.util.Objects.checkIndex(Objects.java:359)
       java.base/java.util.ArrayList.remove(ArrayList.java:504)
       board.Display.removeElement(Display.java:19)
       board.PlayerTest.setUpBefore(PlayerTest.java:37)
       jdk.internal.reflect.GeneratedMethodAccessor1.invoke(Unknown Source)
       java.base/jdk.internal.reflect.DelegatingMethodAccessorImpl.invoke(DelegatingMethodAccessorImpl.java:43)
       java.base/java.lang.reflect.Method.invoke(Method.java:568)
       [...]
  JUnit Jupiter:PlayerTest:takeFromForest_position3to8(int):[1] 3
    MethodSource [className = 'board.PlayerTest', methodName = 'takeFromForest_position3to8', methodParameterTypes = 'int']
    => java.lang.IndexOutOfBoundsException: Index 0 out of bounds for length 0
       java.base/jdk.internal.util.Preconditions.outOfBounds(Preconditions.java:64)
       java.base/jdk.internal.util.Preconditions.outOfBoundsCheckIndex(Preconditions.java:70)
       java.base/jdk.internal.util.Preconditions.checkIndex(Preconditions.java:266)
       java.base/java.util.Objects.checkIndex(Objects.java:359)
       java.base/java.util.ArrayList.remove(ArrayList.java:504)
       board.Display.removeElement(Display.java:19)
       board.PlayerTest.setUpBefore(PlayerTest.java:37)
       jdk.internal.reflect.GeneratedMethodAccessor1.invoke(Unknown Source)
       java.base/jdk.internal.reflect.DelegatingMethodAccessorImpl.invoke(DelegatingMethodAccessorImpl.java:43)
       java.base/java.lang.reflect.Method.invoke(Method.java:568)
       [...]
  JUnit Jupiter:PlayerTest:takeFromForest_position3to8(int):[2] 4
    MethodSource [className = 'board.PlayerTest', methodName = 'takeFromForest_position3to8', methodParameterTypes = 'int']
    => java.lang.IndexOutOfBoundsException: Index 0 out of bounds for length 0
       java.base/jdk.internal.util.Preconditions.outOfBounds(Preconditions.java:64)
       java.base/jdk.internal.util.Preconditions.outOfBoundsCheckIndex(Preconditions.java:70)
       java.base/jdk.internal.util.Preconditions.checkIndex(Preconditions.java:266)
       java.base/java.util.Objects.checkIndex(Objects.java:359)
       java.base/java.util.ArrayList.remove(ArrayList.java:504)
       board.Display.removeElement(Display.java:19)
       board.PlayerTest.setUpBefore(PlayerTest.java:37)
       jdk.internal.reflect.GeneratedMethodAccessor1.invoke(Unknown Source)
       java.base/jdk.internal.reflect.DelegatingMethodAccessorImpl.invoke(DelegatingMethodAccessorImpl.java:43)
       java.base/java.lang.reflect.Method.invoke(Method.java:568)
       [...]
  JUnit Jupiter:PlayerTest:takeFromForest_position3to8(int):[3] 5
    MethodSource [className = 'board.PlayerTest', methodName = 'takeFromForest_position3to8', methodParameterTypes = 'int']
    => java.lang.IndexOutOfBoundsException: Index 0 out of bounds for length 0
       java.base/jdk.internal.util.Preconditions.outOfBounds(Preconditions.java:64)
       java.base/jdk.internal.util.Preconditions.outOfBoundsCheckIndex(Preconditions.java:70)
       java.base/jdk.internal.util.Preconditions.checkIndex(Preconditions.java:266)
       java.base/java.util.Objects.checkIndex(Objects.java:359)
       java.base/java.util.ArrayList.remove(ArrayList.java:504)
       board.Display.removeElement(Display.java:19)
       board.PlayerTest.setUpBefore(PlayerTest.java:37)
       jdk.internal.reflect.GeneratedMethodAccessor1.invoke(Unknown Source)
       java.base/jdk.internal.reflect.DelegatingMethodAccessorImpl.invoke(DelegatingMethodAccessorImpl.java:43)
       java.base/java.lang.reflect.Method.invoke(Method.java:568)
       [...]
  JUnit Jupiter:PlayerTest:takeFromForest_position3to8(int):[4] 7
    MethodSource [className = 'board.PlayerTest', methodName = 'takeFromForest_position3to8', methodParameterTypes = 'int']
    => java.lang.IndexOutOfBoundsException: Index 0 out of bounds for length 0
       java.base/jdk.internal.util.Preconditions.outOfBounds(Preconditions.java:64)
       java.base/jdk.internal.util.Preconditions.outOfBoundsCheckIndex(Preconditions.java:70)
       java.base/jdk.internal.util.Preconditions.checkIndex(Preconditions.java:266)
       java.base/java.util.Objects.checkIndex(Objects.java:359)
       java.base/java.util.ArrayList.remove(ArrayList.java:504)
       board.Display.removeElement(Display.java:19)
       board.PlayerTest.setUpBefore(PlayerTest.java:37)
       jdk.internal.reflect.GeneratedMethodAccessor1.invoke(Unknown Source)
       java.base/jdk.internal.reflect.DelegatingMethodAccessorImpl.invoke(DelegatingMethodAccessorImpl.java:43)
       java.base/java.lang.reflect.Method.invoke(Method.java:568)
       [...]
  JUnit Jupiter:PlayerTest:takeFromForest_position3to8(int):[5] 8
    MethodSource [className = 'board.PlayerTest', methodName = 'takeFromForest_position3to8', methodParameterTypes = 'int']
    => java.lang.IndexOutOfBoundsException: Index 0 out of bounds for length 0
       java.base/jdk.internal.util.Preconditions.outOfBounds(Preconditions.java:64)
       java.base/jdk.internal.util.Preconditions.outOfBoundsCheckIndex(Preconditions.java:70)
       java.base/jdk.internal.util.Preconditions.checkIndex(Preconditions.java:266)
       java.base/java.util.Objects.checkIndex(Objects.java:359)
       java.base/java.util.ArrayList.remove(ArrayList.java:504)
       board.Display.removeElement(Display.java:19)
       board.PlayerTest.setUpBefore(PlayerTest.java:37)
       jdk.internal.reflect.GeneratedMethodAccessor1.invoke(Unknown Source)
       java.base/jdk.internal.reflect.DelegatingMethodAccessorImpl.invoke(DelegatingMethodAccessorImpl.java:43)
       java.base/java.lang.reflect.Method.invoke(Method.java:568)
       [...]
  JUnit Jupiter:PlayerTest:sellMushrooms_notThisMushroom1(String):[1] birchbolete
    MethodSource [className = 'board.PlayerTest', methodName = 'sellMushrooms_notThisMushroom1', methodParameterTypes = 'java.lang.String']
    => java.lang.IndexOutOfBoundsException: Index 0 out of bounds for length 0
       java.base/jdk.internal.util.Preconditions.outOfBounds(Preconditions.java:64)
       java.base/jdk.internal.util.Preconditions.outOfBoundsCheckIndex(Preconditions.java:70)
       java.base/jdk.internal.util.Preconditions.checkIndex(Preconditions.java:266)
       java.base/java.util.Objects.checkIndex(Objects.java:359)
       java.base/java.util.ArrayList.remove(ArrayList.java:504)
       board.Display.removeElement(Display.java:19)
       board.PlayerTest.setUpBefore(PlayerTest.java:37)
       jdk.internal.reflect.GeneratedMethodAccessor1.invoke(Unknown Source)
       java.base/jdk.internal.reflect.DelegatingMethodAccessorImpl.invoke(DelegatingMethodAccessorImpl.java:43)
       java.base/java.lang.reflect.Method.invoke(Method.java:568)
       [...]
  JUnit Jupiter:PlayerTest:sellMushrooms_notThisMushroom1(String):[2] chanterelle
    MethodSource [className = 'board.PlayerTest', methodName = 'sellMushrooms_notThisMushroom1', methodParameterTypes = 'java.lang.String']
    => java.lang.IndexOutOfBoundsException: Index 0 out of bounds for length 0
       java.base/jdk.internal.util.Preconditions.outOfBounds(Preconditions.java:64)
       java.base/jdk.internal.util.Preconditions.outOfBoundsCheckIndex(Preconditions.java:70)
       java.base/jdk.internal.util.Preconditions.checkIndex(Preconditions.java:266)
       java.base/java.util.Objects.checkIndex(Objects.java:359)
       java.base/java.util.ArrayList.remove(ArrayList.java:504)
       board.Display.removeElement(Display.java:19)
       board.PlayerTest.setUpBefore(PlayerTest.java:37)
       jdk.internal.reflect.GeneratedMethodAccessor1.invoke(Unknown Source)
       java.base/jdk.internal.reflect.DelegatingMethodAccessorImpl.invoke(DelegatingMethodAccessorImpl.java:43)
       java.base/java.lang.reflect.Method.invoke(Method.java:568)
       [...]
  JUnit Jupiter:PlayerTest:sellMushrooms_notThisMushroom1(String):[3] henofwoods
    MethodSource [className = 'board.PlayerTest', methodName = 'sellMushrooms_notThisMushroom1', methodParameterTypes = 'java.lang.String']
    => java.lang.IndexOutOfBoundsException: Index 0 out of bounds for length 0
       java.base/jdk.internal.util.Preconditions.outOfBounds(Preconditions.java:64)
       java.base/jdk.internal.util.Preconditions.outOfBoundsCheckIndex(Preconditions.java:70)
       java.base/jdk.internal.util.Preconditions.checkIndex(Preconditions.java:266)
       java.base/java.util.Objects.checkIndex(Objects.java:359)
       java.base/java.util.ArrayList.remove(ArrayList.java:504)
       board.Display.removeElement(Display.java:19)
       board.PlayerTest.setUpBefore(PlayerTest.java:37)
       jdk.internal.reflect.GeneratedMethodAccessor1.invoke(Unknown Source)
       java.base/jdk.internal.reflect.DelegatingMethodAccessorImpl.invoke(DelegatingMethodAccessorImpl.java:43)
       java.base/java.lang.reflect.Method.invoke(Method.java:568)
       [...]
  JUnit Jupiter:PlayerTest:sellMushrooms_notThisMushroom1(String):[4] honeyfungus
    MethodSource [className = 'board.PlayerTest', methodName = 'sellMushrooms_notThisMushroom1', methodParameterTypes = 'java.lang.String']
    => java.lang.IndexOutOfBoundsException: Index 0 out of bounds for length 0
       java.base/jdk.internal.util.Preconditions.outOfBounds(Preconditions.java:64)
       java.base/jdk.internal.util.Preconditions.outOfBoundsCheckIndex(Preconditions.java:70)
       java.base/jdk.internal.util.Preconditions.checkIndex(Preconditions.java:266)
       java.base/java.util.Objects.checkIndex(Objects.java:359)
       java.base/java.util.ArrayList.remove(ArrayList.java:504)
       board.Display.removeElement(Display.java:19)
       board.PlayerTest.setUpBefore(PlayerTest.java:37)
       jdk.internal.reflect.GeneratedMethodAccessor1.invoke(Unknown Source)
       java.base/jdk.internal.reflect.DelegatingMethodAccessorImpl.invoke(DelegatingMethodAccessorImpl.java:43)
       java.base/java.lang.reflect.Method.invoke(Method.java:568)
       [...]
  JUnit Jupiter:PlayerTest:sellMushrooms_notThisMushroom1(String):[5] lawyerswig
    MethodSource [className = 'board.PlayerTest', methodName = 'sellMushrooms_notThisMushroom1', methodParameterTypes = 'java.lang.String']
    => java.lang.IndexOutOfBoundsException: Index 0 out of bounds for length 0
       java.base/jdk.internal.util.Preconditions.outOfBounds(Preconditions.java:64)
       java.base/jdk.internal.util.Preconditions.outOfBoundsCheckIndex(Preconditions.java:70)
       java.base/jdk.internal.util.Preconditions.checkIndex(Preconditions.java:266)
       java.base/java.util.Objects.checkIndex(Objects.java:359)
       java.base/java.util.ArrayList.remove(ArrayList.java:504)
       board.Display.removeElement(Display.java:19)
       board.PlayerTest.setUpBefore(PlayerTest.java:37)
       jdk.internal.reflect.GeneratedMethodAccessor1.invoke(Unknown Source)
       java.base/jdk.internal.reflect.DelegatingMethodAccessorImpl.invoke(DelegatingMethodAccessorImpl.java:43)
       java.base/java.lang.reflect.Method.invoke(Method.java:568)
       [...]
  JUnit Jupiter:PlayerTest:sellMushrooms_notThisMushroom1(String):[6] porcini
    MethodSource [className = 'board.PlayerTest', methodName = 'sellMushrooms_notThisMushroom1', methodParameterTypes = 'java.lang.String']
    => java.lang.IndexOutOfBoundsException: Index 0 out of bounds for length 0
       java.base/jdk.internal.util.Preconditions.outOfBounds(Preconditions.java:64)
       java.base/jdk.internal.util.Preconditions.outOfBoundsCheckIndex(Preconditions.java:70)
       java.base/jdk.internal.util.Preconditions.checkIndex(Preconditions.java:266)
       java.base/java.util.Objects.checkIndex(Objects.java:359)
       java.base/java.util.ArrayList.remove(ArrayList.java:504)
       board.Display.removeElement(Display.java:19)
       board.PlayerTest.setUpBefore(PlayerTest.java:37)
       jdk.internal.reflect.GeneratedMethodAccessor1.invoke(Unknown Source)
       java.base/jdk.internal.reflect.DelegatingMethodAccessorImpl.invoke(DelegatingMethodAccessorImpl.java:43)
       java.base/java.lang.reflect.Method.invoke(Method.java:568)
       [...]
  JUnit Jupiter:PlayerTest:sellMushrooms_notThisMushroom1(String):[7] shiitake
    MethodSource [className = 'board.PlayerTest', methodName = 'sellMushrooms_notThisMushroom1', methodParameterTypes = 'java.lang.String']
    => java.lang.IndexOutOfBoundsException: Index 0 out of bounds for length 0
       java.base/jdk.internal.util.Preconditions.outOfBounds(Preconditions.java:64)
       java.base/jdk.internal.util.Preconditions.outOfBoundsCheckIndex(Preconditions.java:70)
       java.base/jdk.internal.util.Preconditions.checkIndex(Preconditions.java:266)
       java.base/java.util.Objects.checkIndex(Objects.java:359)
       java.base/java.util.ArrayList.remove(ArrayList.java:504)
       board.Display.removeElement(Display.java:19)
       board.PlayerTest.setUpBefore(PlayerTest.java:37)
       jdk.internal.reflect.GeneratedMethodAccessor1.invoke(Unknown Source)
       java.base/jdk.internal.reflect.DelegatingMethodAccessorImpl.invoke(DelegatingMethodAccessorImpl.java:43)
       java.base/java.lang.reflect.Method.invoke(Method.java:568)
       [...]
  JUnit Jupiter:PlayerTest:sellMushrooms_notThisMushroom1(String):[8] treeEar
    MethodSource [className = 'board.PlayerTest', methodName = 'sellMushrooms_notThisMushroom1', methodParameterTypes = 'java.lang.String']
    => java.lang.IndexOutOfBoundsException: Index 0 out of bounds for length 0
       java.base/jdk.internal.util.Preconditions.outOfBounds(Preconditions.java:64)
       java.base/jdk.internal.util.Preconditions.outOfBoundsCheckIndex(Preconditions.java:70)
       java.base/jdk.internal.util.Preconditions.checkIndex(Preconditions.java:266)
       java.base/java.util.Objects.checkIndex(Objects.java:359)
       java.base/java.util.ArrayList.remove(ArrayList.java:504)
       board.Display.removeElement(Display.java:19)
       board.PlayerTest.setUpBefore(PlayerTest.java:37)
       jdk.internal.reflect.GeneratedMethodAccessor1.invoke(Unknown Source)
       java.base/jdk.internal.reflect.DelegatingMethodAccessorImpl.invoke(DelegatingMethodAccessorImpl.java:43)
       java.base/java.lang.reflect.Method.invoke(Method.java:568)
       [...]
  JUnit Jupiter:PlayerTest:sellMushrooms_notThisMushroom1(String):[9] mushroom
    MethodSource [className = 'board.PlayerTest', methodName = 'sellMushrooms_notThisMushroom1', methodParameterTypes = 'java.lang.String']
    => java.lang.IndexOutOfBoundsException: Index 0 out of bounds for length 0
       java.base/jdk.internal.util.Preconditions.outOfBounds(Preconditions.java:64)
       java.base/jdk.internal.util.Preconditions.outOfBoundsCheckIndex(Preconditions.java:70)
       java.base/jdk.internal.util.Preconditions.checkIndex(Preconditions.java:266)
       java.base/java.util.Objects.checkIndex(Objects.java:359)
       java.base/java.util.ArrayList.remove(ArrayList.java:504)
       board.Display.removeElement(Display.java:19)
       board.PlayerTest.setUpBefore(PlayerTest.java:37)
       jdk.internal.reflect.GeneratedMethodAccessor1.invoke(Unknown Source)
       java.base/jdk.internal.reflect.DelegatingMethodAccessorImpl.invoke(DelegatingMethodAccessorImpl.java:43)
       java.base/java.lang.reflect.Method.invoke(Method.java:568)
       [...]
  JUnit Jupiter:PlayerTest:sellMushrooms_notThisMushroom2(String):[1] birchbolete
    MethodSource [className = 'board.PlayerTest', methodName = 'sellMushrooms_notThisMushroom2', methodParameterTypes = 'java.lang.String']
    => java.lang.IndexOutOfBoundsException: Index 0 out of bounds for length 0
       java.base/jdk.internal.util.Preconditions.outOfBounds(Preconditions.java:64)
       java.base/jdk.internal.util.Preconditions.outOfBoundsCheckIndex(Preconditions.java:70)
       java.base/jdk.internal.util.Preconditions.checkIndex(Preconditions.java:266)
       java.base/java.util.Objects.checkIndex(Objects.java:359)
       java.base/java.util.ArrayList.remove(ArrayList.java:504)
       board.Display.removeElement(Display.java:19)
       board.PlayerTest.setUpBefore(PlayerTest.java:37)
       jdk.internal.reflect.GeneratedMethodAccessor1.invoke(Unknown Source)
       java.base/jdk.internal.reflect.DelegatingMethodAccessorImpl.invoke(DelegatingMethodAccessorImpl.java:43)
       java.base/java.lang.reflect.Method.invoke(Method.java:568)
       [...]
  JUnit Jupiter:PlayerTest:sellMushrooms_notThisMushroom2(String):[2] chanterelle
    MethodSource [className = 'board.PlayerTest', methodName = 'sellMushrooms_notThisMushroom2', methodParameterTypes = 'java.lang.String']
    => java.lang.IndexOutOfBoundsException: Index 0 out of bounds for length 0
       java.base/jdk.internal.util.Preconditions.outOfBounds(Preconditions.java:64)
       java.base/jdk.internal.util.Preconditions.outOfBoundsCheckIndex(Preconditions.java:70)
       java.base/jdk.internal.util.Preconditions.checkIndex(Preconditions.java:266)
       java.base/java.util.Objects.checkIndex(Objects.java:359)
       java.base/java.util.ArrayList.remove(ArrayList.java:504)
       board.Display.removeElement(Display.java:19)
       board.PlayerTest.setUpBefore(PlayerTest.java:37)
       jdk.internal.reflect.GeneratedMethodAccessor1.invoke(Unknown Source)
       java.base/jdk.internal.reflect.DelegatingMethodAccessorImpl.invoke(DelegatingMethodAccessorImpl.java:43)
       java.base/java.lang.reflect.Method.invoke(Method.java:568)
       [...]
  JUnit Jupiter:PlayerTest:sellMushrooms_notThisMushroom2(String):[3] henofwoods
    MethodSource [className = 'board.PlayerTest', methodName = 'sellMushrooms_notThisMushroom2', methodParameterTypes = 'java.lang.String']
    => java.lang.IndexOutOfBoundsException: Index 0 out of bounds for length 0
       java.base/jdk.internal.util.Preconditions.outOfBounds(Preconditions.java:64)
       java.base/jdk.internal.util.Preconditions.outOfBoundsCheckIndex(Preconditions.java:70)
       java.base/jdk.internal.util.Preconditions.checkIndex(Preconditions.java:266)
       java.base/java.util.Objects.checkIndex(Objects.java:359)
       java.base/java.util.ArrayList.remove(ArrayList.java:504)
       board.Display.removeElement(Display.java:19)
       board.PlayerTest.setUpBefore(PlayerTest.java:37)
       jdk.internal.reflect.GeneratedMethodAccessor1.invoke(Unknown Source)
       java.base/jdk.internal.reflect.DelegatingMethodAccessorImpl.invoke(DelegatingMethodAccessorImpl.java:43)
       java.base/java.lang.reflect.Method.invoke(Method.java:568)
       [...]
  JUnit Jupiter:PlayerTest:sellMushrooms_notThisMushroom2(String):[4] honeyfungus
    MethodSource [className = 'board.PlayerTest', methodName = 'sellMushrooms_notThisMushroom2', methodParameterTypes = 'java.lang.String']
    => java.lang.IndexOutOfBoundsException: Index 0 out of bounds for length 0
       java.base/jdk.internal.util.Preconditions.outOfBounds(Preconditions.java:64)
       java.base/jdk.internal.util.Preconditions.outOfBoundsCheckIndex(Preconditions.java:70)
       java.base/jdk.internal.util.Preconditions.checkIndex(Preconditions.java:266)
       java.base/java.util.Objects.checkIndex(Objects.java:359)
       java.base/java.util.ArrayList.remove(ArrayList.java:504)
       board.Display.removeElement(Display.java:19)
       board.PlayerTest.setUpBefore(PlayerTest.java:37)
       jdk.internal.reflect.GeneratedMethodAccessor1.invoke(Unknown Source)
       java.base/jdk.internal.reflect.DelegatingMethodAccessorImpl.invoke(DelegatingMethodAccessorImpl.java:43)
       java.base/java.lang.reflect.Method.invoke(Method.java:568)
       [...]
  JUnit Jupiter:PlayerTest:sellMushrooms_notThisMushroom2(String):[5] lawyerswig
    MethodSource [className = 'board.PlayerTest', methodName = 'sellMushrooms_notThisMushroom2', methodParameterTypes = 'java.lang.String']
    => java.lang.IndexOutOfBoundsException: Index 0 out of bounds for length 0
       java.base/jdk.internal.util.Preconditions.outOfBounds(Preconditions.java:64)
       java.base/jdk.internal.util.Preconditions.outOfBoundsCheckIndex(Preconditions.java:70)
       java.base/jdk.internal.util.Preconditions.checkIndex(Preconditions.java:266)
       java.base/java.util.Objects.checkIndex(Objects.java:359)
       java.base/java.util.ArrayList.remove(ArrayList.java:504)
       board.Display.removeElement(Display.java:19)
       board.PlayerTest.setUpBefore(PlayerTest.java:37)
       jdk.internal.reflect.GeneratedMethodAccessor1.invoke(Unknown Source)
       java.base/jdk.internal.reflect.DelegatingMethodAccessorImpl.invoke(DelegatingMethodAccessorImpl.java:43)
       java.base/java.lang.reflect.Method.invoke(Method.java:568)
       [...]
  JUnit Jupiter:PlayerTest:sellMushrooms_notThisMushroom2(String):[6] porcini
    MethodSource [className = 'board.PlayerTest', methodName = 'sellMushrooms_notThisMushroom2', methodParameterTypes = 'java.lang.String']
    => java.lang.IndexOutOfBoundsException: Index 0 out of bounds for length 0
       java.base/jdk.internal.util.Preconditions.outOfBounds(Preconditions.java:64)
       java.base/jdk.internal.util.Preconditions.outOfBoundsCheckIndex(Preconditions.java:70)
       java.base/jdk.internal.util.Preconditions.checkIndex(Preconditions.java:266)
       java.base/java.util.Objects.checkIndex(Objects.java:359)
       java.base/java.util.ArrayList.remove(ArrayList.java:504)
       board.Display.removeElement(Display.java:19)
       board.PlayerTest.setUpBefore(PlayerTest.java:37)
       jdk.internal.reflect.GeneratedMethodAccessor1.invoke(Unknown Source)
       java.base/jdk.internal.reflect.DelegatingMethodAccessorImpl.invoke(DelegatingMethodAccessorImpl.java:43)
       java.base/java.lang.reflect.Method.invoke(Method.java:568)
       [...]
  JUnit Jupiter:PlayerTest:sellMushrooms_notThisMushroom2(String):[7] shiitake
    MethodSource [className = 'board.PlayerTest', methodName = 'sellMushrooms_notThisMushroom2', methodParameterTypes = 'java.lang.String']
    => java.lang.IndexOutOfBoundsException: Index 0 out of bounds for length 0
       java.base/jdk.internal.util.Preconditions.outOfBounds(Preconditions.java:64)
       java.base/jdk.internal.util.Preconditions.outOfBoundsCheckIndex(Preconditions.java:70)
       java.base/jdk.internal.util.Preconditions.checkIndex(Preconditions.java:266)
       java.base/java.util.Objects.checkIndex(Objects.java:359)
       java.base/java.util.ArrayList.remove(ArrayList.java:504)
       board.Display.removeElement(Display.java:19)
       board.PlayerTest.setUpBefore(PlayerTest.java:37)
       jdk.internal.reflect.GeneratedMethodAccessor1.invoke(Unknown Source)
       java.base/jdk.internal.reflect.DelegatingMethodAccessorImpl.invoke(DelegatingMethodAccessorImpl.java:43)
       java.base/java.lang.reflect.Method.invoke(Method.java:568)
       [...]
  JUnit Jupiter:PlayerTest:sellMushrooms_notThisMushroom2(String):[8] treeEar
    MethodSource [className = 'board.PlayerTest', methodName = 'sellMushrooms_notThisMushroom2', methodParameterTypes = 'java.lang.String']
    => java.lang.IndexOutOfBoundsException: Index 0 out of bounds for length 0
       java.base/jdk.internal.util.Preconditions.outOfBounds(Preconditions.java:64)
       java.base/jdk.internal.util.Preconditions.outOfBoundsCheckIndex(Preconditions.java:70)
       java.base/jdk.internal.util.Preconditions.checkIndex(Preconditions.java:266)
       java.base/java.util.Objects.checkIndex(Objects.java:359)
       java.base/java.util.ArrayList.remove(ArrayList.java:504)
       board.Display.removeElement(Display.java:19)
       board.PlayerTest.setUpBefore(PlayerTest.java:37)
       jdk.internal.reflect.GeneratedMethodAccessor1.invoke(Unknown Source)
       java.base/jdk.internal.reflect.DelegatingMethodAccessorImpl.invoke(DelegatingMethodAccessorImpl.java:43)
       java.base/java.lang.reflect.Method.invoke(Method.java:568)
       [...]
  JUnit Jupiter:PlayerTest:sellMushrooms_notThisMushroom2(String):[9] mushroom
    MethodSource [className = 'board.PlayerTest', methodName = 'sellMushrooms_notThisMushroom2', methodParameterTypes = 'java.lang.String']
    => java.lang.IndexOutOfBoundsException: Index 0 out of bounds for length 0
       java.base/jdk.internal.util.Preconditions.outOfBounds(Preconditions.java:64)
       java.base/jdk.internal.util.Preconditions.outOfBoundsCheckIndex(Preconditions.java:70)
       java.base/jdk.internal.util.Preconditions.checkIndex(Preconditions.java:266)
       java.base/java.util.Objects.checkIndex(Objects.java:359)
       java.base/java.util.ArrayList.remove(ArrayList.java:504)
       board.Display.removeElement(Display.java:19)
       board.PlayerTest.setUpBefore(PlayerTest.java:37)
       jdk.internal.reflect.GeneratedMethodAccessor1.invoke(Unknown Source)
       java.base/jdk.internal.reflect.DelegatingMethodAccessorImpl.invoke(DelegatingMethodAccessorImpl.java:43)
       java.base/java.lang.reflect.Method.invoke(Method.java:568)
       [...]
  JUnit Jupiter:PlayerTest:sellMushrooms_notThisMushroom3(String):[1] birchbolete
    MethodSource [className = 'board.PlayerTest', methodName = 'sellMushrooms_notThisMushroom3', methodParameterTypes = 'java.lang.String']
    => java.lang.IndexOutOfBoundsException: Index 0 out of bounds for length 0
       java.base/jdk.internal.util.Preconditions.outOfBounds(Preconditions.java:64)
       java.base/jdk.internal.util.Preconditions.outOfBoundsCheckIndex(Preconditions.java:70)
       java.base/jdk.internal.util.Preconditions.checkIndex(Preconditions.java:266)
       java.base/java.util.Objects.checkIndex(Objects.java:359)
       java.base/java.util.ArrayList.remove(ArrayList.java:504)
       board.Display.removeElement(Display.java:19)
       board.PlayerTest.setUpBefore(PlayerTest.java:37)
       jdk.internal.reflect.GeneratedMethodAccessor1.invoke(Unknown Source)
       java.base/jdk.internal.reflect.DelegatingMethodAccessorImpl.invoke(DelegatingMethodAccessorImpl.java:43)
       java.base/java.lang.reflect.Method.invoke(Method.java:568)
       [...]
  JUnit Jupiter:PlayerTest:sellMushrooms_notThisMushroom3(String):[2] chanterelle
    MethodSource [className = 'board.PlayerTest', methodName = 'sellMushrooms_notThisMushroom3', methodParameterTypes = 'java.lang.String']
    => java.lang.IndexOutOfBoundsException: Index 0 out of bounds for length 0
       java.base/jdk.internal.util.Preconditions.outOfBounds(Preconditions.java:64)
       java.base/jdk.internal.util.Preconditions.outOfBoundsCheckIndex(Preconditions.java:70)
       java.base/jdk.internal.util.Preconditions.checkIndex(Preconditions.java:266)
       java.base/java.util.Objects.checkIndex(Objects.java:359)
       java.base/java.util.ArrayList.remove(ArrayList.java:504)
       board.Display.removeElement(Display.java:19)
       board.PlayerTest.setUpBefore(PlayerTest.java:37)
       jdk.internal.reflect.GeneratedMethodAccessor1.invoke(Unknown Source)
       java.base/jdk.internal.reflect.DelegatingMethodAccessorImpl.invoke(DelegatingMethodAccessorImpl.java:43)
       java.base/java.lang.reflect.Method.invoke(Method.java:568)
       [...]
  JUnit Jupiter:PlayerTest:sellMushrooms_notThisMushroom3(String):[3] henofwoods
    MethodSource [className = 'board.PlayerTest', methodName = 'sellMushrooms_notThisMushroom3', methodParameterTypes = 'java.lang.String']
    => java.lang.IndexOutOfBoundsException: Index 0 out of bounds for length 0
       java.base/jdk.internal.util.Preconditions.outOfBounds(Preconditions.java:64)
       java.base/jdk.internal.util.Preconditions.outOfBoundsCheckIndex(Preconditions.java:70)
       java.base/jdk.internal.util.Preconditions.checkIndex(Preconditions.java:266)
       java.base/java.util.Objects.checkIndex(Objects.java:359)
       java.base/java.util.ArrayList.remove(ArrayList.java:504)
       board.Display.removeElement(Display.java:19)
       board.PlayerTest.setUpBefore(PlayerTest.java:37)
       jdk.internal.reflect.GeneratedMethodAccessor1.invoke(Unknown Source)
       java.base/jdk.internal.reflect.DelegatingMethodAccessorImpl.invoke(DelegatingMethodAccessorImpl.java:43)
       java.base/java.lang.reflect.Method.invoke(Method.java:568)
       [...]
  JUnit Jupiter:PlayerTest:sellMushrooms_notThisMushroom3(String):[4] honeyfungus
    MethodSource [className = 'board.PlayerTest', methodName = 'sellMushrooms_notThisMushroom3', methodParameterTypes = 'java.lang.String']
    => java.lang.IndexOutOfBoundsException: Index 0 out of bounds for length 0
       java.base/jdk.internal.util.Preconditions.outOfBounds(Preconditions.java:64)
       java.base/jdk.internal.util.Preconditions.outOfBoundsCheckIndex(Preconditions.java:70)
       java.base/jdk.internal.util.Preconditions.checkIndex(Preconditions.java:266)
       java.base/java.util.Objects.checkIndex(Objects.java:359)
       java.base/java.util.ArrayList.remove(ArrayList.java:504)
       board.Display.removeElement(Display.java:19)
       board.PlayerTest.setUpBefore(PlayerTest.java:37)
       jdk.internal.reflect.GeneratedMethodAccessor1.invoke(Unknown Source)
       java.base/jdk.internal.reflect.DelegatingMethodAccessorImpl.invoke(DelegatingMethodAccessorImpl.java:43)
       java.base/java.lang.reflect.Method.invoke(Method.java:568)
       [...]
  JUnit Jupiter:PlayerTest:sellMushrooms_notThisMushroom3(String):[5] lawyerswig
    MethodSource [className = 'board.PlayerTest', methodName = 'sellMushrooms_notThisMushroom3', methodParameterTypes = 'java.lang.String']
    => java.lang.IndexOutOfBoundsException: Index 0 out of bounds for length 0
       java.base/jdk.internal.util.Preconditions.outOfBounds(Preconditions.java:64)
       java.base/jdk.internal.util.Preconditions.outOfBoundsCheckIndex(Preconditions.java:70)
       java.base/jdk.internal.util.Preconditions.checkIndex(Preconditions.java:266)
       java.base/java.util.Objects.checkIndex(Objects.java:359)
       java.base/java.util.ArrayList.remove(ArrayList.java:504)
       board.Display.removeElement(Display.java:19)
       board.PlayerTest.setUpBefore(PlayerTest.java:37)
       jdk.internal.reflect.GeneratedMethodAccessor1.invoke(Unknown Source)
       java.base/jdk.internal.reflect.DelegatingMethodAccessorImpl.invoke(DelegatingMethodAccessorImpl.java:43)
       java.base/java.lang.reflect.Method.invoke(Method.java:568)
       [...]
  JUnit Jupiter:PlayerTest:sellMushrooms_notThisMushroom3(String):[6] porcini
    MethodSource [className = 'board.PlayerTest', methodName = 'sellMushrooms_notThisMushroom3', methodParameterTypes = 'java.lang.String']
    => java.lang.IndexOutOfBoundsException: Index 0 out of bounds for length 0
       java.base/jdk.internal.util.Preconditions.outOfBounds(Preconditions.java:64)
       java.base/jdk.internal.util.Preconditions.outOfBoundsCheckIndex(Preconditions.java:70)
       java.base/jdk.internal.util.Preconditions.checkIndex(Preconditions.java:266)
       java.base/java.util.Objects.checkIndex(Objects.java:359)
       java.base/java.util.ArrayList.remove(ArrayList.java:504)
       board.Display.removeElement(Display.java:19)
       board.PlayerTest.setUpBefore(PlayerTest.java:37)
       jdk.internal.reflect.GeneratedMethodAccessor1.invoke(Unknown Source)
       java.base/jdk.internal.reflect.DelegatingMethodAccessorImpl.invoke(DelegatingMethodAccessorImpl.java:43)
       java.base/java.lang.reflect.Method.invoke(Method.java:568)
       [...]
  JUnit Jupiter:PlayerTest:sellMushrooms_notThisMushroom3(String):[7] shiitake
    MethodSource [className = 'board.PlayerTest', methodName = 'sellMushrooms_notThisMushroom3', methodParameterTypes = 'java.lang.String']
    => java.lang.IndexOutOfBoundsException: Index 0 out of bounds for length 0
       java.base/jdk.internal.util.Preconditions.outOfBounds(Preconditions.java:64)
       java.base/jdk.internal.util.Preconditions.outOfBoundsCheckIndex(Preconditions.java:70)
       java.base/jdk.internal.util.Preconditions.checkIndex(Preconditions.java:266)
       java.base/java.util.Objects.checkIndex(Objects.java:359)
       java.base/java.util.ArrayList.remove(ArrayList.java:504)
       board.Display.removeElement(Display.java:19)
       board.PlayerTest.setUpBefore(PlayerTest.java:37)
       jdk.internal.reflect.GeneratedMethodAccessor1.invoke(Unknown Source)
       java.base/jdk.internal.reflect.DelegatingMethodAccessorImpl.invoke(DelegatingMethodAccessorImpl.java:43)
       java.base/java.lang.reflect.Method.invoke(Method.java:568)
       [...]
  JUnit Jupiter:PlayerTest:sellMushrooms_notThisMushroom3(String):[8] treeEar
    MethodSource [className = 'board.PlayerTest', methodName = 'sellMushrooms_notThisMushroom3', methodParameterTypes = 'java.lang.String']
    => java.lang.IndexOutOfBoundsException: Index 0 out of bounds for length 0
       java.base/jdk.internal.util.Preconditions.outOfBounds(Preconditions.java:64)
       java.base/jdk.internal.util.Preconditions.outOfBoundsCheckIndex(Preconditions.java:70)
       java.base/jdk.internal.util.Preconditions.checkIndex(Preconditions.java:266)
       java.base/java.util.Objects.checkIndex(Objects.java:359)
       java.base/java.util.ArrayList.remove(ArrayList.java:504)
       board.Display.removeElement(Display.java:19)
       board.PlayerTest.setUpBefore(PlayerTest.java:37)
       jdk.internal.reflect.GeneratedMethodAccessor1.invoke(Unknown Source)
       java.base/jdk.internal.reflect.DelegatingMethodAccessorImpl.invoke(DelegatingMethodAccessorImpl.java:43)
       java.base/java.lang.reflect.Method.invoke(Method.java:568)
       [...]
  JUnit Jupiter:PlayerTest:sellMushrooms_notThisMushroom3(String):[9] mushroom
    MethodSource [className = 'board.PlayerTest', methodName = 'sellMushrooms_notThisMushroom3', methodParameterTypes = 'java.lang.String']
    => java.lang.IndexOutOfBoundsException: Index 0 out of bounds for length 0
       java.base/jdk.internal.util.Preconditions.outOfBounds(Preconditions.java:64)
       java.base/jdk.internal.util.Preconditions.outOfBoundsCheckIndex(Preconditions.java:70)
       java.base/jdk.internal.util.Preconditions.checkIndex(Preconditions.java:266)
       java.base/java.util.Objects.checkIndex(Objects.java:359)
       java.base/java.util.ArrayList.remove(ArrayList.java:504)
       board.Display.removeElement(Display.java:19)
       board.PlayerTest.setUpBefore(PlayerTest.java:37)
       jdk.internal.reflect.GeneratedMethodAccessor1.invoke(Unknown Source)
       java.base/jdk.internal.reflect.DelegatingMethodAccessorImpl.invoke(DelegatingMethodAccessorImpl.java:43)
       java.base/java.lang.reflect.Method.invoke(Method.java:568)
       [...]
  JUnit Jupiter:PlayerTest:sellMushrooms_notThisMushroom4(String):[1] birchbolete
    MethodSource [className = 'board.PlayerTest', methodName = 'sellMushrooms_notThisMushroom4', methodParameterTypes = 'java.lang.String']
    => java.lang.IndexOutOfBoundsException: Index 0 out of bounds for length 0
       java.base/jdk.internal.util.Preconditions.outOfBounds(Preconditions.java:64)
       java.base/jdk.internal.util.Preconditions.outOfBoundsCheckIndex(Preconditions.java:70)
       java.base/jdk.internal.util.Preconditions.checkIndex(Preconditions.java:266)
       java.base/java.util.Objects.checkIndex(Objects.java:359)
       java.base/java.util.ArrayList.remove(ArrayList.java:504)
       board.Display.removeElement(Display.java:19)
       board.PlayerTest.setUpBefore(PlayerTest.java:37)
       jdk.internal.reflect.GeneratedMethodAccessor1.invoke(Unknown Source)
       java.base/jdk.internal.reflect.DelegatingMethodAccessorImpl.invoke(DelegatingMethodAccessorImpl.java:43)
       java.base/java.lang.reflect.Method.invoke(Method.java:568)
       [...]
  JUnit Jupiter:PlayerTest:sellMushrooms_notThisMushroom4(String):[2] chanterelle
    MethodSource [className = 'board.PlayerTest', methodName = 'sellMushrooms_notThisMushroom4', methodParameterTypes = 'java.lang.String']
    => java.lang.IndexOutOfBoundsException: Index 0 out of bounds for length 0
       java.base/jdk.internal.util.Preconditions.outOfBounds(Preconditions.java:64)
       java.base/jdk.internal.util.Preconditions.outOfBoundsCheckIndex(Preconditions.java:70)
       java.base/jdk.internal.util.Preconditions.checkIndex(Preconditions.java:266)
       java.base/java.util.Objects.checkIndex(Objects.java:359)
       java.base/java.util.ArrayList.remove(ArrayList.java:504)
       board.Display.removeElement(Display.java:19)
       board.PlayerTest.setUpBefore(PlayerTest.java:37)
       jdk.internal.reflect.GeneratedMethodAccessor1.invoke(Unknown Source)
       java.base/jdk.internal.reflect.DelegatingMethodAccessorImpl.invoke(DelegatingMethodAccessorImpl.java:43)
       java.base/java.lang.reflect.Method.invoke(Method.java:568)
       [...]
  JUnit Jupiter:PlayerTest:sellMushrooms_notThisMushroom4(String):[3] henofwoods
    MethodSource [className = 'board.PlayerTest', methodName = 'sellMushrooms_notThisMushroom4', methodParameterTypes = 'java.lang.String']
    => java.lang.IndexOutOfBoundsException: Index 0 out of bounds for length 0
       java.base/jdk.internal.util.Preconditions.outOfBounds(Preconditions.java:64)
       java.base/jdk.internal.util.Preconditions.outOfBoundsCheckIndex(Preconditions.java:70)
       java.base/jdk.internal.util.Preconditions.checkIndex(Preconditions.java:266)
       java.base/java.util.Objects.checkIndex(Objects.java:359)
       java.base/java.util.ArrayList.remove(ArrayList.java:504)
       board.Display.removeElement(Display.java:19)
       board.PlayerTest.setUpBefore(PlayerTest.java:37)
       jdk.internal.reflect.GeneratedMethodAccessor1.invoke(Unknown Source)
       java.base/jdk.internal.reflect.DelegatingMethodAccessorImpl.invoke(DelegatingMethodAccessorImpl.java:43)
       java.base/java.lang.reflect.Method.invoke(Method.java:568)
       [...]
  JUnit Jupiter:PlayerTest:sellMushrooms_notThisMushroom4(String):[4] honeyfungus
    MethodSource [className = 'board.PlayerTest', methodName = 'sellMushrooms_notThisMushroom4', methodParameterTypes = 'java.lang.String']
    => java.lang.IndexOutOfBoundsException: Index 0 out of bounds for length 0
       java.base/jdk.internal.util.Preconditions.outOfBounds(Preconditions.java:64)
       java.base/jdk.internal.util.Preconditions.outOfBoundsCheckIndex(Preconditions.java:70)
       java.base/jdk.internal.util.Preconditions.checkIndex(Preconditions.java:266)
       java.base/java.util.Objects.checkIndex(Objects.java:359)
       java.base/java.util.ArrayList.remove(ArrayList.java:504)
       board.Display.removeElement(Display.java:19)
       board.PlayerTest.setUpBefore(PlayerTest.java:37)
       jdk.internal.reflect.GeneratedMethodAccessor1.invoke(Unknown Source)
       java.base/jdk.internal.reflect.DelegatingMethodAccessorImpl.invoke(DelegatingMethodAccessorImpl.java:43)
       java.base/java.lang.reflect.Method.invoke(Method.java:568)
       [...]
  JUnit Jupiter:PlayerTest:sellMushrooms_notThisMushroom4(String):[5] lawyerswig
    MethodSource [className = 'board.PlayerTest', methodName = 'sellMushrooms_notThisMushroom4', methodParameterTypes = 'java.lang.String']
    => java.lang.IndexOutOfBoundsException: Index 0 out of bounds for length 0
       java.base/jdk.internal.util.Preconditions.outOfBounds(Preconditions.java:64)
       java.base/jdk.internal.util.Preconditions.outOfBoundsCheckIndex(Preconditions.java:70)
       java.base/jdk.internal.util.Preconditions.checkIndex(Preconditions.java:266)
       java.base/java.util.Objects.checkIndex(Objects.java:359)
       java.base/java.util.ArrayList.remove(ArrayList.java:504)
       board.Display.removeElement(Display.java:19)
       board.PlayerTest.setUpBefore(PlayerTest.java:37)
       jdk.internal.reflect.GeneratedMethodAccessor1.invoke(Unknown Source)
       java.base/jdk.internal.reflect.DelegatingMethodAccessorImpl.invoke(DelegatingMethodAccessorImpl.java:43)
       java.base/java.lang.reflect.Method.invoke(Method.java:568)
       [...]
  JUnit Jupiter:PlayerTest:sellMushrooms_notThisMushroom4(String):[6] porcini
    MethodSource [className = 'board.PlayerTest', methodName = 'sellMushrooms_notThisMushroom4', methodParameterTypes = 'java.lang.String']
    => java.lang.IndexOutOfBoundsException: Index 0 out of bounds for length 0
       java.base/jdk.internal.util.Preconditions.outOfBounds(Preconditions.java:64)
       java.base/jdk.internal.util.Preconditions.outOfBoundsCheckIndex(Preconditions.java:70)
       java.base/jdk.internal.util.Preconditions.checkIndex(Preconditions.java:266)
       java.base/java.util.Objects.checkIndex(Objects.java:359)
       java.base/java.util.ArrayList.remove(ArrayList.java:504)
       board.Display.removeElement(Display.java:19)
       board.PlayerTest.setUpBefore(PlayerTest.java:37)
       jdk.internal.reflect.GeneratedMethodAccessor1.invoke(Unknown Source)
       java.base/jdk.internal.reflect.DelegatingMethodAccessorImpl.invoke(DelegatingMethodAccessorImpl.java:43)
       java.base/java.lang.reflect.Method.invoke(Method.java:568)
       [...]
  JUnit Jupiter:PlayerTest:sellMushrooms_notThisMushroom4(String):[7] shiitake
    MethodSource [className = 'board.PlayerTest', methodName = 'sellMushrooms_notThisMushroom4', methodParameterTypes = 'java.lang.String']
    => java.lang.IndexOutOfBoundsException: Index 0 out of bounds for length 0
       java.base/jdk.internal.util.Preconditions.outOfBounds(Preconditions.java:64)
       java.base/jdk.internal.util.Preconditions.outOfBoundsCheckIndex(Preconditions.java:70)
       java.base/jdk.internal.util.Preconditions.checkIndex(Preconditions.java:266)
       java.base/java.util.Objects.checkIndex(Objects.java:359)
       java.base/java.util.ArrayList.remove(ArrayList.java:504)
       board.Display.removeElement(Display.java:19)
       board.PlayerTest.setUpBefore(PlayerTest.java:37)
       jdk.internal.reflect.GeneratedMethodAccessor1.invoke(Unknown Source)
       java.base/jdk.internal.reflect.DelegatingMethodAccessorImpl.invoke(DelegatingMethodAccessorImpl.java:43)
       java.base/java.lang.reflect.Method.invoke(Method.java:568)
       [...]
  JUnit Jupiter:PlayerTest:sellMushrooms_notThisMushroom4(String):[8] treeEar
    MethodSource [className = 'board.PlayerTest', methodName = 'sellMushrooms_notThisMushroom4', methodParameterTypes = 'java.lang.String']
    => java.lang.IndexOutOfBoundsException: Index 0 out of bounds for length 0
       java.base/jdk.internal.util.Preconditions.outOfBounds(Preconditions.java:64)
       java.base/jdk.internal.util.Preconditions.outOfBoundsCheckIndex(Preconditions.java:70)
       java.base/jdk.internal.util.Preconditions.checkIndex(Preconditions.java:266)
       java.base/java.util.Objects.checkIndex(Objects.java:359)
       java.base/java.util.ArrayList.remove(ArrayList.java:504)
       board.Display.removeElement(Display.java:19)
       board.PlayerTest.setUpBefore(PlayerTest.java:37)
       jdk.internal.reflect.GeneratedMethodAccessor1.invoke(Unknown Source)
       java.base/jdk.internal.reflect.DelegatingMethodAccessorImpl.invoke(DelegatingMethodAccessorImpl.java:43)
       java.base/java.lang.reflect.Method.invoke(Method.java:568)
       [...]
  JUnit Jupiter:PlayerTest:sellMushrooms_notThisMushroom4(String):[9] mushroom
    MethodSource [className = 'board.PlayerTest', methodName = 'sellMushrooms_notThisMushroom4', methodParameterTypes = 'java.lang.String']
    => java.lang.IndexOutOfBoundsException: Index 0 out of bounds for length 0
       java.base/jdk.internal.util.Preconditions.outOfBounds(Preconditions.java:64)
       java.base/jdk.internal.util.Preconditions.outOfBoundsCheckIndex(Preconditions.java:70)
       java.base/jdk.internal.util.Preconditions.checkIndex(Preconditions.java:266)
       java.base/java.util.Objects.checkIndex(Objects.java:359)
       java.base/java.util.ArrayList.remove(ArrayList.java:504)
       board.Display.removeElement(Display.java:19)
       board.PlayerTest.setUpBefore(PlayerTest.java:37)
       jdk.internal.reflect.GeneratedMethodAccessor1.invoke(Unknown Source)
       java.base/jdk.internal.reflect.DelegatingMethodAccessorImpl.invoke(DelegatingMethodAccessorImpl.java:43)
       java.base/java.lang.reflect.Method.invoke(Method.java:568)
       [...]
  JUnit Jupiter:PlayerTest:takeFromForest_37_checkdisplay_basket(int):[1] 3
    MethodSource [className = 'board.PlayerTest', methodName = 'takeFromForest_37_checkdisplay_basket', methodParameterTypes = 'int']
    => java.lang.IndexOutOfBoundsException: Index 0 out of bounds for length 0
       java.base/jdk.internal.util.Preconditions.outOfBounds(Preconditions.java:64)
       java.base/jdk.internal.util.Preconditions.outOfBoundsCheckIndex(Preconditions.java:70)
       java.base/jdk.internal.util.Preconditions.checkIndex(Preconditions.java:266)
       java.base/java.util.Objects.checkIndex(Objects.java:359)
       java.base/java.util.ArrayList.remove(ArrayList.java:504)
       board.Display.removeElement(Display.java:19)
       board.PlayerTest.setUpBefore(PlayerTest.java:37)
       jdk.internal.reflect.GeneratedMethodAccessor1.invoke(Unknown Source)
       java.base/jdk.internal.reflect.DelegatingMethodAccessorImpl.invoke(DelegatingMethodAccessorImpl.java:43)
       java.base/java.lang.reflect.Method.invoke(Method.java:568)
       [...]
  JUnit Jupiter:PlayerTest:takeFromForest_37_checkdisplay_basket(int):[2] 4
    MethodSource [className = 'board.PlayerTest', methodName = 'takeFromForest_37_checkdisplay_basket', methodParameterTypes = 'int']
    => java.lang.IndexOutOfBoundsException: Index 0 out of bounds for length 0
       java.base/jdk.internal.util.Preconditions.outOfBounds(Preconditions.java:64)
       java.base/jdk.internal.util.Preconditions.outOfBoundsCheckIndex(Preconditions.java:70)
       java.base/jdk.internal.util.Preconditions.checkIndex(Preconditions.java:266)
       java.base/java.util.Objects.checkIndex(Objects.java:359)
       java.base/java.util.ArrayList.remove(ArrayList.java:504)
       board.Display.removeElement(Display.java:19)
       board.PlayerTest.setUpBefore(PlayerTest.java:37)
       jdk.internal.reflect.GeneratedMethodAccessor1.invoke(Unknown Source)
       java.base/jdk.internal.reflect.DelegatingMethodAccessorImpl.invoke(DelegatingMethodAccessorImpl.java:43)
       java.base/java.lang.reflect.Method.invoke(Method.java:568)
       [...]
  JUnit Jupiter:PlayerTest:takeFromForest_37_checkdisplay_basket(int):[3] 5
    MethodSource [className = 'board.PlayerTest', methodName = 'takeFromForest_37_checkdisplay_basket', methodParameterTypes = 'int']
    => java.lang.IndexOutOfBoundsException: Index 0 out of bounds for length 0
       java.base/jdk.internal.util.Preconditions.outOfBounds(Preconditions.java:64)
       java.base/jdk.internal.util.Preconditions.outOfBoundsCheckIndex(Preconditions.java:70)
       java.base/jdk.internal.util.Preconditions.checkIndex(Preconditions.java:266)
       java.base/java.util.Objects.checkIndex(Objects.java:359)
       java.base/java.util.ArrayList.remove(ArrayList.java:504)
       board.Display.removeElement(Display.java:19)
       board.PlayerTest.setUpBefore(PlayerTest.java:37)
       jdk.internal.reflect.GeneratedMethodAccessor1.invoke(Unknown Source)
       java.base/jdk.internal.reflect.DelegatingMethodAccessorImpl.invoke(DelegatingMethodAccessorImpl.java:43)
       java.base/java.lang.reflect.Method.invoke(Method.java:568)
       [...]
  JUnit Jupiter:PlayerTest:takeFromForest_37_checkdisplay_basket(int):[4] 6
    MethodSource [className = 'board.PlayerTest', methodName = 'takeFromForest_37_checkdisplay_basket', methodParameterTypes = 'int']
    => java.lang.IndexOutOfBoundsException: Index 0 out of bounds for length 0
       java.base/jdk.internal.util.Preconditions.outOfBounds(Preconditions.java:64)
       java.base/jdk.internal.util.Preconditions.outOfBoundsCheckIndex(Preconditions.java:70)
       java.base/jdk.internal.util.Preconditions.checkIndex(Preconditions.java:266)
       java.base/java.util.Objects.checkIndex(Objects.java:359)
       java.base/java.util.ArrayList.remove(ArrayList.java:504)
       board.Display.removeElement(Display.java:19)
       board.PlayerTest.setUpBefore(PlayerTest.java:37)
       jdk.internal.reflect.GeneratedMethodAccessor1.invoke(Unknown Source)
       java.base/jdk.internal.reflect.DelegatingMethodAccessorImpl.invoke(DelegatingMethodAccessorImpl.java:43)
       java.base/java.lang.reflect.Method.invoke(Method.java:568)
       [...]
  JUnit Jupiter:PlayerTest:takeFromForest_37_checkdisplay_basket(int):[5] 7
    MethodSource [className = 'board.PlayerTest', methodName = 'takeFromForest_37_checkdisplay_basket', methodParameterTypes = 'int']
    => java.lang.IndexOutOfBoundsException: Index 0 out of bounds for length 0
       java.base/jdk.internal.util.Preconditions.outOfBounds(Preconditions.java:64)
       java.base/jdk.internal.util.Preconditions.outOfBoundsCheckIndex(Preconditions.java:70)
       java.base/jdk.internal.util.Preconditions.checkIndex(Preconditions.java:266)
       java.base/java.util.Objects.checkIndex(Objects.java:359)
       java.base/java.util.ArrayList.remove(ArrayList.java:504)
       board.Display.removeElement(Display.java:19)
       board.PlayerTest.setUpBefore(PlayerTest.java:37)
       jdk.internal.reflect.GeneratedMethodAccessor1.invoke(Unknown Source)
       java.base/jdk.internal.reflect.DelegatingMethodAccessorImpl.invoke(DelegatingMethodAccessorImpl.java:43)
       java.base/java.lang.reflect.Method.invoke(Method.java:568)
       [...]
  JUnit Jupiter:PlayerTest:sellMushroomsSticks1D()
    MethodSource [className = 'board.PlayerTest', methodName = 'sellMushroomsSticks1D', methodParameterTypes = '']
    => java.lang.IndexOutOfBoundsException: Index 0 out of bounds for length 0
       java.base/jdk.internal.util.Preconditions.outOfBounds(Preconditions.java:64)
       java.base/jdk.internal.util.Preconditions.outOfBoundsCheckIndex(Preconditions.java:70)
       java.base/jdk.internal.util.Preconditions.checkIndex(Preconditions.java:266)
       java.base/java.util.Objects.checkIndex(Objects.java:359)
       java.base/java.util.ArrayList.remove(ArrayList.java:504)
       board.Display.removeElement(Display.java:19)
       board.PlayerTest.setUpBefore(PlayerTest.java:37)
       jdk.internal.reflect.GeneratedMethodAccessor1.invoke(Unknown Source)
       java.base/jdk.internal.reflect.DelegatingMethodAccessorImpl.invoke(DelegatingMethodAccessorImpl.java:43)
       java.base/java.lang.reflect.Method.invoke(Method.java:568)
       [...]
  JUnit Jupiter:PlayerTest:sellMushroomsSticks2D()
    MethodSource [className = 'board.PlayerTest', methodName = 'sellMushroomsSticks2D', methodParameterTypes = '']
    => java.lang.IndexOutOfBoundsException: Index 0 out of bounds for length 0
       java.base/jdk.internal.util.Preconditions.outOfBounds(Preconditions.java:64)
       java.base/jdk.internal.util.Preconditions.outOfBoundsCheckIndex(Preconditions.java:70)
       java.base/jdk.internal.util.Preconditions.checkIndex(Preconditions.java:266)
       java.base/java.util.Objects.checkIndex(Objects.java:359)
       java.base/java.util.ArrayList.remove(ArrayList.java:504)
       board.Display.removeElement(Display.java:19)
       board.PlayerTest.setUpBefore(PlayerTest.java:37)
       jdk.internal.reflect.GeneratedMethodAccessor1.invoke(Unknown Source)
       java.base/jdk.internal.reflect.DelegatingMethodAccessorImpl.invoke(DelegatingMethodAccessorImpl.java:43)
       java.base/java.lang.reflect.Method.invoke(Method.java:568)
       [...]
  JUnit Jupiter:PlayerTest:sellMushroomsSticks3D()
    MethodSource [className = 'board.PlayerTest', methodName = 'sellMushroomsSticks3D', methodParameterTypes = '']
    => java.lang.IndexOutOfBoundsException: Index 0 out of bounds for length 0
       java.base/jdk.internal.util.Preconditions.outOfBounds(Preconditions.java:64)
       java.base/jdk.internal.util.Preconditions.outOfBoundsCheckIndex(Preconditions.java:70)
       java.base/jdk.internal.util.Preconditions.checkIndex(Preconditions.java:266)
       java.base/java.util.Objects.checkIndex(Objects.java:359)
       java.base/java.util.ArrayList.remove(ArrayList.java:504)
       board.Display.removeElement(Display.java:19)
       board.PlayerTest.setUpBefore(PlayerTest.java:37)
       jdk.internal.reflect.GeneratedMethodAccessor1.invoke(Unknown Source)
       java.base/jdk.internal.reflect.DelegatingMethodAccessorImpl.invoke(DelegatingMethodAccessorImpl.java:43)
       java.base/java.lang.reflect.Method.invoke(Method.java:568)
       [...]
  JUnit Jupiter:PlayerTest:sellMushroomsSticks4D()
    MethodSource [className = 'board.PlayerTest', methodName = 'sellMushroomsSticks4D', methodParameterTypes = '']
    => java.lang.IndexOutOfBoundsException: Index 0 out of bounds for length 0
       java.base/jdk.internal.util.Preconditions.outOfBounds(Preconditions.java:64)
       java.base/jdk.internal.util.Preconditions.outOfBoundsCheckIndex(Preconditions.java:70)
       java.base/jdk.internal.util.Preconditions.checkIndex(Preconditions.java:266)
       java.base/java.util.Objects.checkIndex(Objects.java:359)
       java.base/java.util.ArrayList.remove(ArrayList.java:504)
       board.Display.removeElement(Display.java:19)
       board.PlayerTest.setUpBefore(PlayerTest.java:37)
       jdk.internal.reflect.GeneratedMethodAccessor1.invoke(Unknown Source)
       java.base/jdk.internal.reflect.DelegatingMethodAccessorImpl.invoke(DelegatingMethodAccessorImpl.java:43)
       java.base/java.lang.reflect.Method.invoke(Method.java:568)
       [...]
  JUnit Jupiter:PlayerTest:takeFromForest_12_checksticks(int):[1] 1
    MethodSource [className = 'board.PlayerTest', methodName = 'takeFromForest_12_checksticks', methodParameterTypes = 'int']
    => java.lang.IndexOutOfBoundsException: Index 0 out of bounds for length 0
       java.base/jdk.internal.util.Preconditions.outOfBounds(Preconditions.java:64)
       java.base/jdk.internal.util.Preconditions.outOfBoundsCheckIndex(Preconditions.java:70)
       java.base/jdk.internal.util.Preconditions.checkIndex(Preconditions.java:266)
       java.base/java.util.Objects.checkIndex(Objects.java:359)
       java.base/java.util.ArrayList.remove(ArrayList.java:504)
       board.Display.removeElement(Display.java:19)
       board.PlayerTest.setUpBefore(PlayerTest.java:37)
       jdk.internal.reflect.GeneratedMethodAccessor1.invoke(Unknown Source)
       java.base/jdk.internal.reflect.DelegatingMethodAccessorImpl.invoke(DelegatingMethodAccessorImpl.java:43)
       java.base/java.lang.reflect.Method.invoke(Method.java:568)
       [...]
  JUnit Jupiter:PlayerTest:takeFromForest_12_checksticks(int):[2] 2
    MethodSource [className = 'board.PlayerTest', methodName = 'takeFromForest_12_checksticks', methodParameterTypes = 'int']
    => java.lang.IndexOutOfBoundsException: Index 0 out of bounds for length 0
       java.base/jdk.internal.util.Preconditions.outOfBounds(Preconditions.java:64)
       java.base/jdk.internal.util.Preconditions.outOfBoundsCheckIndex(Preconditions.java:70)
       java.base/jdk.internal.util.Preconditions.checkIndex(Preconditions.java:266)
       java.base/java.util.Objects.checkIndex(Objects.java:359)
       java.base/java.util.ArrayList.remove(ArrayList.java:504)
       board.Display.removeElement(Display.java:19)
       board.PlayerTest.setUpBefore(PlayerTest.java:37)
       jdk.internal.reflect.GeneratedMethodAccessor1.invoke(Unknown Source)
       java.base/jdk.internal.reflect.DelegatingMethodAccessorImpl.invoke(DelegatingMethodAccessorImpl.java:43)
       java.base/java.lang.reflect.Method.invoke(Method.java:568)
       [...]
  JUnit Jupiter:PlayerTest:cookNightMushrooms1DNonEd()
    MethodSource [className = 'board.PlayerTest', methodName = 'cookNightMushrooms1DNonEd', methodParameterTypes = '']
    => java.lang.IndexOutOfBoundsException: Index 0 out of bounds for length 0
       java.base/jdk.internal.util.Preconditions.outOfBounds(Preconditions.java:64)
       java.base/jdk.internal.util.Preconditions.outOfBoundsCheckIndex(Preconditions.java:70)
       java.base/jdk.internal.util.Preconditions.checkIndex(Preconditions.java:266)
       java.base/java.util.Objects.checkIndex(Objects.java:359)
       java.base/java.util.ArrayList.remove(ArrayList.java:504)
       board.Display.removeElement(Display.java:19)
       board.PlayerTest.setUpBefore(PlayerTest.java:37)
       jdk.internal.reflect.GeneratedMethodAccessor1.invoke(Unknown Source)
       java.base/jdk.internal.reflect.DelegatingMethodAccessorImpl.invoke(DelegatingMethodAccessorImpl.java:43)
       java.base/java.lang.reflect.Method.invoke(Method.java:568)
       [...]
  JUnit Jupiter:PlayerTest:cookMushroomsCiderScore()
    MethodSource [className = 'board.PlayerTest', methodName = 'cookMushroomsCiderScore', methodParameterTypes = '']
    => java.lang.IndexOutOfBoundsException: Index 0 out of bounds for length 0
       java.base/jdk.internal.util.Preconditions.outOfBounds(Preconditions.java:64)
       java.base/jdk.internal.util.Preconditions.outOfBoundsCheckIndex(Preconditions.java:70)
       java.base/jdk.internal.util.Preconditions.checkIndex(Preconditions.java:266)
       java.base/java.util.Objects.checkIndex(Objects.java:359)
       java.base/java.util.ArrayList.remove(ArrayList.java:504)
       board.Display.removeElement(Display.java:19)
       board.PlayerTest.setUpBefore(PlayerTest.java:37)
       jdk.internal.reflect.GeneratedMethodAccessor1.invoke(Unknown Source)
       java.base/jdk.internal.reflect.DelegatingMethodAccessorImpl.invoke(DelegatingMethodAccessorImpl.java:43)
       java.base/java.lang.reflect.Method.invoke(Method.java:568)
       [...]
  JUnit Jupiter:PlayerTest:cookMushroomsEnoughPanonDisplay()
    MethodSource [className = 'board.PlayerTest', methodName = 'cookMushroomsEnoughPanonDisplay', methodParameterTypes = '']
    => java.lang.IndexOutOfBoundsException: Index 0 out of bounds for length 0
       java.base/jdk.internal.util.Preconditions.outOfBounds(Preconditions.java:64)
       java.base/jdk.internal.util.Preconditions.outOfBoundsCheckIndex(Preconditions.java:70)
       java.base/jdk.internal.util.Preconditions.checkIndex(Preconditions.java:266)
       java.base/java.util.Objects.checkIndex(Objects.java:359)
       java.base/java.util.ArrayList.remove(ArrayList.java:504)
       board.Display.removeElement(Display.java:19)
       board.PlayerTest.setUpBefore(PlayerTest.java:37)
       jdk.internal.reflect.GeneratedMethodAccessor1.invoke(Unknown Source)
       java.base/jdk.internal.reflect.DelegatingMethodAccessorImpl.invoke(DelegatingMethodAccessorImpl.java:43)
       java.base/java.lang.reflect.Method.invoke(Method.java:568)
       [...]
  JUnit Jupiter:PlayerTest:takeFromForest_17_checkhand(int):[1] 1
    MethodSource [className = 'board.PlayerTest', methodName = 'takeFromForest_17_checkhand', methodParameterTypes = 'int']
    => java.lang.IndexOutOfBoundsException: Index 0 out of bounds for length 0
       java.base/jdk.internal.util.Preconditions.outOfBounds(Preconditions.java:64)
       java.base/jdk.internal.util.Preconditions.outOfBoundsCheckIndex(Preconditions.java:70)
       java.base/jdk.internal.util.Preconditions.checkIndex(Preconditions.java:266)
       java.base/java.util.Objects.checkIndex(Objects.java:359)
       java.base/java.util.ArrayList.remove(ArrayList.java:504)
       board.Display.removeElement(Display.java:19)
       board.PlayerTest.setUpBefore(PlayerTest.java:37)
       jdk.internal.reflect.GeneratedMethodAccessor1.invoke(Unknown Source)
       java.base/jdk.internal.reflect.DelegatingMethodAccessorImpl.invoke(DelegatingMethodAccessorImpl.java:43)
       java.base/java.lang.reflect.Method.invoke(Method.java:568)
       [...]
  JUnit Jupiter:PlayerTest:takeFromForest_17_checkhand(int):[2] 2
    MethodSource [className = 'board.PlayerTest', methodName = 'takeFromForest_17_checkhand', methodParameterTypes = 'int']
    => java.lang.IndexOutOfBoundsException: Index 0 out of bounds for length 0
       java.base/jdk.internal.util.Preconditions.outOfBounds(Preconditions.java:64)
       java.base/jdk.internal.util.Preconditions.outOfBoundsCheckIndex(Preconditions.java:70)
       java.base/jdk.internal.util.Preconditions.checkIndex(Preconditions.java:266)
       java.base/java.util.Objects.checkIndex(Objects.java:359)
       java.base/java.util.ArrayList.remove(ArrayList.java:504)
       board.Display.removeElement(Display.java:19)
       board.PlayerTest.setUpBefore(PlayerTest.java:37)
       jdk.internal.reflect.GeneratedMethodAccessor1.invoke(Unknown Source)
       java.base/jdk.internal.reflect.DelegatingMethodAccessorImpl.invoke(DelegatingMethodAccessorImpl.java:43)
       java.base/java.lang.reflect.Method.invoke(Method.java:568)
       [...]
  JUnit Jupiter:PlayerTest:takeFromForest_17_checkhand(int):[3] 3
    MethodSource [className = 'board.PlayerTest', methodName = 'takeFromForest_17_checkhand', methodParameterTypes = 'int']
    => java.lang.IndexOutOfBoundsException: Index 0 out of bounds for length 0
       java.base/jdk.internal.util.Preconditions.outOfBounds(Preconditions.java:64)
       java.base/jdk.internal.util.Preconditions.outOfBoundsCheckIndex(Preconditions.java:70)
       java.base/jdk.internal.util.Preconditions.checkIndex(Preconditions.java:266)
       java.base/java.util.Objects.checkIndex(Objects.java:359)
       java.base/java.util.ArrayList.remove(ArrayList.java:504)
       board.Display.removeElement(Display.java:19)
       board.PlayerTest.setUpBefore(PlayerTest.java:37)
       jdk.internal.reflect.GeneratedMethodAccessor1.invoke(Unknown Source)
       java.base/jdk.internal.reflect.DelegatingMethodAccessorImpl.invoke(DelegatingMethodAccessorImpl.java:43)
       java.base/java.lang.reflect.Method.invoke(Method.java:568)
       [...]
  JUnit Jupiter:PlayerTest:takeFromForest_17_checkhand(int):[4] 4
    MethodSource [className = 'board.PlayerTest', methodName = 'takeFromForest_17_checkhand', methodParameterTypes = 'int']
    => java.lang.IndexOutOfBoundsException: Index 0 out of bounds for length 0
       java.base/jdk.internal.util.Preconditions.outOfBounds(Preconditions.java:64)
       java.base/jdk.internal.util.Preconditions.outOfBoundsCheckIndex(Preconditions.java:70)
       java.base/jdk.internal.util.Preconditions.checkIndex(Preconditions.java:266)
       java.base/java.util.Objects.checkIndex(Objects.java:359)
       java.base/java.util.ArrayList.remove(ArrayList.java:504)
       board.Display.removeElement(Display.java:19)
       board.PlayerTest.setUpBefore(PlayerTest.java:37)
       jdk.internal.reflect.GeneratedMethodAccessor1.invoke(Unknown Source)
       java.base/jdk.internal.reflect.DelegatingMethodAccessorImpl.invoke(DelegatingMethodAccessorImpl.java:43)
       java.base/java.lang.reflect.Method.invoke(Method.java:568)
       [...]
  JUnit Jupiter:PlayerTest:takeFromForest_17_checkhand(int):[5] 5
    MethodSource [className = 'board.PlayerTest', methodName = 'takeFromForest_17_checkhand', methodParameterTypes = 'int']
    => java.lang.IndexOutOfBoundsException: Index 0 out of bounds for length 0
       java.base/jdk.internal.util.Preconditions.outOfBounds(Preconditions.java:64)
       java.base/jdk.internal.util.Preconditions.outOfBoundsCheckIndex(Preconditions.java:70)
       java.base/jdk.internal.util.Preconditions.checkIndex(Preconditions.java:266)
       java.base/java.util.Objects.checkIndex(Objects.java:359)
       java.base/java.util.ArrayList.remove(ArrayList.java:504)
       board.Display.removeElement(Display.java:19)
       board.PlayerTest.setUpBefore(PlayerTest.java:37)
       jdk.internal.reflect.GeneratedMethodAccessor1.invoke(Unknown Source)
       java.base/jdk.internal.reflect.DelegatingMethodAccessorImpl.invoke(DelegatingMethodAccessorImpl.java:43)
       java.base/java.lang.reflect.Method.invoke(Method.java:568)
       [...]
  JUnit Jupiter:PlayerTest:takeFromForest_17_checkhand(int):[6] 6
    MethodSource [className = 'board.PlayerTest', methodName = 'takeFromForest_17_checkhand', methodParameterTypes = 'int']
    => java.lang.IndexOutOfBoundsException: Index 0 out of bounds for length 0
       java.base/jdk.internal.util.Preconditions.outOfBounds(Preconditions.java:64)
       java.base/jdk.internal.util.Preconditions.outOfBoundsCheckIndex(Preconditions.java:70)
       java.base/jdk.internal.util.Preconditions.checkIndex(Preconditions.java:266)
       java.base/java.util.Objects.checkIndex(Objects.java:359)
       java.base/java.util.ArrayList.remove(ArrayList.java:504)
       board.Display.removeElement(Display.java:19)
       board.PlayerTest.setUpBefore(PlayerTest.java:37)
       jdk.internal.reflect.GeneratedMethodAccessor1.invoke(Unknown Source)
       java.base/jdk.internal.reflect.DelegatingMethodAccessorImpl.invoke(DelegatingMethodAccessorImpl.java:43)
       java.base/java.lang.reflect.Method.invoke(Method.java:568)
       [...]
  JUnit Jupiter:PlayerTest:takeFromForest_17_checkhand(int):[7] 7
    MethodSource [className = 'board.PlayerTest', methodName = 'takeFromForest_17_checkhand', methodParameterTypes = 'int']
    => java.lang.IndexOutOfBoundsException: Index 0 out of bounds for length 0
       java.base/jdk.internal.util.Preconditions.outOfBounds(Preconditions.java:64)
       java.base/jdk.internal.util.Preconditions.outOfBoundsCheckIndex(Preconditions.java:70)
       java.base/jdk.internal.util.Preconditions.checkIndex(Preconditions.java:266)
       java.base/java.util.Objects.checkIndex(Objects.java:359)
       java.base/java.util.ArrayList.remove(ArrayList.java:504)
       board.Display.removeElement(Display.java:19)
       board.PlayerTest.setUpBefore(PlayerTest.java:37)
       jdk.internal.reflect.GeneratedMethodAccessor1.invoke(Unknown Source)
       java.base/jdk.internal.reflect.DelegatingMethodAccessorImpl.invoke(DelegatingMethodAccessorImpl.java:43)
       java.base/java.lang.reflect.Method.invoke(Method.java:568)
       [...]
  JUnit Jupiter:PlayerTest:cookMushroomsNotEnough0withPanonD()
    MethodSource [className = 'board.PlayerTest', methodName = 'cookMushroomsNotEnough0withPanonD', methodParameterTypes = '']
    => java.lang.IndexOutOfBoundsException: Index 0 out of bounds for length 0
       java.base/jdk.internal.util.Preconditions.outOfBounds(Preconditions.java:64)
       java.base/jdk.internal.util.Preconditions.outOfBoundsCheckIndex(Preconditions.java:70)
       java.base/jdk.internal.util.Preconditions.checkIndex(Preconditions.java:266)
       java.base/java.util.Objects.checkIndex(Objects.java:359)
       java.base/java.util.ArrayList.remove(ArrayList.java:504)
       board.Display.removeElement(Display.java:19)
       board.PlayerTest.setUpBefore(PlayerTest.java:37)
       jdk.internal.reflect.GeneratedMethodAccessor1.invoke(Unknown Source)
       java.base/jdk.internal.reflect.DelegatingMethodAccessorImpl.invoke(DelegatingMethodAccessorImpl.java:43)
       java.base/java.lang.reflect.Method.invoke(Method.java:568)
       [...]
  JUnit Jupiter:PlayerTest:cookMushroomsNotEnough0withPanonH()
    MethodSource [className = 'board.PlayerTest', methodName = 'cookMushroomsNotEnough0withPanonH', methodParameterTypes = '']
    => java.lang.IndexOutOfBoundsException: Index 0 out of bounds for length 0
       java.base/jdk.internal.util.Preconditions.outOfBounds(Preconditions.java:64)
       java.base/jdk.internal.util.Preconditions.outOfBoundsCheckIndex(Preconditions.java:70)
       java.base/jdk.internal.util.Preconditions.checkIndex(Preconditions.java:266)
       java.base/java.util.Objects.checkIndex(Objects.java:359)
       java.base/java.util.ArrayList.remove(ArrayList.java:504)
       board.Display.removeElement(Display.java:19)
       board.PlayerTest.setUpBefore(PlayerTest.java:37)
       jdk.internal.reflect.GeneratedMethodAccessor1.invoke(Unknown Source)
       java.base/jdk.internal.reflect.DelegatingMethodAccessorImpl.invoke(DelegatingMethodAccessorImpl.java:43)
       java.base/java.lang.reflect.Method.invoke(Method.java:568)
       [...]
  JUnit Jupiter:PlayerTest:takeFromForest_17_checkhand_fail_hsize(int):[1] 1
    MethodSource [className = 'board.PlayerTest', methodName = 'takeFromForest_17_checkhand_fail_hsize', methodParameterTypes = 'int']
    => java.lang.IndexOutOfBoundsException: Index 0 out of bounds for length 0
       java.base/jdk.internal.util.Preconditions.outOfBounds(Preconditions.java:64)
       java.base/jdk.internal.util.Preconditions.outOfBoundsCheckIndex(Preconditions.java:70)
       java.base/jdk.internal.util.Preconditions.checkIndex(Preconditions.java:266)
       java.base/java.util.Objects.checkIndex(Objects.java:359)
       java.base/java.util.ArrayList.remove(ArrayList.java:504)
       board.Display.removeElement(Display.java:19)
       board.PlayerTest.setUpBefore(PlayerTest.java:37)
       jdk.internal.reflect.GeneratedMethodAccessor1.invoke(Unknown Source)
       java.base/jdk.internal.reflect.DelegatingMethodAccessorImpl.invoke(DelegatingMethodAccessorImpl.java:43)
       java.base/java.lang.reflect.Method.invoke(Method.java:568)
       [...]
  JUnit Jupiter:PlayerTest:takeFromForest_17_checkhand_fail_hsize(int):[2] 2
    MethodSource [className = 'board.PlayerTest', methodName = 'takeFromForest_17_checkhand_fail_hsize', methodParameterTypes = 'int']
    => java.lang.IndexOutOfBoundsException: Index 0 out of bounds for length 0
       java.base/jdk.internal.util.Preconditions.outOfBounds(Preconditions.java:64)
       java.base/jdk.internal.util.Preconditions.outOfBoundsCheckIndex(Preconditions.java:70)
       java.base/jdk.internal.util.Preconditions.checkIndex(Preconditions.java:266)
       java.base/java.util.Objects.checkIndex(Objects.java:359)
       java.base/java.util.ArrayList.remove(ArrayList.java:504)
       board.Display.removeElement(Display.java:19)
       board.PlayerTest.setUpBefore(PlayerTest.java:37)
       jdk.internal.reflect.GeneratedMethodAccessor1.invoke(Unknown Source)
       java.base/jdk.internal.reflect.DelegatingMethodAccessorImpl.invoke(DelegatingMethodAccessorImpl.java:43)
       java.base/java.lang.reflect.Method.invoke(Method.java:568)
       [...]
  JUnit Jupiter:PlayerTest:takeFromForest_17_checkhand_fail_hsize(int):[3] 3
    MethodSource [className = 'board.PlayerTest', methodName = 'takeFromForest_17_checkhand_fail_hsize', methodParameterTypes = 'int']
    => java.lang.IndexOutOfBoundsException: Index 0 out of bounds for length 0
       java.base/jdk.internal.util.Preconditions.outOfBounds(Preconditions.java:64)
       java.base/jdk.internal.util.Preconditions.outOfBoundsCheckIndex(Preconditions.java:70)
       java.base/jdk.internal.util.Preconditions.checkIndex(Preconditions.java:266)
       java.base/java.util.Objects.checkIndex(Objects.java:359)
       java.base/java.util.ArrayList.remove(ArrayList.java:504)
       board.Display.removeElement(Display.java:19)
       board.PlayerTest.setUpBefore(PlayerTest.java:37)
       jdk.internal.reflect.GeneratedMethodAccessor1.invoke(Unknown Source)
       java.base/jdk.internal.reflect.DelegatingMethodAccessorImpl.invoke(DelegatingMethodAccessorImpl.java:43)
       java.base/java.lang.reflect.Method.invoke(Method.java:568)
       [...]
  JUnit Jupiter:PlayerTest:takeFromForest_17_checkhand_fail_hsize(int):[4] 4
    MethodSource [className = 'board.PlayerTest', methodName = 'takeFromForest_17_checkhand_fail_hsize', methodParameterTypes = 'int']
    => java.lang.IndexOutOfBoundsException: Index 0 out of bounds for length 0
       java.base/jdk.internal.util.Preconditions.outOfBounds(Preconditions.java:64)
       java.base/jdk.internal.util.Preconditions.outOfBoundsCheckIndex(Preconditions.java:70)
       java.base/jdk.internal.util.Preconditions.checkIndex(Preconditions.java:266)
       java.base/java.util.Objects.checkIndex(Objects.java:359)
       java.base/java.util.ArrayList.remove(ArrayList.java:504)
       board.Display.removeElement(Display.java:19)
       board.PlayerTest.setUpBefore(PlayerTest.java:37)
       jdk.internal.reflect.GeneratedMethodAccessor1.invoke(Unknown Source)
       java.base/jdk.internal.reflect.DelegatingMethodAccessorImpl.invoke(DelegatingMethodAccessorImpl.java:43)
       java.base/java.lang.reflect.Method.invoke(Method.java:568)
       [...]
  JUnit Jupiter:PlayerTest:takeFromForest_17_checkhand_fail_hsize(int):[5] 5
    MethodSource [className = 'board.PlayerTest', methodName = 'takeFromForest_17_checkhand_fail_hsize', methodParameterTypes = 'int']
    => java.lang.IndexOutOfBoundsException: Index 0 out of bounds for length 0
       java.base/jdk.internal.util.Preconditions.outOfBounds(Preconditions.java:64)
       java.base/jdk.internal.util.Preconditions.outOfBoundsCheckIndex(Preconditions.java:70)
       java.base/jdk.internal.util.Preconditions.checkIndex(Preconditions.java:266)
       java.base/java.util.Objects.checkIndex(Objects.java:359)
       java.base/java.util.ArrayList.remove(ArrayList.java:504)
       board.Display.removeElement(Display.java:19)
       board.PlayerTest.setUpBefore(PlayerTest.java:37)
       jdk.internal.reflect.GeneratedMethodAccessor1.invoke(Unknown Source)
       java.base/jdk.internal.reflect.DelegatingMethodAccessorImpl.invoke(DelegatingMethodAccessorImpl.java:43)
       java.base/java.lang.reflect.Method.invoke(Method.java:568)
       [...]
  JUnit Jupiter:PlayerTest:takeFromForest_17_checkhand_fail_hsize(int):[6] 6
    MethodSource [className = 'board.PlayerTest', methodName = 'takeFromForest_17_checkhand_fail_hsize', methodParameterTypes = 'int']
    => java.lang.IndexOutOfBoundsException: Index 0 out of bounds for length 0
       java.base/jdk.internal.util.Preconditions.outOfBounds(Preconditions.java:64)
       java.base/jdk.internal.util.Preconditions.outOfBoundsCheckIndex(Preconditions.java:70)
       java.base/jdk.internal.util.Preconditions.checkIndex(Preconditions.java:266)
       java.base/java.util.Objects.checkIndex(Objects.java:359)
       java.base/java.util.ArrayList.remove(ArrayList.java:504)
       board.Display.removeElement(Display.java:19)
       board.PlayerTest.setUpBefore(PlayerTest.java:37)
       jdk.internal.reflect.GeneratedMethodAccessor1.invoke(Unknown Source)
       java.base/jdk.internal.reflect.DelegatingMethodAccessorImpl.invoke(DelegatingMethodAccessorImpl.java:43)
       java.base/java.lang.reflect.Method.invoke(Method.java:568)
       [...]
  JUnit Jupiter:PlayerTest:takeFromForest_17_checkhand_fail_hsize(int):[7] 7
    MethodSource [className = 'board.PlayerTest', methodName = 'takeFromForest_17_checkhand_fail_hsize', methodParameterTypes = 'int']
    => java.lang.IndexOutOfBoundsException: Index 0 out of bounds for length 0
       java.base/jdk.internal.util.Preconditions.outOfBounds(Preconditions.java:64)
       java.base/jdk.internal.util.Preconditions.outOfBoundsCheckIndex(Preconditions.java:70)
       java.base/jdk.internal.util.Preconditions.checkIndex(Preconditions.java:266)
       java.base/java.util.Objects.checkIndex(Objects.java:359)
       java.base/java.util.ArrayList.remove(ArrayList.java:504)
       board.Display.removeElement(Display.java:19)
       board.PlayerTest.setUpBefore(PlayerTest.java:37)
       jdk.internal.reflect.GeneratedMethodAccessor1.invoke(Unknown Source)
       java.base/jdk.internal.reflect.DelegatingMethodAccessorImpl.invoke(DelegatingMethodAccessorImpl.java:43)
       java.base/java.lang.reflect.Method.invoke(Method.java:568)
       [...]
  JUnit Jupiter:PlayerTest:decayPileUpdateWhenFull()
    MethodSource [className = 'board.PlayerTest', methodName = 'decayPileUpdateWhenFull', methodParameterTypes = '']
    => java.lang.IndexOutOfBoundsException: Index 0 out of bounds for length 0
       java.base/jdk.internal.util.Preconditions.outOfBounds(Preconditions.java:64)
       java.base/jdk.internal.util.Preconditions.outOfBoundsCheckIndex(Preconditions.java:70)
       java.base/jdk.internal.util.Preconditions.checkIndex(Preconditions.java:266)
       java.base/java.util.Objects.checkIndex(Objects.java:359)
       java.base/java.util.ArrayList.remove(ArrayList.java:504)
       board.Display.removeElement(Display.java:19)
       board.PlayerTest.setUpBefore(PlayerTest.java:37)
       jdk.internal.reflect.GeneratedMethodAccessor1.invoke(Unknown Source)
       java.base/jdk.internal.reflect.DelegatingMethodAccessorImpl.invoke(DelegatingMethodAccessorImpl.java:43)
       java.base/java.lang.reflect.Method.invoke(Method.java:568)
       [...]
  JUnit Jupiter:PlayerTest:cookMushroomsButter1Score()
    MethodSource [className = 'board.PlayerTest', methodName = 'cookMushroomsButter1Score', methodParameterTypes = '']
    => java.lang.IndexOutOfBoundsException: Index 0 out of bounds for length 0
       java.base/jdk.internal.util.Preconditions.outOfBounds(Preconditions.java:64)
       java.base/jdk.internal.util.Preconditions.outOfBoundsCheckIndex(Preconditions.java:70)
       java.base/jdk.internal.util.Preconditions.checkIndex(Preconditions.java:266)
       java.base/java.util.Objects.checkIndex(Objects.java:359)
       java.base/java.util.ArrayList.remove(ArrayList.java:504)
       board.Display.removeElement(Display.java:19)
       board.PlayerTest.setUpBefore(PlayerTest.java:37)
       jdk.internal.reflect.GeneratedMethodAccessor1.invoke(Unknown Source)
       java.base/jdk.internal.reflect.DelegatingMethodAccessorImpl.invoke(DelegatingMethodAccessorImpl.java:43)
       java.base/java.lang.reflect.Method.invoke(Method.java:568)
       [...]
  JUnit Jupiter:PlayerTest:cookMushroomsButter2Score()
    MethodSource [className = 'board.PlayerTest', methodName = 'cookMushroomsButter2Score', methodParameterTypes = '']
    => java.lang.IndexOutOfBoundsException: Index 0 out of bounds for length 0
       java.base/jdk.internal.util.Preconditions.outOfBounds(Preconditions.java:64)
       java.base/jdk.internal.util.Preconditions.outOfBoundsCheckIndex(Preconditions.java:70)
       java.base/jdk.internal.util.Preconditions.checkIndex(Preconditions.java:266)
       java.base/java.util.Objects.checkIndex(Objects.java:359)
       java.base/java.util.ArrayList.remove(ArrayList.java:504)
       board.Display.removeElement(Display.java:19)
       board.PlayerTest.setUpBefore(PlayerTest.java:37)
       jdk.internal.reflect.GeneratedMethodAccessor1.invoke(Unknown Source)
       java.base/jdk.internal.reflect.DelegatingMethodAccessorImpl.invoke(DelegatingMethodAccessorImpl.java:43)
       java.base/java.lang.reflect.Method.invoke(Method.java:568)
       [...]
  JUnit Jupiter:PlayerTest:cookMushroomsEnoughPanonDisplayNonEd()
    MethodSource [className = 'board.PlayerTest', methodName = 'cookMushroomsEnoughPanonDisplayNonEd', methodParameterTypes = '']
    => java.lang.IndexOutOfBoundsException: Index 0 out of bounds for length 0
       java.base/jdk.internal.util.Preconditions.outOfBounds(Preconditions.java:64)
       java.base/jdk.internal.util.Preconditions.outOfBoundsCheckIndex(Preconditions.java:70)
       java.base/jdk.internal.util.Preconditions.checkIndex(Preconditions.java:266)
       java.base/java.util.Objects.checkIndex(Objects.java:359)
       java.base/java.util.ArrayList.remove(ArrayList.java:504)
       board.Display.removeElement(Display.java:19)
       board.PlayerTest.setUpBefore(PlayerTest.java:37)
       jdk.internal.reflect.GeneratedMethodAccessor1.invoke(Unknown Source)
       java.base/jdk.internal.reflect.DelegatingMethodAccessorImpl.invoke(DelegatingMethodAccessorImpl.java:43)
       java.base/java.lang.reflect.Method.invoke(Method.java:568)
       [...]
  JUnit Vintage:ForestTest:numberOfDayMushroomCardsAfterCardSetUp
    MethodSource [className = 'board.ForestTest', methodName = 'numberOfDayMushroomCardsAfterCardSetUp', methodParameterTypes = '']
    => java.lang.AssertionError: expected:<81> but was:<79>
       org.junit.Assert.fail(Assert.java:88)
       org.junit.Assert.failNotEquals(Assert.java:834)
       org.junit.Assert.assertEquals(Assert.java:645)
       org.junit.Assert.assertEquals(Assert.java:631)
       board.ForestTest.numberOfDayMushroomCardsAfterCardSetUp(ForestTest.java:26)
       java.base/jdk.internal.reflect.NativeMethodAccessorImpl.invoke0(Native Method)
       java.base/jdk.internal.reflect.NativeMethodAccessorImpl.invoke(NativeMethodAccessorImpl.java:77)
       java.base/jdk.internal.reflect.DelegatingMethodAccessorImpl.invoke(DelegatingMethodAccessorImpl.java:43)
       java.base/java.lang.reflect.Method.invoke(Method.java:568)
       org.junit.runners.model.FrameworkMethod$1.runReflectiveCall(FrameworkMethod.java:50)
       [...]

Test run finished after 310 ms
[        55 containers found      ]
[         0 containers skipped    ]
[        55 containers started    ]
[         0 containers aborted    ]
[        55 containers successful ]
[         0 containers failed     ]
[       310 tests found           ]
[         0 tests skipped         ]
[       310 tests started         ]
[         0 tests aborted         ]
[        27 tests successful      ]
[       283 tests failed          ]

